=== RUN   TestAccActionExecution_Response
=== PAUSE TestAccActionExecution_Response
=== CONT  TestAccActionExecution_Response
2025-11-12T10:08:45.042+0700 [DEBUG] sdk.helper_resource: Starting TestCase: test_name=TestAccActionExecution_Response
2025-11-12T10:08:45.044+0700 [DEBUG] sdk.helper_resource: Found Terraform CLI: test_name=TestAccActionExecution_Response test_terraform_path=/Users/mridang/Code/zitadel/terraform-provider-zitadel/.devbox/nix/profile/default/bin/terraform
2025-11-12T10:08:45.077+0700 [DEBUG] sdk.helper_resource: Creating tfprotov6 provider instance: test_name=TestAccActionExecution_Response tf_provider_addr=registry.terraform.io/hashicorp/zitadel test_terraform_path=/Users/mridang/Code/zitadel/terraform-provider-zitadel/.devbox/nix/profile/default/bin/terraform test_working_directory=/var/folders/zb/bthr58b10pg5xj_pbtlb4jzc0000gn/T/plugintest1905966558
2025-11-12T10:08:45.078+0700 [DEBUG] sdk.helper_resource: Created tfprotov6 provider instance: test_name=TestAccActionExecution_Response test_terraform_path=/Users/mridang/Code/zitadel/terraform-provider-zitadel/.devbox/nix/profile/default/bin/terraform test_working_directory=/var/folders/zb/bthr58b10pg5xj_pbtlb4jzc0000gn/T/plugintest1905966558 tf_provider_addr=registry.terraform.io/hashicorp/zitadel
2025-11-12T10:08:45.078+0700 [DEBUG] sdk.helper_resource: Starting tfprotov6 provider instance server: test_name=TestAccActionExecution_Response test_terraform_path=/Users/mridang/Code/zitadel/terraform-provider-zitadel/.devbox/nix/profile/default/bin/terraform test_working_directory=/var/folders/zb/bthr58b10pg5xj_pbtlb4jzc0000gn/T/plugintest1905966558 tf_provider_addr=registry.terraform.io/hashicorp/zitadel
2025-11-12T10:08:45.079+0700 [DEBUG] sdk.helper_resource: Started tfprotov6 provider instance server: test_name=TestAccActionExecution_Response test_terraform_path=/Users/mridang/Code/zitadel/terraform-provider-zitadel/.devbox/nix/profile/default/bin/terraform test_working_directory=/var/folders/zb/bthr58b10pg5xj_pbtlb4jzc0000gn/T/plugintest1905966558 tf_provider_addr=registry.terraform.io/hashicorp/zitadel
2025-11-12T10:08:45.108+0700 [DEBUG] sdk.helper_resource: Stopping providers: test_name=TestAccActionExecution_Response test_terraform_path=/Users/mridang/Code/zitadel/terraform-provider-zitadel/.devbox/nix/profile/default/bin/terraform test_working_directory=/var/folders/zb/bthr58b10pg5xj_pbtlb4jzc0000gn/T/plugintest1905966558
2025-11-12T10:08:45.108+0700 [DEBUG] sdk.helper_resource: Starting TestSteps: test_terraform_path=/Users/mridang/Code/zitadel/terraform-provider-zitadel/.devbox/nix/profile/default/bin/terraform test_working_directory=/var/folders/zb/bthr58b10pg5xj_pbtlb4jzc0000gn/T/plugintest1905966558 test_name=TestAccActionExecution_Response
2025-11-12T10:08:45.108+0700 [DEBUG] sdk.helper_resource: Starting TestStep: test_name=TestAccActionExecution_Response test_terraform_path=/Users/mridang/Code/zitadel/terraform-provider-zitadel/.devbox/nix/profile/default/bin/terraform test_working_directory=/var/folders/zb/bthr58b10pg5xj_pbtlb4jzc0000gn/T/plugintest1905966558 test_step_number=1
2025-11-12T10:08:45.108+0700 [DEBUG] sdk.helper_resource: Creating tfprotov6 provider instance: test_step_number=1 test_name=TestAccActionExecution_Response test_terraform_path=/Users/mridang/Code/zitadel/terraform-provider-zitadel/.devbox/nix/profile/default/bin/terraform test_working_directory=/var/folders/zb/bthr58b10pg5xj_pbtlb4jzc0000gn/T/plugintest1905966558 tf_provider_addr=registry.terraform.io/hashicorp/zitadel
2025-11-12T10:08:45.110+0700 [DEBUG] sdk.helper_resource: Created tfprotov6 provider instance: test_name=TestAccActionExecution_Response test_terraform_path=/Users/mridang/Code/zitadel/terraform-provider-zitadel/.devbox/nix/profile/default/bin/terraform test_working_directory=/var/folders/zb/bthr58b10pg5xj_pbtlb4jzc0000gn/T/plugintest1905966558 test_step_number=1 tf_provider_addr=registry.terraform.io/hashicorp/zitadel
2025-11-12T10:08:45.110+0700 [DEBUG] sdk.helper_resource: Starting tfprotov6 provider instance server: tf_provider_addr=registry.terraform.io/hashicorp/zitadel test_name=TestAccActionExecution_Response test_terraform_path=/Users/mridang/Code/zitadel/terraform-provider-zitadel/.devbox/nix/profile/default/bin/terraform test_working_directory=/var/folders/zb/bthr58b10pg5xj_pbtlb4jzc0000gn/T/plugintest1905966558 test_step_number=1
2025-11-12T10:08:45.111+0700 [DEBUG] sdk.helper_resource: Started tfprotov6 provider instance server: test_step_number=1 tf_provider_addr=registry.terraform.io/hashicorp/zitadel test_name=TestAccActionExecution_Response test_terraform_path=/Users/mridang/Code/zitadel/terraform-provider-zitadel/.devbox/nix/profile/default/bin/terraform test_working_directory=/var/folders/zb/bthr58b10pg5xj_pbtlb4jzc0000gn/T/plugintest1905966558
2025-11-12T10:08:45.152+0700 [DEBUG] sdk.framework: Calling provider defined Type Validate: tf_attribute_path=domain tf_rpc=ValidateProviderConfig tf_req_id=a494ebd6-3f00-70f6-3008-28bfdb80b562 tf_provider_addr=registry.terraform.io/hashicorp/zitadel tf_mux_provider="*proto6server.Server"
2025-11-12T10:08:45.152+0700 [DEBUG] sdk.framework: Called provider defined Type Validate: tf_req_id=a494ebd6-3f00-70f6-3008-28bfdb80b562 tf_provider_addr=registry.terraform.io/hashicorp/zitadel tf_mux_provider="*proto6server.Server" tf_attribute_path=domain tf_rpc=ValidateProviderConfig
2025-11-12T10:08:45.152+0700 [DEBUG] sdk.framework: Calling provider defined Type Validate: tf_mux_provider="*proto6server.Server" tf_rpc=ValidateProviderConfig tf_req_id=a494ebd6-3f00-70f6-3008-28bfdb80b562 tf_provider_addr=registry.terraform.io/hashicorp/zitadel tf_attribute_path=insecure
2025-11-12T10:08:45.152+0700 [DEBUG] sdk.framework: Called provider defined Type Validate: tf_mux_provider="*proto6server.Server" tf_rpc=ValidateProviderConfig tf_req_id=a494ebd6-3f00-70f6-3008-28bfdb80b562 tf_provider_addr=registry.terraform.io/hashicorp/zitadel tf_attribute_path=insecure
2025-11-12T10:08:45.152+0700 [DEBUG] sdk.framework: Calling provider defined Type Validate: tf_attribute_path=token tf_rpc=ValidateProviderConfig tf_req_id=a494ebd6-3f00-70f6-3008-28bfdb80b562 tf_provider_addr=registry.terraform.io/hashicorp/zitadel tf_mux_provider="*proto6server.Server"
2025-11-12T10:08:45.152+0700 [DEBUG] sdk.framework: Called provider defined Type Validate: tf_req_id=a494ebd6-3f00-70f6-3008-28bfdb80b562 tf_provider_addr=registry.terraform.io/hashicorp/zitadel tf_mux_provider="*proto6server.Server" tf_attribute_path=token tf_rpc=ValidateProviderConfig
2025-11-12T10:08:45.152+0700 [DEBUG] sdk.framework: Calling provider defined Type Validate: tf_provider_addr=registry.terraform.io/hashicorp/zitadel tf_attribute_path=jwt_file tf_mux_provider="*proto6server.Server" tf_rpc=ValidateProviderConfig tf_req_id=a494ebd6-3f00-70f6-3008-28bfdb80b562
2025-11-12T10:08:45.152+0700 [DEBUG] sdk.framework: Called provider defined Type Validate: tf_attribute_path=jwt_file tf_mux_provider="*proto6server.Server" tf_rpc=ValidateProviderConfig tf_req_id=a494ebd6-3f00-70f6-3008-28bfdb80b562 tf_provider_addr=registry.terraform.io/hashicorp/zitadel
2025-11-12T10:08:45.152+0700 [DEBUG] sdk.framework: Calling provider defined Type Validate: tf_rpc=ValidateProviderConfig tf_req_id=a494ebd6-3f00-70f6-3008-28bfdb80b562 tf_provider_addr=registry.terraform.io/hashicorp/zitadel tf_mux_provider="*proto6server.Server" tf_attribute_path=jwt_profile_file
2025-11-12T10:08:45.152+0700 [DEBUG] sdk.framework: Called provider defined Type Validate: tf_attribute_path=jwt_profile_file tf_rpc=ValidateProviderConfig tf_req_id=a494ebd6-3f00-70f6-3008-28bfdb80b562 tf_provider_addr=registry.terraform.io/hashicorp/zitadel tf_mux_provider="*proto6server.Server"
2025-11-12T10:08:45.152+0700 [DEBUG] sdk.framework: Calling provider defined Type Validate: tf_provider_addr=registry.terraform.io/hashicorp/zitadel tf_mux_provider="*proto6server.Server" tf_rpc=ValidateProviderConfig tf_attribute_path=jwt_profile_json tf_req_id=a494ebd6-3f00-70f6-3008-28bfdb80b562
2025-11-12T10:08:45.152+0700 [DEBUG] sdk.framework: Called provider defined Type Validate: tf_attribute_path=jwt_profile_json tf_req_id=a494ebd6-3f00-70f6-3008-28bfdb80b562 tf_provider_addr=registry.terraform.io/hashicorp/zitadel tf_mux_provider="*proto6server.Server" tf_rpc=ValidateProviderConfig
2025-11-12T10:08:45.152+0700 [DEBUG] sdk.framework: Calling provider defined Type Validate: tf_attribute_path=port tf_req_id=a494ebd6-3f00-70f6-3008-28bfdb80b562 tf_provider_addr=registry.terraform.io/hashicorp/zitadel tf_mux_provider="*proto6server.Server" tf_rpc=ValidateProviderConfig
2025-11-12T10:08:45.152+0700 [DEBUG] sdk.framework: Called provider defined Type Validate: tf_req_id=a494ebd6-3f00-70f6-3008-28bfdb80b562 tf_provider_addr=registry.terraform.io/hashicorp/zitadel tf_mux_provider="*proto6server.Server" tf_rpc=ValidateProviderConfig tf_attribute_path=port
2025-11-12T10:08:45.159+0700 [DEBUG] sdk.framework: Calling provider defined Type Validate: tf_req_id=c5636a92-e5e2-a0be-18e8-9fd3ed8c82b3 tf_mux_provider="*proto6server.Server" tf_attribute_path=jwt_profile_file tf_provider_addr=registry.terraform.io/hashicorp/zitadel tf_rpc=ValidateProviderConfig
2025-11-12T10:08:45.159+0700 [DEBUG] sdk.framework: Called provider defined Type Validate: tf_rpc=ValidateProviderConfig tf_req_id=c5636a92-e5e2-a0be-18e8-9fd3ed8c82b3 tf_mux_provider="*proto6server.Server" tf_attribute_path=jwt_profile_file tf_provider_addr=registry.terraform.io/hashicorp/zitadel
2025-11-12T10:08:45.159+0700 [DEBUG] sdk.framework: Calling provider defined Type Validate: tf_mux_provider="*proto6server.Server" tf_attribute_path=jwt_profile_json tf_provider_addr=registry.terraform.io/hashicorp/zitadel tf_rpc=ValidateProviderConfig tf_req_id=c5636a92-e5e2-a0be-18e8-9fd3ed8c82b3
2025-11-12T10:08:45.159+0700 [DEBUG] sdk.framework: Called provider defined Type Validate: tf_req_id=c5636a92-e5e2-a0be-18e8-9fd3ed8c82b3 tf_mux_provider="*proto6server.Server" tf_attribute_path=jwt_profile_json tf_provider_addr=registry.terraform.io/hashicorp/zitadel tf_rpc=ValidateProviderConfig
2025-11-12T10:08:45.159+0700 [DEBUG] sdk.framework: Calling provider defined Type Validate: tf_attribute_path=port tf_provider_addr=registry.terraform.io/hashicorp/zitadel tf_rpc=ValidateProviderConfig tf_req_id=c5636a92-e5e2-a0be-18e8-9fd3ed8c82b3 tf_mux_provider="*proto6server.Server"
2025-11-12T10:08:45.159+0700 [DEBUG] sdk.framework: Called provider defined Type Validate: tf_provider_addr=registry.terraform.io/hashicorp/zitadel tf_rpc=ValidateProviderConfig tf_req_id=c5636a92-e5e2-a0be-18e8-9fd3ed8c82b3 tf_mux_provider="*proto6server.Server" tf_attribute_path=port
2025-11-12T10:08:45.159+0700 [DEBUG] sdk.framework: Calling provider defined Type Validate: tf_req_id=c5636a92-e5e2-a0be-18e8-9fd3ed8c82b3 tf_mux_provider="*proto6server.Server" tf_attribute_path=domain tf_provider_addr=registry.terraform.io/hashicorp/zitadel tf_rpc=ValidateProviderConfig
2025-11-12T10:08:45.159+0700 [DEBUG] sdk.framework: Called provider defined Type Validate: tf_attribute_path=domain tf_provider_addr=registry.terraform.io/hashicorp/zitadel tf_rpc=ValidateProviderConfig tf_req_id=c5636a92-e5e2-a0be-18e8-9fd3ed8c82b3 tf_mux_provider="*proto6server.Server"
2025-11-12T10:08:45.159+0700 [DEBUG] sdk.framework: Calling provider defined Type Validate: tf_provider_addr=registry.terraform.io/hashicorp/zitadel tf_rpc=ValidateProviderConfig tf_req_id=c5636a92-e5e2-a0be-18e8-9fd3ed8c82b3 tf_mux_provider="*proto6server.Server" tf_attribute_path=insecure
2025-11-12T10:08:45.159+0700 [DEBUG] sdk.framework: Called provider defined Type Validate: tf_mux_provider="*proto6server.Server" tf_attribute_path=insecure tf_provider_addr=registry.terraform.io/hashicorp/zitadel tf_rpc=ValidateProviderConfig tf_req_id=c5636a92-e5e2-a0be-18e8-9fd3ed8c82b3
2025-11-12T10:08:45.159+0700 [DEBUG] sdk.framework: Calling provider defined Type Validate: tf_provider_addr=registry.terraform.io/hashicorp/zitadel tf_rpc=ValidateProviderConfig tf_req_id=c5636a92-e5e2-a0be-18e8-9fd3ed8c82b3 tf_mux_provider="*proto6server.Server" tf_attribute_path=token
2025-11-12T10:08:45.159+0700 [DEBUG] sdk.framework: Called provider defined Type Validate: tf_req_id=c5636a92-e5e2-a0be-18e8-9fd3ed8c82b3 tf_mux_provider="*proto6server.Server" tf_attribute_path=token tf_provider_addr=registry.terraform.io/hashicorp/zitadel tf_rpc=ValidateProviderConfig
2025-11-12T10:08:45.159+0700 [DEBUG] sdk.framework: Calling provider defined Type Validate: tf_req_id=c5636a92-e5e2-a0be-18e8-9fd3ed8c82b3 tf_mux_provider="*proto6server.Server" tf_attribute_path=jwt_file tf_provider_addr=registry.terraform.io/hashicorp/zitadel tf_rpc=ValidateProviderConfig
2025-11-12T10:08:45.159+0700 [DEBUG] sdk.framework: Called provider defined Type Validate: tf_provider_addr=registry.terraform.io/hashicorp/zitadel tf_rpc=ValidateProviderConfig tf_req_id=c5636a92-e5e2-a0be-18e8-9fd3ed8c82b3 tf_mux_provider="*proto6server.Server" tf_attribute_path=jwt_file
2025-11-12T10:08:45.160+0700 [DEBUG] sdk.framework: Calling provider defined Provider Configure: tf_rpc=ConfigureProvider tf_req_id=745ef8c9-87f4-fb29-288a-b076c59c55ee tf_provider_addr=registry.terraform.io/hashicorp/zitadel tf_mux_provider="*proto6server.Server"
2025-11-12T10:08:45.160+0700 [DEBUG] sdk.framework: Called provider defined Provider Configure: tf_rpc=ConfigureProvider tf_req_id=745ef8c9-87f4-fb29-288a-b076c59c55ee tf_provider_addr=registry.terraform.io/hashicorp/zitadel tf_mux_provider="*proto6server.Server"
2025-11-12T10:08:45.160+0700 [WARN]  sdk.helper_schema: Previously configured provider being re-configured. This can cause issues in concurrent testing if the configurations are not equal.: tf_mux_provider=tf5to6server.v5tov6Server tf_rpc=ConfigureProvider tf_req_id=745ef8c9-87f4-fb29-288a-b076c59c55ee tf_provider_addr=registry.terraform.io/hashicorp/zitadel
2025-11-12T10:08:45.183+0700 [DEBUG] sdk.helper_resource: Stopping providers: test_terraform_path=/Users/mridang/Code/zitadel/terraform-provider-zitadel/.devbox/nix/profile/default/bin/terraform test_working_directory=/var/folders/zb/bthr58b10pg5xj_pbtlb4jzc0000gn/T/plugintest1905966558 test_step_number=1 test_name=TestAccActionExecution_Response
2025-11-12T10:08:45.183+0700 [DEBUG] sdk.helper_resource: Running Terraform CLI plan to check for perpetual differences: test_name=TestAccActionExecution_Response test_terraform_path=/Users/mridang/Code/zitadel/terraform-provider-zitadel/.devbox/nix/profile/default/bin/terraform test_working_directory=/var/folders/zb/bthr58b10pg5xj_pbtlb4jzc0000gn/T/plugintest1905966558 test_step_number=1
2025-11-12T10:08:45.183+0700 [DEBUG] sdk.helper_resource: Creating tfprotov6 provider instance: test_terraform_path=/Users/mridang/Code/zitadel/terraform-provider-zitadel/.devbox/nix/profile/default/bin/terraform test_working_directory=/var/folders/zb/bthr58b10pg5xj_pbtlb4jzc0000gn/T/plugintest1905966558 test_step_number=1 tf_provider_addr=registry.terraform.io/hashicorp/zitadel test_name=TestAccActionExecution_Response
2025-11-12T10:08:45.184+0700 [DEBUG] sdk.helper_resource: Created tfprotov6 provider instance: tf_provider_addr=registry.terraform.io/hashicorp/zitadel test_name=TestAccActionExecution_Response test_terraform_path=/Users/mridang/Code/zitadel/terraform-provider-zitadel/.devbox/nix/profile/default/bin/terraform test_working_directory=/var/folders/zb/bthr58b10pg5xj_pbtlb4jzc0000gn/T/plugintest1905966558 test_step_number=1
2025-11-12T10:08:45.184+0700 [DEBUG] sdk.helper_resource: Starting tfprotov6 provider instance server: test_name=TestAccActionExecution_Response test_terraform_path=/Users/mridang/Code/zitadel/terraform-provider-zitadel/.devbox/nix/profile/default/bin/terraform test_working_directory=/var/folders/zb/bthr58b10pg5xj_pbtlb4jzc0000gn/T/plugintest1905966558 test_step_number=1 tf_provider_addr=registry.terraform.io/hashicorp/zitadel
2025-11-12T10:08:45.184+0700 [DEBUG] sdk.helper_resource: Started tfprotov6 provider instance server: test_working_directory=/var/folders/zb/bthr58b10pg5xj_pbtlb4jzc0000gn/T/plugintest1905966558 test_step_number=1 tf_provider_addr=registry.terraform.io/hashicorp/zitadel test_name=TestAccActionExecution_Response test_terraform_path=/Users/mridang/Code/zitadel/terraform-provider-zitadel/.devbox/nix/profile/default/bin/terraform
2025-11-12T10:08:45.225+0700 [DEBUG] sdk.framework: Calling provider defined Type Validate: tf_rpc=ValidateProviderConfig tf_attribute_path=token tf_req_id=fe089cf2-ced0-fbde-46f9-68d41dd7e526 tf_mux_provider="*proto6server.Server" tf_provider_addr=registry.terraform.io/hashicorp/zitadel
2025-11-12T10:08:45.225+0700 [DEBUG] sdk.framework: Called provider defined Type Validate: tf_req_id=fe089cf2-ced0-fbde-46f9-68d41dd7e526 tf_mux_provider="*proto6server.Server" tf_provider_addr=registry.terraform.io/hashicorp/zitadel tf_rpc=ValidateProviderConfig tf_attribute_path=token
2025-11-12T10:08:45.225+0700 [DEBUG] sdk.framework: Calling provider defined Type Validate: tf_req_id=fe089cf2-ced0-fbde-46f9-68d41dd7e526 tf_mux_provider="*proto6server.Server" tf_attribute_path=jwt_file tf_provider_addr=registry.terraform.io/hashicorp/zitadel tf_rpc=ValidateProviderConfig
2025-11-12T10:08:45.225+0700 [DEBUG] sdk.framework: Called provider defined Type Validate: tf_rpc=ValidateProviderConfig tf_req_id=fe089cf2-ced0-fbde-46f9-68d41dd7e526 tf_mux_provider="*proto6server.Server" tf_attribute_path=jwt_file tf_provider_addr=registry.terraform.io/hashicorp/zitadel
2025-11-12T10:08:45.225+0700 [DEBUG] sdk.framework: Calling provider defined Type Validate: tf_provider_addr=registry.terraform.io/hashicorp/zitadel tf_rpc=ValidateProviderConfig tf_req_id=fe089cf2-ced0-fbde-46f9-68d41dd7e526 tf_attribute_path=jwt_profile_file tf_mux_provider="*proto6server.Server"
2025-11-12T10:08:45.225+0700 [DEBUG] sdk.framework: Called provider defined Type Validate: tf_provider_addr=registry.terraform.io/hashicorp/zitadel tf_rpc=ValidateProviderConfig tf_req_id=fe089cf2-ced0-fbde-46f9-68d41dd7e526 tf_attribute_path=jwt_profile_file tf_mux_provider="*proto6server.Server"
2025-11-12T10:08:45.225+0700 [DEBUG] sdk.framework: Calling provider defined Type Validate: tf_rpc=ValidateProviderConfig tf_req_id=fe089cf2-ced0-fbde-46f9-68d41dd7e526 tf_mux_provider="*proto6server.Server" tf_provider_addr=registry.terraform.io/hashicorp/zitadel tf_attribute_path=jwt_profile_json
2025-11-12T10:08:45.225+0700 [DEBUG] sdk.framework: Called provider defined Type Validate: tf_mux_provider="*proto6server.Server" tf_provider_addr=registry.terraform.io/hashicorp/zitadel tf_attribute_path=jwt_profile_json tf_rpc=ValidateProviderConfig tf_req_id=fe089cf2-ced0-fbde-46f9-68d41dd7e526
2025-11-12T10:08:45.225+0700 [DEBUG] sdk.framework: Calling provider defined Type Validate: tf_rpc=ValidateProviderConfig tf_req_id=fe089cf2-ced0-fbde-46f9-68d41dd7e526 tf_mux_provider="*proto6server.Server" tf_provider_addr=registry.terraform.io/hashicorp/zitadel tf_attribute_path=port
2025-11-12T10:08:45.225+0700 [DEBUG] sdk.framework: Called provider defined Type Validate: tf_mux_provider="*proto6server.Server" tf_provider_addr=registry.terraform.io/hashicorp/zitadel tf_attribute_path=port tf_rpc=ValidateProviderConfig tf_req_id=fe089cf2-ced0-fbde-46f9-68d41dd7e526
2025-11-12T10:08:45.225+0700 [DEBUG] sdk.framework: Calling provider defined Type Validate: tf_req_id=fe089cf2-ced0-fbde-46f9-68d41dd7e526 tf_mux_provider="*proto6server.Server" tf_provider_addr=registry.terraform.io/hashicorp/zitadel tf_rpc=ValidateProviderConfig tf_attribute_path=domain
2025-11-12T10:08:45.225+0700 [DEBUG] sdk.framework: Called provider defined Type Validate: tf_req_id=fe089cf2-ced0-fbde-46f9-68d41dd7e526 tf_mux_provider="*proto6server.Server" tf_provider_addr=registry.terraform.io/hashicorp/zitadel tf_rpc=ValidateProviderConfig tf_attribute_path=domain
2025-11-12T10:08:45.225+0700 [DEBUG] sdk.framework: Calling provider defined Type Validate: tf_rpc=ValidateProviderConfig tf_req_id=fe089cf2-ced0-fbde-46f9-68d41dd7e526 tf_mux_provider="*proto6server.Server" tf_provider_addr=registry.terraform.io/hashicorp/zitadel tf_attribute_path=insecure
2025-11-12T10:08:45.225+0700 [DEBUG] sdk.framework: Called provider defined Type Validate: tf_rpc=ValidateProviderConfig tf_req_id=fe089cf2-ced0-fbde-46f9-68d41dd7e526 tf_mux_provider="*proto6server.Server" tf_provider_addr=registry.terraform.io/hashicorp/zitadel tf_attribute_path=insecure
2025-11-12T10:08:45.231+0700 [DEBUG] sdk.framework: Calling provider defined Type Validate: tf_rpc=ValidateProviderConfig tf_req_id=76ecc22f-a84d-7571-ba46-0e517f0563a1 tf_attribute_path=port tf_provider_addr=registry.terraform.io/hashicorp/zitadel tf_mux_provider="*proto6server.Server"
2025-11-12T10:08:45.231+0700 [DEBUG] sdk.framework: Called provider defined Type Validate: tf_provider_addr=registry.terraform.io/hashicorp/zitadel tf_mux_provider="*proto6server.Server" tf_rpc=ValidateProviderConfig tf_req_id=76ecc22f-a84d-7571-ba46-0e517f0563a1 tf_attribute_path=port
2025-11-12T10:08:45.231+0700 [DEBUG] sdk.framework: Calling provider defined Type Validate: tf_rpc=ValidateProviderConfig tf_req_id=76ecc22f-a84d-7571-ba46-0e517f0563a1 tf_provider_addr=registry.terraform.io/hashicorp/zitadel tf_mux_provider="*proto6server.Server" tf_attribute_path=domain
2025-11-12T10:08:45.231+0700 [DEBUG] sdk.framework: Called provider defined Type Validate: tf_req_id=76ecc22f-a84d-7571-ba46-0e517f0563a1 tf_provider_addr=registry.terraform.io/hashicorp/zitadel tf_mux_provider="*proto6server.Server" tf_attribute_path=domain tf_rpc=ValidateProviderConfig
2025-11-12T10:08:45.231+0700 [DEBUG] sdk.framework: Calling provider defined Type Validate: tf_provider_addr=registry.terraform.io/hashicorp/zitadel tf_mux_provider="*proto6server.Server" tf_rpc=ValidateProviderConfig tf_attribute_path=insecure tf_req_id=76ecc22f-a84d-7571-ba46-0e517f0563a1
2025-11-12T10:08:45.231+0700 [DEBUG] sdk.framework: Called provider defined Type Validate: tf_attribute_path=insecure tf_req_id=76ecc22f-a84d-7571-ba46-0e517f0563a1 tf_provider_addr=registry.terraform.io/hashicorp/zitadel tf_mux_provider="*proto6server.Server" tf_rpc=ValidateProviderConfig
2025-11-12T10:08:45.231+0700 [DEBUG] sdk.framework: Calling provider defined Type Validate: tf_rpc=ValidateProviderConfig tf_attribute_path=token tf_req_id=76ecc22f-a84d-7571-ba46-0e517f0563a1 tf_provider_addr=registry.terraform.io/hashicorp/zitadel tf_mux_provider="*proto6server.Server"
2025-11-12T10:08:45.231+0700 [DEBUG] sdk.framework: Called provider defined Type Validate: tf_provider_addr=registry.terraform.io/hashicorp/zitadel tf_mux_provider="*proto6server.Server" tf_rpc=ValidateProviderConfig tf_attribute_path=token tf_req_id=76ecc22f-a84d-7571-ba46-0e517f0563a1
2025-11-12T10:08:45.231+0700 [DEBUG] sdk.framework: Calling provider defined Type Validate: tf_req_id=76ecc22f-a84d-7571-ba46-0e517f0563a1 tf_provider_addr=registry.terraform.io/hashicorp/zitadel tf_mux_provider="*proto6server.Server" tf_attribute_path=jwt_file tf_rpc=ValidateProviderConfig
2025-11-12T10:08:45.231+0700 [DEBUG] sdk.framework: Called provider defined Type Validate: tf_rpc=ValidateProviderConfig tf_req_id=76ecc22f-a84d-7571-ba46-0e517f0563a1 tf_provider_addr=registry.terraform.io/hashicorp/zitadel tf_mux_provider="*proto6server.Server" tf_attribute_path=jwt_file
2025-11-12T10:08:45.231+0700 [DEBUG] sdk.framework: Calling provider defined Type Validate: tf_mux_provider="*proto6server.Server" tf_attribute_path=jwt_profile_file tf_rpc=ValidateProviderConfig tf_req_id=76ecc22f-a84d-7571-ba46-0e517f0563a1 tf_provider_addr=registry.terraform.io/hashicorp/zitadel
2025-11-12T10:08:45.231+0700 [DEBUG] sdk.framework: Called provider defined Type Validate: tf_provider_addr=registry.terraform.io/hashicorp/zitadel tf_mux_provider="*proto6server.Server" tf_attribute_path=jwt_profile_file tf_rpc=ValidateProviderConfig tf_req_id=76ecc22f-a84d-7571-ba46-0e517f0563a1
2025-11-12T10:08:45.231+0700 [DEBUG] sdk.framework: Calling provider defined Type Validate: tf_req_id=76ecc22f-a84d-7571-ba46-0e517f0563a1 tf_provider_addr=registry.terraform.io/hashicorp/zitadel tf_mux_provider="*proto6server.Server" tf_rpc=ValidateProviderConfig tf_attribute_path=jwt_profile_json
2025-11-12T10:08:45.231+0700 [DEBUG] sdk.framework: Called provider defined Type Validate: tf_rpc=ValidateProviderConfig tf_attribute_path=jwt_profile_json tf_req_id=76ecc22f-a84d-7571-ba46-0e517f0563a1 tf_provider_addr=registry.terraform.io/hashicorp/zitadel tf_mux_provider="*proto6server.Server"
2025-11-12T10:08:45.232+0700 [DEBUG] sdk.framework: Calling provider defined Provider Configure: tf_req_id=5b9c9c19-1249-2bc0-ec7d-0bd52ac7c48e tf_provider_addr=registry.terraform.io/hashicorp/zitadel tf_mux_provider="*proto6server.Server" tf_rpc=ConfigureProvider
2025-11-12T10:08:45.232+0700 [DEBUG] sdk.framework: Called provider defined Provider Configure: tf_mux_provider="*proto6server.Server" tf_rpc=ConfigureProvider tf_req_id=5b9c9c19-1249-2bc0-ec7d-0bd52ac7c48e tf_provider_addr=registry.terraform.io/hashicorp/zitadel
2025-11-12T10:08:45.232+0700 [WARN]  sdk.helper_schema: Previously configured provider being re-configured. This can cause issues in concurrent testing if the configurations are not equal.: tf_rpc=ConfigureProvider tf_req_id=5b9c9c19-1249-2bc0-ec7d-0bd52ac7c48e tf_provider_addr=registry.terraform.io/hashicorp/zitadel tf_mux_provider=tf5to6server.v5tov6Server
2025-11-12T10:08:45.271+0700 [DEBUG] sdk.helper_resource: Stopping providers: test_name=TestAccActionExecution_Response test_terraform_path=/Users/mridang/Code/zitadel/terraform-provider-zitadel/.devbox/nix/profile/default/bin/terraform test_working_directory=/var/folders/zb/bthr58b10pg5xj_pbtlb4jzc0000gn/T/plugintest1905966558 test_step_number=1
2025-11-12T10:08:45.271+0700 [DEBUG] sdk.helper_resource: Creating tfprotov6 provider instance: test_name=TestAccActionExecution_Response test_terraform_path=/Users/mridang/Code/zitadel/terraform-provider-zitadel/.devbox/nix/profile/default/bin/terraform test_working_directory=/var/folders/zb/bthr58b10pg5xj_pbtlb4jzc0000gn/T/plugintest1905966558 test_step_number=1 tf_provider_addr=registry.terraform.io/hashicorp/zitadel
2025-11-12T10:08:45.272+0700 [DEBUG] sdk.helper_resource: Created tfprotov6 provider instance: test_name=TestAccActionExecution_Response test_terraform_path=/Users/mridang/Code/zitadel/terraform-provider-zitadel/.devbox/nix/profile/default/bin/terraform test_working_directory=/var/folders/zb/bthr58b10pg5xj_pbtlb4jzc0000gn/T/plugintest1905966558 test_step_number=1 tf_provider_addr=registry.terraform.io/hashicorp/zitadel
2025-11-12T10:08:45.272+0700 [DEBUG] sdk.helper_resource: Starting tfprotov6 provider instance server: test_name=TestAccActionExecution_Response test_terraform_path=/Users/mridang/Code/zitadel/terraform-provider-zitadel/.devbox/nix/profile/default/bin/terraform test_working_directory=/var/folders/zb/bthr58b10pg5xj_pbtlb4jzc0000gn/T/plugintest1905966558 test_step_number=1 tf_provider_addr=registry.terraform.io/hashicorp/zitadel
2025-11-12T10:08:45.273+0700 [DEBUG] sdk.helper_resource: Started tfprotov6 provider instance server: test_name=TestAccActionExecution_Response test_terraform_path=/Users/mridang/Code/zitadel/terraform-provider-zitadel/.devbox/nix/profile/default/bin/terraform test_working_directory=/var/folders/zb/bthr58b10pg5xj_pbtlb4jzc0000gn/T/plugintest1905966558 test_step_number=1 tf_provider_addr=registry.terraform.io/hashicorp/zitadel
2025-11-12T10:08:45.315+0700 [DEBUG] sdk.helper_resource: Stopping providers: test_step_number=1 test_name=TestAccActionExecution_Response test_terraform_path=/Users/mridang/Code/zitadel/terraform-provider-zitadel/.devbox/nix/profile/default/bin/terraform test_working_directory=/var/folders/zb/bthr58b10pg5xj_pbtlb4jzc0000gn/T/plugintest1905966558
2025-11-12T10:08:45.315+0700 [DEBUG] sdk.helper_resource: Creating tfprotov6 provider instance: tf_provider_addr=registry.terraform.io/hashicorp/zitadel test_working_directory=/var/folders/zb/bthr58b10pg5xj_pbtlb4jzc0000gn/T/plugintest1905966558 test_step_number=1 test_name=TestAccActionExecution_Response test_terraform_path=/Users/mridang/Code/zitadel/terraform-provider-zitadel/.devbox/nix/profile/default/bin/terraform
2025-11-12T10:08:45.316+0700 [DEBUG] sdk.helper_resource: Created tfprotov6 provider instance: test_working_directory=/var/folders/zb/bthr58b10pg5xj_pbtlb4jzc0000gn/T/plugintest1905966558 test_step_number=1 test_name=TestAccActionExecution_Response tf_provider_addr=registry.terraform.io/hashicorp/zitadel test_terraform_path=/Users/mridang/Code/zitadel/terraform-provider-zitadel/.devbox/nix/profile/default/bin/terraform
2025-11-12T10:08:45.316+0700 [DEBUG] sdk.helper_resource: Starting tfprotov6 provider instance server: test_name=TestAccActionExecution_Response test_terraform_path=/Users/mridang/Code/zitadel/terraform-provider-zitadel/.devbox/nix/profile/default/bin/terraform test_working_directory=/var/folders/zb/bthr58b10pg5xj_pbtlb4jzc0000gn/T/plugintest1905966558 test_step_number=1 tf_provider_addr=registry.terraform.io/hashicorp/zitadel
2025-11-12T10:08:45.317+0700 [DEBUG] sdk.helper_resource: Started tfprotov6 provider instance server: test_name=TestAccActionExecution_Response test_terraform_path=/Users/mridang/Code/zitadel/terraform-provider-zitadel/.devbox/nix/profile/default/bin/terraform test_working_directory=/var/folders/zb/bthr58b10pg5xj_pbtlb4jzc0000gn/T/plugintest1905966558 test_step_number=1 tf_provider_addr=registry.terraform.io/hashicorp/zitadel
2025-11-12T10:08:45.359+0700 [DEBUG] sdk.framework: Calling provider defined Type Validate: tf_rpc=ValidateProviderConfig tf_req_id=023c40ec-bcfd-6b2c-34ca-e16a7e7296b3 tf_mux_provider="*proto6server.Server" tf_provider_addr=registry.terraform.io/hashicorp/zitadel tf_attribute_path=domain
2025-11-12T10:08:45.359+0700 [DEBUG] sdk.framework: Called provider defined Type Validate: tf_mux_provider="*proto6server.Server" tf_provider_addr=registry.terraform.io/hashicorp/zitadel tf_attribute_path=domain tf_rpc=ValidateProviderConfig tf_req_id=023c40ec-bcfd-6b2c-34ca-e16a7e7296b3
2025-11-12T10:08:45.359+0700 [DEBUG] sdk.framework: Calling provider defined Type Validate: tf_mux_provider="*proto6server.Server" tf_provider_addr=registry.terraform.io/hashicorp/zitadel tf_rpc=ValidateProviderConfig tf_req_id=023c40ec-bcfd-6b2c-34ca-e16a7e7296b3 tf_attribute_path=insecure
2025-11-12T10:08:45.359+0700 [DEBUG] sdk.framework: Called provider defined Type Validate: tf_mux_provider="*proto6server.Server" tf_provider_addr=registry.terraform.io/hashicorp/zitadel tf_rpc=ValidateProviderConfig tf_req_id=023c40ec-bcfd-6b2c-34ca-e16a7e7296b3 tf_attribute_path=insecure
2025-11-12T10:08:45.359+0700 [DEBUG] sdk.framework: Calling provider defined Type Validate: tf_req_id=023c40ec-bcfd-6b2c-34ca-e16a7e7296b3 tf_attribute_path=token tf_mux_provider="*proto6server.Server" tf_provider_addr=registry.terraform.io/hashicorp/zitadel tf_rpc=ValidateProviderConfig
2025-11-12T10:08:45.359+0700 [DEBUG] sdk.framework: Called provider defined Type Validate: tf_provider_addr=registry.terraform.io/hashicorp/zitadel tf_rpc=ValidateProviderConfig tf_req_id=023c40ec-bcfd-6b2c-34ca-e16a7e7296b3 tf_attribute_path=token tf_mux_provider="*proto6server.Server"
2025-11-12T10:08:45.359+0700 [DEBUG] sdk.framework: Calling provider defined Type Validate: tf_mux_provider="*proto6server.Server" tf_provider_addr=registry.terraform.io/hashicorp/zitadel tf_rpc=ValidateProviderConfig tf_req_id=023c40ec-bcfd-6b2c-34ca-e16a7e7296b3 tf_attribute_path=jwt_file
2025-11-12T10:08:45.359+0700 [DEBUG] sdk.framework: Called provider defined Type Validate: tf_mux_provider="*proto6server.Server" tf_provider_addr=registry.terraform.io/hashicorp/zitadel tf_rpc=ValidateProviderConfig tf_req_id=023c40ec-bcfd-6b2c-34ca-e16a7e7296b3 tf_attribute_path=jwt_file
2025-11-12T10:08:45.359+0700 [DEBUG] sdk.framework: Calling provider defined Type Validate: tf_mux_provider="*proto6server.Server" tf_provider_addr=registry.terraform.io/hashicorp/zitadel tf_rpc=ValidateProviderConfig tf_req_id=023c40ec-bcfd-6b2c-34ca-e16a7e7296b3 tf_attribute_path=jwt_profile_file
2025-11-12T10:08:45.359+0700 [DEBUG] sdk.framework: Called provider defined Type Validate: tf_mux_provider="*proto6server.Server" tf_provider_addr=registry.terraform.io/hashicorp/zitadel tf_rpc=ValidateProviderConfig tf_req_id=023c40ec-bcfd-6b2c-34ca-e16a7e7296b3 tf_attribute_path=jwt_profile_file
2025-11-12T10:08:45.359+0700 [DEBUG] sdk.framework: Calling provider defined Type Validate: tf_provider_addr=registry.terraform.io/hashicorp/zitadel tf_rpc=ValidateProviderConfig tf_attribute_path=jwt_profile_json tf_req_id=023c40ec-bcfd-6b2c-34ca-e16a7e7296b3 tf_mux_provider="*proto6server.Server"
2025-11-12T10:08:45.359+0700 [DEBUG] sdk.framework: Called provider defined Type Validate: tf_req_id=023c40ec-bcfd-6b2c-34ca-e16a7e7296b3 tf_mux_provider="*proto6server.Server" tf_provider_addr=registry.terraform.io/hashicorp/zitadel tf_rpc=ValidateProviderConfig tf_attribute_path=jwt_profile_json
2025-11-12T10:08:45.359+0700 [DEBUG] sdk.framework: Calling provider defined Type Validate: tf_attribute_path=port tf_req_id=023c40ec-bcfd-6b2c-34ca-e16a7e7296b3 tf_mux_provider="*proto6server.Server" tf_provider_addr=registry.terraform.io/hashicorp/zitadel tf_rpc=ValidateProviderConfig
2025-11-12T10:08:45.359+0700 [DEBUG] sdk.framework: Called provider defined Type Validate: tf_req_id=023c40ec-bcfd-6b2c-34ca-e16a7e7296b3 tf_mux_provider="*proto6server.Server" tf_provider_addr=registry.terraform.io/hashicorp/zitadel tf_rpc=ValidateProviderConfig tf_attribute_path=port
2025-11-12T10:08:45.365+0700 [DEBUG] sdk.framework: Calling provider defined Type Validate: tf_rpc=ValidateProviderConfig tf_req_id=9dc3e47c-db8d-a393-32b7-1b7c6892c03d tf_attribute_path=jwt_profile_file tf_mux_provider="*proto6server.Server" tf_provider_addr=registry.terraform.io/hashicorp/zitadel
2025-11-12T10:08:45.365+0700 [DEBUG] sdk.framework: Called provider defined Type Validate: tf_provider_addr=registry.terraform.io/hashicorp/zitadel tf_rpc=ValidateProviderConfig tf_req_id=9dc3e47c-db8d-a393-32b7-1b7c6892c03d tf_attribute_path=jwt_profile_file tf_mux_provider="*proto6server.Server"
2025-11-12T10:08:45.365+0700 [DEBUG] sdk.framework: Calling provider defined Type Validate: tf_attribute_path=jwt_profile_json tf_rpc=ValidateProviderConfig tf_req_id=9dc3e47c-db8d-a393-32b7-1b7c6892c03d tf_mux_provider="*proto6server.Server" tf_provider_addr=registry.terraform.io/hashicorp/zitadel
2025-11-12T10:08:45.365+0700 [DEBUG] sdk.framework: Called provider defined Type Validate: tf_provider_addr=registry.terraform.io/hashicorp/zitadel tf_attribute_path=jwt_profile_json tf_rpc=ValidateProviderConfig tf_req_id=9dc3e47c-db8d-a393-32b7-1b7c6892c03d tf_mux_provider="*proto6server.Server"
2025-11-12T10:08:45.365+0700 [DEBUG] sdk.framework: Calling provider defined Type Validate: tf_req_id=9dc3e47c-db8d-a393-32b7-1b7c6892c03d tf_mux_provider="*proto6server.Server" tf_provider_addr=registry.terraform.io/hashicorp/zitadel tf_rpc=ValidateProviderConfig tf_attribute_path=port
2025-11-12T10:08:45.365+0700 [DEBUG] sdk.framework: Called provider defined Type Validate: tf_req_id=9dc3e47c-db8d-a393-32b7-1b7c6892c03d tf_mux_provider="*proto6server.Server" tf_provider_addr=registry.terraform.io/hashicorp/zitadel tf_rpc=ValidateProviderConfig tf_attribute_path=port
2025-11-12T10:08:45.365+0700 [DEBUG] sdk.framework: Calling provider defined Type Validate: tf_attribute_path=domain tf_rpc=ValidateProviderConfig tf_req_id=9dc3e47c-db8d-a393-32b7-1b7c6892c03d tf_mux_provider="*proto6server.Server" tf_provider_addr=registry.terraform.io/hashicorp/zitadel
2025-11-12T10:08:45.365+0700 [DEBUG] sdk.framework: Called provider defined Type Validate: tf_rpc=ValidateProviderConfig tf_req_id=9dc3e47c-db8d-a393-32b7-1b7c6892c03d tf_mux_provider="*proto6server.Server" tf_provider_addr=registry.terraform.io/hashicorp/zitadel tf_attribute_path=domain
2025-11-12T10:08:45.365+0700 [DEBUG] sdk.framework: Calling provider defined Type Validate: tf_mux_provider="*proto6server.Server" tf_provider_addr=registry.terraform.io/hashicorp/zitadel tf_rpc=ValidateProviderConfig tf_req_id=9dc3e47c-db8d-a393-32b7-1b7c6892c03d tf_attribute_path=insecure
2025-11-12T10:08:45.365+0700 [DEBUG] sdk.framework: Called provider defined Type Validate: tf_rpc=ValidateProviderConfig tf_req_id=9dc3e47c-db8d-a393-32b7-1b7c6892c03d tf_attribute_path=insecure tf_mux_provider="*proto6server.Server" tf_provider_addr=registry.terraform.io/hashicorp/zitadel
2025-11-12T10:08:45.365+0700 [DEBUG] sdk.framework: Calling provider defined Type Validate: tf_attribute_path=token tf_mux_provider="*proto6server.Server" tf_provider_addr=registry.terraform.io/hashicorp/zitadel tf_rpc=ValidateProviderConfig tf_req_id=9dc3e47c-db8d-a393-32b7-1b7c6892c03d
2025-11-12T10:08:45.365+0700 [DEBUG] sdk.framework: Called provider defined Type Validate: tf_attribute_path=token tf_mux_provider="*proto6server.Server" tf_provider_addr=registry.terraform.io/hashicorp/zitadel tf_rpc=ValidateProviderConfig tf_req_id=9dc3e47c-db8d-a393-32b7-1b7c6892c03d
2025-11-12T10:08:45.365+0700 [DEBUG] sdk.framework: Calling provider defined Type Validate: tf_req_id=9dc3e47c-db8d-a393-32b7-1b7c6892c03d tf_mux_provider="*proto6server.Server" tf_provider_addr=registry.terraform.io/hashicorp/zitadel tf_rpc=ValidateProviderConfig tf_attribute_path=jwt_file
2025-11-12T10:08:45.365+0700 [DEBUG] sdk.framework: Called provider defined Type Validate: tf_mux_provider="*proto6server.Server" tf_provider_addr=registry.terraform.io/hashicorp/zitadel tf_rpc=ValidateProviderConfig tf_attribute_path=jwt_file tf_req_id=9dc3e47c-db8d-a393-32b7-1b7c6892c03d
2025-11-12T10:08:45.366+0700 [DEBUG] sdk.framework: Calling provider defined Provider Configure: tf_mux_provider="*proto6server.Server" tf_req_id=e26b21db-3fe2-4844-b553-f32caa2db577 tf_provider_addr=registry.terraform.io/hashicorp/zitadel tf_rpc=ConfigureProvider
2025-11-12T10:08:45.366+0700 [DEBUG] sdk.framework: Called provider defined Provider Configure: tf_provider_addr=registry.terraform.io/hashicorp/zitadel tf_rpc=ConfigureProvider tf_mux_provider="*proto6server.Server" tf_req_id=e26b21db-3fe2-4844-b553-f32caa2db577
2025-11-12T10:08:45.366+0700 [WARN]  sdk.helper_schema: Previously configured provider being re-configured. This can cause issues in concurrent testing if the configurations are not equal.: tf_req_id=e26b21db-3fe2-4844-b553-f32caa2db577 tf_provider_addr=registry.terraform.io/hashicorp/zitadel tf_rpc=ConfigureProvider tf_mux_provider=tf5to6server.v5tov6Server
2025-11-12T10:08:45.376+0700 [DEBUG] sdk.helper_resource: Stopping providers: test_step_number=1 test_name=TestAccActionExecution_Response test_terraform_path=/Users/mridang/Code/zitadel/terraform-provider-zitadel/.devbox/nix/profile/default/bin/terraform test_working_directory=/var/folders/zb/bthr58b10pg5xj_pbtlb4jzc0000gn/T/plugintest1905966558
2025-11-12T10:08:45.376+0700 [DEBUG] sdk.helper_resource: Creating tfprotov6 provider instance: test_terraform_path=/Users/mridang/Code/zitadel/terraform-provider-zitadel/.devbox/nix/profile/default/bin/terraform test_working_directory=/var/folders/zb/bthr58b10pg5xj_pbtlb4jzc0000gn/T/plugintest1905966558 test_step_number=1 test_name=TestAccActionExecution_Response tf_provider_addr=registry.terraform.io/hashicorp/zitadel
2025-11-12T10:08:45.377+0700 [DEBUG] sdk.helper_resource: Created tfprotov6 provider instance: test_step_number=1 test_name=TestAccActionExecution_Response test_terraform_path=/Users/mridang/Code/zitadel/terraform-provider-zitadel/.devbox/nix/profile/default/bin/terraform test_working_directory=/var/folders/zb/bthr58b10pg5xj_pbtlb4jzc0000gn/T/plugintest1905966558 tf_provider_addr=registry.terraform.io/hashicorp/zitadel
2025-11-12T10:08:45.377+0700 [DEBUG] sdk.helper_resource: Starting tfprotov6 provider instance server: test_name=TestAccActionExecution_Response test_terraform_path=/Users/mridang/Code/zitadel/terraform-provider-zitadel/.devbox/nix/profile/default/bin/terraform test_working_directory=/var/folders/zb/bthr58b10pg5xj_pbtlb4jzc0000gn/T/plugintest1905966558 test_step_number=1 tf_provider_addr=registry.terraform.io/hashicorp/zitadel
2025-11-12T10:08:45.378+0700 [DEBUG] sdk.helper_resource: Started tfprotov6 provider instance server: test_terraform_path=/Users/mridang/Code/zitadel/terraform-provider-zitadel/.devbox/nix/profile/default/bin/terraform test_working_directory=/var/folders/zb/bthr58b10pg5xj_pbtlb4jzc0000gn/T/plugintest1905966558 test_step_number=1 test_name=TestAccActionExecution_Response tf_provider_addr=registry.terraform.io/hashicorp/zitadel
2025-11-12T10:08:45.418+0700 [DEBUG] sdk.framework: Calling provider defined Type Validate: tf_mux_provider="*proto6server.Server" tf_provider_addr=registry.terraform.io/hashicorp/zitadel tf_rpc=ValidateProviderConfig tf_req_id=0e1eab59-a3f5-6e4f-9f1a-35af8f9fa39d tf_attribute_path=jwt_profile_file
2025-11-12T10:08:45.418+0700 [DEBUG] sdk.framework: Called provider defined Type Validate: tf_rpc=ValidateProviderConfig tf_req_id=0e1eab59-a3f5-6e4f-9f1a-35af8f9fa39d tf_attribute_path=jwt_profile_file tf_mux_provider="*proto6server.Server" tf_provider_addr=registry.terraform.io/hashicorp/zitadel
2025-11-12T10:08:45.418+0700 [DEBUG] sdk.framework: Calling provider defined Type Validate: tf_req_id=0e1eab59-a3f5-6e4f-9f1a-35af8f9fa39d tf_mux_provider="*proto6server.Server" tf_provider_addr=registry.terraform.io/hashicorp/zitadel tf_rpc=ValidateProviderConfig tf_attribute_path=jwt_profile_json
2025-11-12T10:08:45.418+0700 [DEBUG] sdk.framework: Called provider defined Type Validate: tf_rpc=ValidateProviderConfig tf_attribute_path=jwt_profile_json tf_req_id=0e1eab59-a3f5-6e4f-9f1a-35af8f9fa39d tf_mux_provider="*proto6server.Server" tf_provider_addr=registry.terraform.io/hashicorp/zitadel
2025-11-12T10:08:45.418+0700 [DEBUG] sdk.framework: Calling provider defined Type Validate: tf_req_id=0e1eab59-a3f5-6e4f-9f1a-35af8f9fa39d tf_attribute_path=port tf_mux_provider="*proto6server.Server" tf_provider_addr=registry.terraform.io/hashicorp/zitadel tf_rpc=ValidateProviderConfig
2025-11-12T10:08:45.418+0700 [DEBUG] sdk.framework: Called provider defined Type Validate: tf_provider_addr=registry.terraform.io/hashicorp/zitadel tf_rpc=ValidateProviderConfig tf_req_id=0e1eab59-a3f5-6e4f-9f1a-35af8f9fa39d tf_attribute_path=port tf_mux_provider="*proto6server.Server"
2025-11-12T10:08:45.418+0700 [DEBUG] sdk.framework: Calling provider defined Type Validate: tf_provider_addr=registry.terraform.io/hashicorp/zitadel tf_rpc=ValidateProviderConfig tf_req_id=0e1eab59-a3f5-6e4f-9f1a-35af8f9fa39d tf_mux_provider="*proto6server.Server" tf_attribute_path=domain
2025-11-12T10:08:45.418+0700 [DEBUG] sdk.framework: Called provider defined Type Validate: tf_provider_addr=registry.terraform.io/hashicorp/zitadel tf_rpc=ValidateProviderConfig tf_req_id=0e1eab59-a3f5-6e4f-9f1a-35af8f9fa39d tf_mux_provider="*proto6server.Server" tf_attribute_path=domain
2025-11-12T10:08:45.418+0700 [DEBUG] sdk.framework: Calling provider defined Type Validate: tf_provider_addr=registry.terraform.io/hashicorp/zitadel tf_rpc=ValidateProviderConfig tf_req_id=0e1eab59-a3f5-6e4f-9f1a-35af8f9fa39d tf_attribute_path=insecure tf_mux_provider="*proto6server.Server"
2025-11-12T10:08:45.418+0700 [DEBUG] sdk.framework: Called provider defined Type Validate: tf_mux_provider="*proto6server.Server" tf_provider_addr=registry.terraform.io/hashicorp/zitadel tf_rpc=ValidateProviderConfig tf_req_id=0e1eab59-a3f5-6e4f-9f1a-35af8f9fa39d tf_attribute_path=insecure
2025-11-12T10:08:45.418+0700 [DEBUG] sdk.framework: Calling provider defined Type Validate: tf_provider_addr=registry.terraform.io/hashicorp/zitadel tf_rpc=ValidateProviderConfig tf_req_id=0e1eab59-a3f5-6e4f-9f1a-35af8f9fa39d tf_attribute_path=token tf_mux_provider="*proto6server.Server"
2025-11-12T10:08:45.418+0700 [DEBUG] sdk.framework: Called provider defined Type Validate: tf_rpc=ValidateProviderConfig tf_req_id=0e1eab59-a3f5-6e4f-9f1a-35af8f9fa39d tf_attribute_path=token tf_mux_provider="*proto6server.Server" tf_provider_addr=registry.terraform.io/hashicorp/zitadel
2025-11-12T10:08:45.418+0700 [DEBUG] sdk.framework: Calling provider defined Type Validate: tf_attribute_path=jwt_file tf_rpc=ValidateProviderConfig tf_req_id=0e1eab59-a3f5-6e4f-9f1a-35af8f9fa39d tf_mux_provider="*proto6server.Server" tf_provider_addr=registry.terraform.io/hashicorp/zitadel
2025-11-12T10:08:45.418+0700 [DEBUG] sdk.framework: Called provider defined Type Validate: tf_provider_addr=registry.terraform.io/hashicorp/zitadel tf_attribute_path=jwt_file tf_rpc=ValidateProviderConfig tf_req_id=0e1eab59-a3f5-6e4f-9f1a-35af8f9fa39d tf_mux_provider="*proto6server.Server"
2025-11-12T10:08:45.424+0700 [DEBUG] sdk.framework: Calling provider defined Type Validate: tf_mux_provider="*proto6server.Server" tf_req_id=ac938437-a898-132f-59c7-ea6ef4f8e017 tf_attribute_path=jwt_profile_json tf_provider_addr=registry.terraform.io/hashicorp/zitadel tf_rpc=ValidateProviderConfig
2025-11-12T10:08:45.424+0700 [DEBUG] sdk.framework: Called provider defined Type Validate: tf_mux_provider="*proto6server.Server" tf_req_id=ac938437-a898-132f-59c7-ea6ef4f8e017 tf_attribute_path=jwt_profile_json tf_provider_addr=registry.terraform.io/hashicorp/zitadel tf_rpc=ValidateProviderConfig
2025-11-12T10:08:45.424+0700 [DEBUG] sdk.framework: Calling provider defined Type Validate: tf_mux_provider="*proto6server.Server" tf_req_id=ac938437-a898-132f-59c7-ea6ef4f8e017 tf_provider_addr=registry.terraform.io/hashicorp/zitadel tf_rpc=ValidateProviderConfig tf_attribute_path=port
2025-11-12T10:08:45.424+0700 [DEBUG] sdk.framework: Called provider defined Type Validate: tf_req_id=ac938437-a898-132f-59c7-ea6ef4f8e017 tf_provider_addr=registry.terraform.io/hashicorp/zitadel tf_rpc=ValidateProviderConfig tf_attribute_path=port tf_mux_provider="*proto6server.Server"
2025-11-12T10:08:45.424+0700 [DEBUG] sdk.framework: Calling provider defined Type Validate: tf_req_id=ac938437-a898-132f-59c7-ea6ef4f8e017 tf_provider_addr=registry.terraform.io/hashicorp/zitadel tf_rpc=ValidateProviderConfig tf_attribute_path=domain tf_mux_provider="*proto6server.Server"
2025-11-12T10:08:45.424+0700 [DEBUG] sdk.framework: Called provider defined Type Validate: tf_rpc=ValidateProviderConfig tf_attribute_path=domain tf_mux_provider="*proto6server.Server" tf_req_id=ac938437-a898-132f-59c7-ea6ef4f8e017 tf_provider_addr=registry.terraform.io/hashicorp/zitadel
2025-11-12T10:08:45.424+0700 [DEBUG] sdk.framework: Calling provider defined Type Validate: tf_mux_provider="*proto6server.Server" tf_req_id=ac938437-a898-132f-59c7-ea6ef4f8e017 tf_provider_addr=registry.terraform.io/hashicorp/zitadel tf_rpc=ValidateProviderConfig tf_attribute_path=insecure
2025-11-12T10:08:45.424+0700 [DEBUG] sdk.framework: Called provider defined Type Validate: tf_req_id=ac938437-a898-132f-59c7-ea6ef4f8e017 tf_provider_addr=registry.terraform.io/hashicorp/zitadel tf_rpc=ValidateProviderConfig tf_attribute_path=insecure tf_mux_provider="*proto6server.Server"
2025-11-12T10:08:45.425+0700 [DEBUG] sdk.framework: Calling provider defined Type Validate: tf_rpc=ValidateProviderConfig tf_attribute_path=token tf_mux_provider="*proto6server.Server" tf_req_id=ac938437-a898-132f-59c7-ea6ef4f8e017 tf_provider_addr=registry.terraform.io/hashicorp/zitadel
2025-11-12T10:08:45.425+0700 [DEBUG] sdk.framework: Called provider defined Type Validate: tf_mux_provider="*proto6server.Server" tf_req_id=ac938437-a898-132f-59c7-ea6ef4f8e017 tf_provider_addr=registry.terraform.io/hashicorp/zitadel tf_rpc=ValidateProviderConfig tf_attribute_path=token
2025-11-12T10:08:45.425+0700 [DEBUG] sdk.framework: Calling provider defined Type Validate: tf_mux_provider="*proto6server.Server" tf_req_id=ac938437-a898-132f-59c7-ea6ef4f8e017 tf_provider_addr=registry.terraform.io/hashicorp/zitadel tf_attribute_path=jwt_file tf_rpc=ValidateProviderConfig
2025-11-12T10:08:45.425+0700 [DEBUG] sdk.framework: Called provider defined Type Validate: tf_req_id=ac938437-a898-132f-59c7-ea6ef4f8e017 tf_provider_addr=registry.terraform.io/hashicorp/zitadel tf_attribute_path=jwt_file tf_rpc=ValidateProviderConfig tf_mux_provider="*proto6server.Server"
2025-11-12T10:08:45.425+0700 [DEBUG] sdk.framework: Calling provider defined Type Validate: tf_mux_provider="*proto6server.Server" tf_req_id=ac938437-a898-132f-59c7-ea6ef4f8e017 tf_provider_addr=registry.terraform.io/hashicorp/zitadel tf_rpc=ValidateProviderConfig tf_attribute_path=jwt_profile_file
2025-11-12T10:08:45.425+0700 [DEBUG] sdk.framework: Called provider defined Type Validate: tf_req_id=ac938437-a898-132f-59c7-ea6ef4f8e017 tf_provider_addr=registry.terraform.io/hashicorp/zitadel tf_rpc=ValidateProviderConfig tf_attribute_path=jwt_profile_file tf_mux_provider="*proto6server.Server"
2025-11-12T10:08:45.425+0700 [DEBUG] sdk.framework: Calling provider defined Provider Configure: tf_req_id=e6b63d42-feb3-258d-ea89-007e1565c287 tf_provider_addr=registry.terraform.io/hashicorp/zitadel tf_mux_provider="*proto6server.Server" tf_rpc=ConfigureProvider
2025-11-12T10:08:45.425+0700 [DEBUG] sdk.framework: Called provider defined Provider Configure: tf_rpc=ConfigureProvider tf_req_id=e6b63d42-feb3-258d-ea89-007e1565c287 tf_provider_addr=registry.terraform.io/hashicorp/zitadel tf_mux_provider="*proto6server.Server"
2025-11-12T10:08:45.425+0700 [WARN]  sdk.helper_schema: Previously configured provider being re-configured. This can cause issues in concurrent testing if the configurations are not equal.: tf_req_id=e6b63d42-feb3-258d-ea89-007e1565c287 tf_provider_addr=registry.terraform.io/hashicorp/zitadel tf_mux_provider=tf5to6server.v5tov6Server tf_rpc=ConfigureProvider
2025-11-12T10:08:45.464+0700 [DEBUG] sdk.helper_resource: Stopping providers: test_working_directory=/var/folders/zb/bthr58b10pg5xj_pbtlb4jzc0000gn/T/plugintest1905966558 test_step_number=1 test_name=TestAccActionExecution_Response test_terraform_path=/Users/mridang/Code/zitadel/terraform-provider-zitadel/.devbox/nix/profile/default/bin/terraform
2025-11-12T10:08:45.464+0700 [DEBUG] sdk.helper_resource: Creating tfprotov6 provider instance: tf_provider_addr=registry.terraform.io/hashicorp/zitadel test_working_directory=/var/folders/zb/bthr58b10pg5xj_pbtlb4jzc0000gn/T/plugintest1905966558 test_step_number=1 test_name=TestAccActionExecution_Response test_terraform_path=/Users/mridang/Code/zitadel/terraform-provider-zitadel/.devbox/nix/profile/default/bin/terraform
2025-11-12T10:08:45.465+0700 [DEBUG] sdk.helper_resource: Created tfprotov6 provider instance: test_working_directory=/var/folders/zb/bthr58b10pg5xj_pbtlb4jzc0000gn/T/plugintest1905966558 test_step_number=1 test_name=TestAccActionExecution_Response test_terraform_path=/Users/mridang/Code/zitadel/terraform-provider-zitadel/.devbox/nix/profile/default/bin/terraform tf_provider_addr=registry.terraform.io/hashicorp/zitadel
2025-11-12T10:08:45.465+0700 [DEBUG] sdk.helper_resource: Starting tfprotov6 provider instance server: test_name=TestAccActionExecution_Response test_terraform_path=/Users/mridang/Code/zitadel/terraform-provider-zitadel/.devbox/nix/profile/default/bin/terraform test_working_directory=/var/folders/zb/bthr58b10pg5xj_pbtlb4jzc0000gn/T/plugintest1905966558 test_step_number=1 tf_provider_addr=registry.terraform.io/hashicorp/zitadel
2025-11-12T10:08:45.466+0700 [DEBUG] sdk.helper_resource: Started tfprotov6 provider instance server: test_working_directory=/var/folders/zb/bthr58b10pg5xj_pbtlb4jzc0000gn/T/plugintest1905966558 test_step_number=1 test_name=TestAccActionExecution_Response test_terraform_path=/Users/mridang/Code/zitadel/terraform-provider-zitadel/.devbox/nix/profile/default/bin/terraform tf_provider_addr=registry.terraform.io/hashicorp/zitadel
2025-11-12T10:08:45.499+0700 [DEBUG] sdk.helper_resource: Stopping providers: test_name=TestAccActionExecution_Response test_terraform_path=/Users/mridang/Code/zitadel/terraform-provider-zitadel/.devbox/nix/profile/default/bin/terraform test_working_directory=/var/folders/zb/bthr58b10pg5xj_pbtlb4jzc0000gn/T/plugintest1905966558 test_step_number=1
2025-11-12T10:08:45.499+0700 [DEBUG] sdk.helper_resource: Finished TestStep: test_name=TestAccActionExecution_Response test_terraform_path=/Users/mridang/Code/zitadel/terraform-provider-zitadel/.devbox/nix/profile/default/bin/terraform test_working_directory=/var/folders/zb/bthr58b10pg5xj_pbtlb4jzc0000gn/T/plugintest1905966558 test_step_number=1
2025-11-12T10:08:45.499+0700 [DEBUG] sdk.helper_resource: Starting TestStep: test_step_number=2 test_name=TestAccActionExecution_Response test_terraform_path=/Users/mridang/Code/zitadel/terraform-provider-zitadel/.devbox/nix/profile/default/bin/terraform test_working_directory=/var/folders/zb/bthr58b10pg5xj_pbtlb4jzc0000gn/T/plugintest1905966558
2025-11-12T10:08:45.499+0700 [DEBUG] sdk.helper_resource: Creating tfprotov6 provider instance: tf_provider_addr=registry.terraform.io/hashicorp/zitadel test_step_number=2 test_name=TestAccActionExecution_Response test_terraform_path=/Users/mridang/Code/zitadel/terraform-provider-zitadel/.devbox/nix/profile/default/bin/terraform test_working_directory=/var/folders/zb/bthr58b10pg5xj_pbtlb4jzc0000gn/T/plugintest1905966558
2025-11-12T10:08:45.501+0700 [DEBUG] sdk.helper_resource: Created tfprotov6 provider instance: test_name=TestAccActionExecution_Response test_terraform_path=/Users/mridang/Code/zitadel/terraform-provider-zitadel/.devbox/nix/profile/default/bin/terraform test_working_directory=/var/folders/zb/bthr58b10pg5xj_pbtlb4jzc0000gn/T/plugintest1905966558 tf_provider_addr=registry.terraform.io/hashicorp/zitadel test_step_number=2
2025-11-12T10:08:45.501+0700 [DEBUG] sdk.helper_resource: Starting tfprotov6 provider instance server: test_step_number=2 test_name=TestAccActionExecution_Response test_terraform_path=/Users/mridang/Code/zitadel/terraform-provider-zitadel/.devbox/nix/profile/default/bin/terraform test_working_directory=/var/folders/zb/bthr58b10pg5xj_pbtlb4jzc0000gn/T/plugintest1905966558 tf_provider_addr=registry.terraform.io/hashicorp/zitadel
2025-11-12T10:08:45.502+0700 [DEBUG] sdk.helper_resource: Started tfprotov6 provider instance server: test_working_directory=/var/folders/zb/bthr58b10pg5xj_pbtlb4jzc0000gn/T/plugintest1905966558 test_step_number=2 test_name=TestAccActionExecution_Response test_terraform_path=/Users/mridang/Code/zitadel/terraform-provider-zitadel/.devbox/nix/profile/default/bin/terraform tf_provider_addr=registry.terraform.io/hashicorp/zitadel
2025-11-12T10:08:45.541+0700 [DEBUG] sdk.framework: Calling provider defined Type Validate: tf_mux_provider="*proto6server.Server" tf_rpc=ValidateProviderConfig tf_req_id=d5c1bc2e-4f4e-4037-9ff0-a9c49cc048cb tf_provider_addr=registry.terraform.io/hashicorp/zitadel tf_attribute_path=token
2025-11-12T10:08:45.541+0700 [DEBUG] sdk.framework: Called provider defined Type Validate: tf_mux_provider="*proto6server.Server" tf_rpc=ValidateProviderConfig tf_req_id=d5c1bc2e-4f4e-4037-9ff0-a9c49cc048cb tf_provider_addr=registry.terraform.io/hashicorp/zitadel tf_attribute_path=token
2025-11-12T10:08:45.541+0700 [DEBUG] sdk.framework: Calling provider defined Type Validate: tf_rpc=ValidateProviderConfig tf_req_id=d5c1bc2e-4f4e-4037-9ff0-a9c49cc048cb tf_provider_addr=registry.terraform.io/hashicorp/zitadel tf_mux_provider="*proto6server.Server" tf_attribute_path=jwt_file
2025-11-12T10:08:45.541+0700 [DEBUG] sdk.framework: Called provider defined Type Validate: tf_rpc=ValidateProviderConfig tf_req_id=d5c1bc2e-4f4e-4037-9ff0-a9c49cc048cb tf_provider_addr=registry.terraform.io/hashicorp/zitadel tf_mux_provider="*proto6server.Server" tf_attribute_path=jwt_file
2025-11-12T10:08:45.541+0700 [DEBUG] sdk.framework: Calling provider defined Type Validate: tf_rpc=ValidateProviderConfig tf_req_id=d5c1bc2e-4f4e-4037-9ff0-a9c49cc048cb tf_provider_addr=registry.terraform.io/hashicorp/zitadel tf_mux_provider="*proto6server.Server" tf_attribute_path=jwt_profile_file
2025-11-12T10:08:45.541+0700 [DEBUG] sdk.framework: Called provider defined Type Validate: tf_provider_addr=registry.terraform.io/hashicorp/zitadel tf_mux_provider="*proto6server.Server" tf_attribute_path=jwt_profile_file tf_rpc=ValidateProviderConfig tf_req_id=d5c1bc2e-4f4e-4037-9ff0-a9c49cc048cb
2025-11-12T10:08:45.541+0700 [DEBUG] sdk.framework: Calling provider defined Type Validate: tf_attribute_path=jwt_profile_json tf_provider_addr=registry.terraform.io/hashicorp/zitadel tf_mux_provider="*proto6server.Server" tf_rpc=ValidateProviderConfig tf_req_id=d5c1bc2e-4f4e-4037-9ff0-a9c49cc048cb
2025-11-12T10:08:45.541+0700 [DEBUG] sdk.framework: Called provider defined Type Validate: tf_provider_addr=registry.terraform.io/hashicorp/zitadel tf_mux_provider="*proto6server.Server" tf_rpc=ValidateProviderConfig tf_req_id=d5c1bc2e-4f4e-4037-9ff0-a9c49cc048cb tf_attribute_path=jwt_profile_json
2025-11-12T10:08:45.541+0700 [DEBUG] sdk.framework: Calling provider defined Type Validate: tf_provider_addr=registry.terraform.io/hashicorp/zitadel tf_mux_provider="*proto6server.Server" tf_attribute_path=port tf_rpc=ValidateProviderConfig tf_req_id=d5c1bc2e-4f4e-4037-9ff0-a9c49cc048cb
2025-11-12T10:08:45.541+0700 [DEBUG] sdk.framework: Called provider defined Type Validate: tf_req_id=d5c1bc2e-4f4e-4037-9ff0-a9c49cc048cb tf_provider_addr=registry.terraform.io/hashicorp/zitadel tf_mux_provider="*proto6server.Server" tf_attribute_path=port tf_rpc=ValidateProviderConfig
2025-11-12T10:08:45.541+0700 [DEBUG] sdk.framework: Calling provider defined Type Validate: tf_rpc=ValidateProviderConfig tf_attribute_path=domain tf_req_id=d5c1bc2e-4f4e-4037-9ff0-a9c49cc048cb tf_provider_addr=registry.terraform.io/hashicorp/zitadel tf_mux_provider="*proto6server.Server"
2025-11-12T10:08:45.541+0700 [DEBUG] sdk.framework: Called provider defined Type Validate: tf_attribute_path=domain tf_req_id=d5c1bc2e-4f4e-4037-9ff0-a9c49cc048cb tf_provider_addr=registry.terraform.io/hashicorp/zitadel tf_mux_provider="*proto6server.Server" tf_rpc=ValidateProviderConfig
2025-11-12T10:08:45.541+0700 [DEBUG] sdk.framework: Calling provider defined Type Validate: tf_rpc=ValidateProviderConfig tf_req_id=d5c1bc2e-4f4e-4037-9ff0-a9c49cc048cb tf_provider_addr=registry.terraform.io/hashicorp/zitadel tf_mux_provider="*proto6server.Server" tf_attribute_path=insecure
2025-11-12T10:08:45.541+0700 [DEBUG] sdk.framework: Called provider defined Type Validate: tf_mux_provider="*proto6server.Server" tf_attribute_path=insecure tf_rpc=ValidateProviderConfig tf_req_id=d5c1bc2e-4f4e-4037-9ff0-a9c49cc048cb tf_provider_addr=registry.terraform.io/hashicorp/zitadel
2025-11-12T10:08:45.548+0700 [DEBUG] sdk.framework: Calling provider defined Type Validate: tf_rpc=ValidateProviderConfig tf_mux_provider="*proto6server.Server" tf_attribute_path=port tf_req_id=6cb4f795-ae1a-aafa-691d-7b05c3b0436b tf_provider_addr=registry.terraform.io/hashicorp/zitadel
2025-11-12T10:08:45.548+0700 [DEBUG] sdk.framework: Called provider defined Type Validate: tf_req_id=6cb4f795-ae1a-aafa-691d-7b05c3b0436b tf_provider_addr=registry.terraform.io/hashicorp/zitadel tf_rpc=ValidateProviderConfig tf_mux_provider="*proto6server.Server" tf_attribute_path=port
2025-11-12T10:08:45.548+0700 [DEBUG] sdk.framework: Calling provider defined Type Validate: tf_rpc=ValidateProviderConfig tf_mux_provider="*proto6server.Server" tf_req_id=6cb4f795-ae1a-aafa-691d-7b05c3b0436b tf_attribute_path=domain tf_provider_addr=registry.terraform.io/hashicorp/zitadel
2025-11-12T10:08:45.548+0700 [DEBUG] sdk.framework: Called provider defined Type Validate: tf_mux_provider="*proto6server.Server" tf_req_id=6cb4f795-ae1a-aafa-691d-7b05c3b0436b tf_attribute_path=domain tf_provider_addr=registry.terraform.io/hashicorp/zitadel tf_rpc=ValidateProviderConfig
2025-11-12T10:08:45.548+0700 [DEBUG] sdk.framework: Calling provider defined Type Validate: tf_attribute_path=insecure tf_req_id=6cb4f795-ae1a-aafa-691d-7b05c3b0436b tf_provider_addr=registry.terraform.io/hashicorp/zitadel tf_rpc=ValidateProviderConfig tf_mux_provider="*proto6server.Server"
2025-11-12T10:08:45.548+0700 [DEBUG] sdk.framework: Called provider defined Type Validate: tf_req_id=6cb4f795-ae1a-aafa-691d-7b05c3b0436b tf_provider_addr=registry.terraform.io/hashicorp/zitadel tf_rpc=ValidateProviderConfig tf_mux_provider="*proto6server.Server" tf_attribute_path=insecure
2025-11-12T10:08:45.548+0700 [DEBUG] sdk.framework: Calling provider defined Type Validate: tf_req_id=6cb4f795-ae1a-aafa-691d-7b05c3b0436b tf_provider_addr=registry.terraform.io/hashicorp/zitadel tf_rpc=ValidateProviderConfig tf_mux_provider="*proto6server.Server" tf_attribute_path=token
2025-11-12T10:08:45.548+0700 [DEBUG] sdk.framework: Called provider defined Type Validate: tf_mux_provider="*proto6server.Server" tf_attribute_path=token tf_req_id=6cb4f795-ae1a-aafa-691d-7b05c3b0436b tf_provider_addr=registry.terraform.io/hashicorp/zitadel tf_rpc=ValidateProviderConfig
2025-11-12T10:08:45.548+0700 [DEBUG] sdk.framework: Calling provider defined Type Validate: tf_rpc=ValidateProviderConfig tf_mux_provider="*proto6server.Server" tf_attribute_path=jwt_file tf_req_id=6cb4f795-ae1a-aafa-691d-7b05c3b0436b tf_provider_addr=registry.terraform.io/hashicorp/zitadel
2025-11-12T10:08:45.548+0700 [DEBUG] sdk.framework: Called provider defined Type Validate: tf_mux_provider="*proto6server.Server" tf_attribute_path=jwt_file tf_req_id=6cb4f795-ae1a-aafa-691d-7b05c3b0436b tf_provider_addr=registry.terraform.io/hashicorp/zitadel tf_rpc=ValidateProviderConfig
2025-11-12T10:08:45.548+0700 [DEBUG] sdk.framework: Calling provider defined Type Validate: tf_req_id=6cb4f795-ae1a-aafa-691d-7b05c3b0436b tf_provider_addr=registry.terraform.io/hashicorp/zitadel tf_rpc=ValidateProviderConfig tf_mux_provider="*proto6server.Server" tf_attribute_path=jwt_profile_file
2025-11-12T10:08:45.548+0700 [DEBUG] sdk.framework: Called provider defined Type Validate: tf_req_id=6cb4f795-ae1a-aafa-691d-7b05c3b0436b tf_provider_addr=registry.terraform.io/hashicorp/zitadel tf_rpc=ValidateProviderConfig tf_mux_provider="*proto6server.Server" tf_attribute_path=jwt_profile_file
2025-11-12T10:08:45.548+0700 [DEBUG] sdk.framework: Calling provider defined Type Validate: tf_mux_provider="*proto6server.Server" tf_req_id=6cb4f795-ae1a-aafa-691d-7b05c3b0436b tf_attribute_path=jwt_profile_json tf_provider_addr=registry.terraform.io/hashicorp/zitadel tf_rpc=ValidateProviderConfig
2025-11-12T10:08:45.548+0700 [DEBUG] sdk.framework: Called provider defined Type Validate: tf_mux_provider="*proto6server.Server" tf_req_id=6cb4f795-ae1a-aafa-691d-7b05c3b0436b tf_attribute_path=jwt_profile_json tf_provider_addr=registry.terraform.io/hashicorp/zitadel tf_rpc=ValidateProviderConfig
2025-11-12T10:08:45.548+0700 [DEBUG] sdk.framework: Calling provider defined Provider Configure: tf_req_id=7b7ecea6-09bc-fd12-5b76-ebdbf6a6dc79 tf_provider_addr=registry.terraform.io/hashicorp/zitadel tf_mux_provider="*proto6server.Server" tf_rpc=ConfigureProvider
2025-11-12T10:08:45.549+0700 [DEBUG] sdk.framework: Called provider defined Provider Configure: tf_mux_provider="*proto6server.Server" tf_rpc=ConfigureProvider tf_req_id=7b7ecea6-09bc-fd12-5b76-ebdbf6a6dc79 tf_provider_addr=registry.terraform.io/hashicorp/zitadel
2025-11-12T10:08:45.549+0700 [WARN]  sdk.helper_schema: Previously configured provider being re-configured. This can cause issues in concurrent testing if the configurations are not equal.: tf_req_id=7b7ecea6-09bc-fd12-5b76-ebdbf6a6dc79 tf_provider_addr=registry.terraform.io/hashicorp/zitadel tf_mux_provider=tf5to6server.v5tov6Server tf_rpc=ConfigureProvider
2025-11-12T10:08:45.558+0700 [DEBUG] sdk.helper_resource: Stopping providers: test_step_number=2 test_name=TestAccActionExecution_Response test_terraform_path=/Users/mridang/Code/zitadel/terraform-provider-zitadel/.devbox/nix/profile/default/bin/terraform test_working_directory=/var/folders/zb/bthr58b10pg5xj_pbtlb4jzc0000gn/T/plugintest1905966558
2025-11-12T10:08:45.558+0700 [DEBUG] sdk.helper_resource: Running Terraform CLI plan and apply: test_working_directory=/var/folders/zb/bthr58b10pg5xj_pbtlb4jzc0000gn/T/plugintest1905966558 test_step_number=2 test_name=TestAccActionExecution_Response test_terraform_path=/Users/mridang/Code/zitadel/terraform-provider-zitadel/.devbox/nix/profile/default/bin/terraform
2025-11-12T10:08:45.558+0700 [DEBUG] sdk.helper_resource: Creating tfprotov6 provider instance: tf_provider_addr=registry.terraform.io/hashicorp/zitadel test_step_number=2 test_name=TestAccActionExecution_Response test_terraform_path=/Users/mridang/Code/zitadel/terraform-provider-zitadel/.devbox/nix/profile/default/bin/terraform test_working_directory=/var/folders/zb/bthr58b10pg5xj_pbtlb4jzc0000gn/T/plugintest1905966558
2025-11-12T10:08:45.559+0700 [DEBUG] sdk.helper_resource: Created tfprotov6 provider instance: test_step_number=2 test_name=TestAccActionExecution_Response test_terraform_path=/Users/mridang/Code/zitadel/terraform-provider-zitadel/.devbox/nix/profile/default/bin/terraform test_working_directory=/var/folders/zb/bthr58b10pg5xj_pbtlb4jzc0000gn/T/plugintest1905966558 tf_provider_addr=registry.terraform.io/hashicorp/zitadel
2025-11-12T10:08:45.559+0700 [DEBUG] sdk.helper_resource: Starting tfprotov6 provider instance server: test_name=TestAccActionExecution_Response test_terraform_path=/Users/mridang/Code/zitadel/terraform-provider-zitadel/.devbox/nix/profile/default/bin/terraform test_working_directory=/var/folders/zb/bthr58b10pg5xj_pbtlb4jzc0000gn/T/plugintest1905966558 test_step_number=2 tf_provider_addr=registry.terraform.io/hashicorp/zitadel
2025-11-12T10:08:45.560+0700 [DEBUG] sdk.helper_resource: Started tfprotov6 provider instance server: test_step_number=2 test_name=TestAccActionExecution_Response test_terraform_path=/Users/mridang/Code/zitadel/terraform-provider-zitadel/.devbox/nix/profile/default/bin/terraform test_working_directory=/var/folders/zb/bthr58b10pg5xj_pbtlb4jzc0000gn/T/plugintest1905966558 tf_provider_addr=registry.terraform.io/hashicorp/zitadel
2025-11-12T10:08:45.599+0700 [DEBUG] sdk.framework: Calling provider defined Type Validate: tf_attribute_path=insecure tf_provider_addr=registry.terraform.io/hashicorp/zitadel tf_mux_provider="*proto6server.Server" tf_rpc=ValidateProviderConfig tf_req_id=abd5b6b7-ec37-49c5-eca6-8778e48494ea
2025-11-12T10:08:45.599+0700 [DEBUG] sdk.framework: Called provider defined Type Validate: tf_mux_provider="*proto6server.Server" tf_rpc=ValidateProviderConfig tf_req_id=abd5b6b7-ec37-49c5-eca6-8778e48494ea tf_attribute_path=insecure tf_provider_addr=registry.terraform.io/hashicorp/zitadel
2025-11-12T10:08:45.599+0700 [DEBUG] sdk.framework: Calling provider defined Type Validate: tf_provider_addr=registry.terraform.io/hashicorp/zitadel tf_mux_provider="*proto6server.Server" tf_rpc=ValidateProviderConfig tf_req_id=abd5b6b7-ec37-49c5-eca6-8778e48494ea tf_attribute_path=token
2025-11-12T10:08:45.599+0700 [DEBUG] sdk.framework: Called provider defined Type Validate: tf_mux_provider="*proto6server.Server" tf_rpc=ValidateProviderConfig tf_req_id=abd5b6b7-ec37-49c5-eca6-8778e48494ea tf_attribute_path=token tf_provider_addr=registry.terraform.io/hashicorp/zitadel
2025-11-12T10:08:45.599+0700 [DEBUG] sdk.framework: Calling provider defined Type Validate: tf_mux_provider="*proto6server.Server" tf_rpc=ValidateProviderConfig tf_req_id=abd5b6b7-ec37-49c5-eca6-8778e48494ea tf_attribute_path=jwt_file tf_provider_addr=registry.terraform.io/hashicorp/zitadel
2025-11-12T10:08:45.599+0700 [DEBUG] sdk.framework: Called provider defined Type Validate: tf_provider_addr=registry.terraform.io/hashicorp/zitadel tf_mux_provider="*proto6server.Server" tf_rpc=ValidateProviderConfig tf_req_id=abd5b6b7-ec37-49c5-eca6-8778e48494ea tf_attribute_path=jwt_file
2025-11-12T10:08:45.599+0700 [DEBUG] sdk.framework: Calling provider defined Type Validate: tf_provider_addr=registry.terraform.io/hashicorp/zitadel tf_mux_provider="*proto6server.Server" tf_rpc=ValidateProviderConfig tf_req_id=abd5b6b7-ec37-49c5-eca6-8778e48494ea tf_attribute_path=jwt_profile_file
2025-11-12T10:08:45.599+0700 [DEBUG] sdk.framework: Called provider defined Type Validate: tf_mux_provider="*proto6server.Server" tf_rpc=ValidateProviderConfig tf_req_id=abd5b6b7-ec37-49c5-eca6-8778e48494ea tf_attribute_path=jwt_profile_file tf_provider_addr=registry.terraform.io/hashicorp/zitadel
2025-11-12T10:08:45.599+0700 [DEBUG] sdk.framework: Calling provider defined Type Validate: tf_provider_addr=registry.terraform.io/hashicorp/zitadel tf_mux_provider="*proto6server.Server" tf_attribute_path=jwt_profile_json tf_rpc=ValidateProviderConfig tf_req_id=abd5b6b7-ec37-49c5-eca6-8778e48494ea
2025-11-12T10:08:45.599+0700 [DEBUG] sdk.framework: Called provider defined Type Validate: tf_mux_provider="*proto6server.Server" tf_attribute_path=jwt_profile_json tf_rpc=ValidateProviderConfig tf_req_id=abd5b6b7-ec37-49c5-eca6-8778e48494ea tf_provider_addr=registry.terraform.io/hashicorp/zitadel
2025-11-12T10:08:45.599+0700 [DEBUG] sdk.framework: Calling provider defined Type Validate: tf_attribute_path=port tf_req_id=abd5b6b7-ec37-49c5-eca6-8778e48494ea tf_provider_addr=registry.terraform.io/hashicorp/zitadel tf_mux_provider="*proto6server.Server" tf_rpc=ValidateProviderConfig
2025-11-12T10:08:45.599+0700 [DEBUG] sdk.framework: Called provider defined Type Validate: tf_req_id=abd5b6b7-ec37-49c5-eca6-8778e48494ea tf_provider_addr=registry.terraform.io/hashicorp/zitadel tf_mux_provider="*proto6server.Server" tf_rpc=ValidateProviderConfig tf_attribute_path=port
2025-11-12T10:08:45.599+0700 [DEBUG] sdk.framework: Calling provider defined Type Validate: tf_attribute_path=domain tf_provider_addr=registry.terraform.io/hashicorp/zitadel tf_mux_provider="*proto6server.Server" tf_rpc=ValidateProviderConfig tf_req_id=abd5b6b7-ec37-49c5-eca6-8778e48494ea
2025-11-12T10:08:45.599+0700 [DEBUG] sdk.framework: Called provider defined Type Validate: tf_provider_addr=registry.terraform.io/hashicorp/zitadel tf_mux_provider="*proto6server.Server" tf_rpc=ValidateProviderConfig tf_req_id=abd5b6b7-ec37-49c5-eca6-8778e48494ea tf_attribute_path=domain
2025-11-12T10:08:45.604+0700 [DEBUG] sdk.framework: Calling provider defined Type Validate: tf_req_id=d191662b-dbc5-749d-ce22-c36413dfedd6 tf_provider_addr=registry.terraform.io/hashicorp/zitadel tf_rpc=ValidateProviderConfig tf_mux_provider="*proto6server.Server" tf_attribute_path=domain
2025-11-12T10:08:45.604+0700 [DEBUG] sdk.framework: Called provider defined Type Validate: tf_req_id=d191662b-dbc5-749d-ce22-c36413dfedd6 tf_provider_addr=registry.terraform.io/hashicorp/zitadel tf_rpc=ValidateProviderConfig tf_mux_provider="*proto6server.Server" tf_attribute_path=domain
2025-11-12T10:08:45.604+0700 [DEBUG] sdk.framework: Calling provider defined Type Validate: tf_attribute_path=insecure tf_provider_addr=registry.terraform.io/hashicorp/zitadel tf_rpc=ValidateProviderConfig tf_mux_provider="*proto6server.Server" tf_req_id=d191662b-dbc5-749d-ce22-c36413dfedd6
2025-11-12T10:08:45.604+0700 [DEBUG] sdk.framework: Called provider defined Type Validate: tf_mux_provider="*proto6server.Server" tf_req_id=d191662b-dbc5-749d-ce22-c36413dfedd6 tf_attribute_path=insecure tf_provider_addr=registry.terraform.io/hashicorp/zitadel tf_rpc=ValidateProviderConfig
2025-11-12T10:08:45.604+0700 [DEBUG] sdk.framework: Calling provider defined Type Validate: tf_req_id=d191662b-dbc5-749d-ce22-c36413dfedd6 tf_provider_addr=registry.terraform.io/hashicorp/zitadel tf_rpc=ValidateProviderConfig tf_mux_provider="*proto6server.Server" tf_attribute_path=token
2025-11-12T10:08:45.604+0700 [DEBUG] sdk.framework: Called provider defined Type Validate: tf_provider_addr=registry.terraform.io/hashicorp/zitadel tf_rpc=ValidateProviderConfig tf_mux_provider="*proto6server.Server" tf_attribute_path=token tf_req_id=d191662b-dbc5-749d-ce22-c36413dfedd6
2025-11-12T10:08:45.604+0700 [DEBUG] sdk.framework: Calling provider defined Type Validate: tf_req_id=d191662b-dbc5-749d-ce22-c36413dfedd6 tf_provider_addr=registry.terraform.io/hashicorp/zitadel tf_rpc=ValidateProviderConfig tf_mux_provider="*proto6server.Server" tf_attribute_path=jwt_file
2025-11-12T10:08:45.604+0700 [DEBUG] sdk.framework: Called provider defined Type Validate: tf_req_id=d191662b-dbc5-749d-ce22-c36413dfedd6 tf_provider_addr=registry.terraform.io/hashicorp/zitadel tf_rpc=ValidateProviderConfig tf_mux_provider="*proto6server.Server" tf_attribute_path=jwt_file
2025-11-12T10:08:45.604+0700 [DEBUG] sdk.framework: Calling provider defined Type Validate: tf_mux_provider="*proto6server.Server" tf_attribute_path=jwt_profile_file tf_req_id=d191662b-dbc5-749d-ce22-c36413dfedd6 tf_provider_addr=registry.terraform.io/hashicorp/zitadel tf_rpc=ValidateProviderConfig
2025-11-12T10:08:45.604+0700 [DEBUG] sdk.framework: Called provider defined Type Validate: tf_attribute_path=jwt_profile_file tf_req_id=d191662b-dbc5-749d-ce22-c36413dfedd6 tf_provider_addr=registry.terraform.io/hashicorp/zitadel tf_rpc=ValidateProviderConfig tf_mux_provider="*proto6server.Server"
2025-11-12T10:08:45.604+0700 [DEBUG] sdk.framework: Calling provider defined Type Validate: tf_mux_provider="*proto6server.Server" tf_attribute_path=jwt_profile_json tf_req_id=d191662b-dbc5-749d-ce22-c36413dfedd6 tf_provider_addr=registry.terraform.io/hashicorp/zitadel tf_rpc=ValidateProviderConfig
2025-11-12T10:08:45.604+0700 [DEBUG] sdk.framework: Called provider defined Type Validate: tf_req_id=d191662b-dbc5-749d-ce22-c36413dfedd6 tf_provider_addr=registry.terraform.io/hashicorp/zitadel tf_rpc=ValidateProviderConfig tf_mux_provider="*proto6server.Server" tf_attribute_path=jwt_profile_json
2025-11-12T10:08:45.604+0700 [DEBUG] sdk.framework: Calling provider defined Type Validate: tf_req_id=d191662b-dbc5-749d-ce22-c36413dfedd6 tf_provider_addr=registry.terraform.io/hashicorp/zitadel tf_rpc=ValidateProviderConfig tf_mux_provider="*proto6server.Server" tf_attribute_path=port
2025-11-12T10:08:45.604+0700 [DEBUG] sdk.framework: Called provider defined Type Validate: tf_mux_provider="*proto6server.Server" tf_attribute_path=port tf_req_id=d191662b-dbc5-749d-ce22-c36413dfedd6 tf_provider_addr=registry.terraform.io/hashicorp/zitadel tf_rpc=ValidateProviderConfig
2025-11-12T10:08:45.605+0700 [DEBUG] sdk.framework: Calling provider defined Provider Configure: tf_rpc=ConfigureProvider tf_mux_provider="*proto6server.Server" tf_req_id=d0710cd7-84f9-9f16-ba51-83671ec935de tf_provider_addr=registry.terraform.io/hashicorp/zitadel
2025-11-12T10:08:45.605+0700 [DEBUG] sdk.framework: Called provider defined Provider Configure: tf_rpc=ConfigureProvider tf_mux_provider="*proto6server.Server" tf_req_id=d0710cd7-84f9-9f16-ba51-83671ec935de tf_provider_addr=registry.terraform.io/hashicorp/zitadel
2025-11-12T10:08:45.605+0700 [WARN]  sdk.helper_schema: Previously configured provider being re-configured. This can cause issues in concurrent testing if the configurations are not equal.: tf_rpc=ConfigureProvider tf_mux_provider=tf5to6server.v5tov6Server tf_req_id=d0710cd7-84f9-9f16-ba51-83671ec935de tf_provider_addr=registry.terraform.io/hashicorp/zitadel
2025-11-12T10:08:45.642+0700 [DEBUG] sdk.helper_resource: Stopping providers: test_working_directory=/var/folders/zb/bthr58b10pg5xj_pbtlb4jzc0000gn/T/plugintest1905966558 test_step_number=2 test_name=TestAccActionExecution_Response test_terraform_path=/Users/mridang/Code/zitadel/terraform-provider-zitadel/.devbox/nix/profile/default/bin/terraform
2025-11-12T10:08:45.642+0700 [DEBUG] sdk.helper_resource: Creating tfprotov6 provider instance: test_name=TestAccActionExecution_Response test_terraform_path=/Users/mridang/Code/zitadel/terraform-provider-zitadel/.devbox/nix/profile/default/bin/terraform test_working_directory=/var/folders/zb/bthr58b10pg5xj_pbtlb4jzc0000gn/T/plugintest1905966558 tf_provider_addr=registry.terraform.io/hashicorp/zitadel test_step_number=2
2025-11-12T10:08:45.644+0700 [DEBUG] sdk.helper_resource: Created tfprotov6 provider instance: test_step_number=2 test_name=TestAccActionExecution_Response test_terraform_path=/Users/mridang/Code/zitadel/terraform-provider-zitadel/.devbox/nix/profile/default/bin/terraform test_working_directory=/var/folders/zb/bthr58b10pg5xj_pbtlb4jzc0000gn/T/plugintest1905966558 tf_provider_addr=registry.terraform.io/hashicorp/zitadel
2025-11-12T10:08:45.644+0700 [DEBUG] sdk.helper_resource: Starting tfprotov6 provider instance server: test_working_directory=/var/folders/zb/bthr58b10pg5xj_pbtlb4jzc0000gn/T/plugintest1905966558 test_step_number=2 test_name=TestAccActionExecution_Response test_terraform_path=/Users/mridang/Code/zitadel/terraform-provider-zitadel/.devbox/nix/profile/default/bin/terraform tf_provider_addr=registry.terraform.io/hashicorp/zitadel
2025-11-12T10:08:45.644+0700 [DEBUG] sdk.helper_resource: Started tfprotov6 provider instance server: test_name=TestAccActionExecution_Response test_terraform_path=/Users/mridang/Code/zitadel/terraform-provider-zitadel/.devbox/nix/profile/default/bin/terraform tf_provider_addr=registry.terraform.io/hashicorp/zitadel test_working_directory=/var/folders/zb/bthr58b10pg5xj_pbtlb4jzc0000gn/T/plugintest1905966558 test_step_number=2
2025-11-12T10:08:45.677+0700 [DEBUG] sdk.helper_resource: Stopping providers: test_step_number=2 test_name=TestAccActionExecution_Response test_terraform_path=/Users/mridang/Code/zitadel/terraform-provider-zitadel/.devbox/nix/profile/default/bin/terraform test_working_directory=/var/folders/zb/bthr58b10pg5xj_pbtlb4jzc0000gn/T/plugintest1905966558
2025-11-12T10:08:45.677+0700 [DEBUG] sdk.helper_resource: Creating tfprotov6 provider instance: test_name=TestAccActionExecution_Response test_terraform_path=/Users/mridang/Code/zitadel/terraform-provider-zitadel/.devbox/nix/profile/default/bin/terraform tf_provider_addr=registry.terraform.io/hashicorp/zitadel test_working_directory=/var/folders/zb/bthr58b10pg5xj_pbtlb4jzc0000gn/T/plugintest1905966558 test_step_number=2
2025-11-12T10:08:45.679+0700 [DEBUG] sdk.helper_resource: Created tfprotov6 provider instance: test_step_number=2 test_name=TestAccActionExecution_Response tf_provider_addr=registry.terraform.io/hashicorp/zitadel test_terraform_path=/Users/mridang/Code/zitadel/terraform-provider-zitadel/.devbox/nix/profile/default/bin/terraform test_working_directory=/var/folders/zb/bthr58b10pg5xj_pbtlb4jzc0000gn/T/plugintest1905966558
2025-11-12T10:08:45.679+0700 [DEBUG] sdk.helper_resource: Starting tfprotov6 provider instance server: test_name=TestAccActionExecution_Response test_terraform_path=/Users/mridang/Code/zitadel/terraform-provider-zitadel/.devbox/nix/profile/default/bin/terraform test_working_directory=/var/folders/zb/bthr58b10pg5xj_pbtlb4jzc0000gn/T/plugintest1905966558 test_step_number=2 tf_provider_addr=registry.terraform.io/hashicorp/zitadel
2025-11-12T10:08:45.679+0700 [DEBUG] sdk.helper_resource: Started tfprotov6 provider instance server: test_working_directory=/var/folders/zb/bthr58b10pg5xj_pbtlb4jzc0000gn/T/plugintest1905966558 test_step_number=2 test_name=TestAccActionExecution_Response test_terraform_path=/Users/mridang/Code/zitadel/terraform-provider-zitadel/.devbox/nix/profile/default/bin/terraform tf_provider_addr=registry.terraform.io/hashicorp/zitadel
2025-11-12T10:08:45.718+0700 [DEBUG] sdk.framework: Calling provider defined Type Validate: tf_rpc=ValidateProviderConfig tf_mux_provider="*proto6server.Server" tf_attribute_path=insecure tf_req_id=bc85393c-501c-d17c-8e5a-bed145de317a tf_provider_addr=registry.terraform.io/hashicorp/zitadel
2025-11-12T10:08:45.718+0700 [DEBUG] sdk.framework: Called provider defined Type Validate: tf_attribute_path=insecure tf_req_id=bc85393c-501c-d17c-8e5a-bed145de317a tf_provider_addr=registry.terraform.io/hashicorp/zitadel tf_rpc=ValidateProviderConfig tf_mux_provider="*proto6server.Server"
2025-11-12T10:08:45.718+0700 [DEBUG] sdk.framework: Calling provider defined Type Validate: tf_mux_provider="*proto6server.Server" tf_req_id=bc85393c-501c-d17c-8e5a-bed145de317a tf_provider_addr=registry.terraform.io/hashicorp/zitadel tf_attribute_path=token tf_rpc=ValidateProviderConfig
2025-11-12T10:08:45.718+0700 [DEBUG] sdk.framework: Called provider defined Type Validate: tf_rpc=ValidateProviderConfig tf_mux_provider="*proto6server.Server" tf_req_id=bc85393c-501c-d17c-8e5a-bed145de317a tf_provider_addr=registry.terraform.io/hashicorp/zitadel tf_attribute_path=token
2025-11-12T10:08:45.718+0700 [DEBUG] sdk.framework: Calling provider defined Type Validate: tf_mux_provider="*proto6server.Server" tf_req_id=bc85393c-501c-d17c-8e5a-bed145de317a tf_provider_addr=registry.terraform.io/hashicorp/zitadel tf_attribute_path=jwt_file tf_rpc=ValidateProviderConfig
2025-11-12T10:08:45.718+0700 [DEBUG] sdk.framework: Called provider defined Type Validate: tf_provider_addr=registry.terraform.io/hashicorp/zitadel tf_attribute_path=jwt_file tf_rpc=ValidateProviderConfig tf_mux_provider="*proto6server.Server" tf_req_id=bc85393c-501c-d17c-8e5a-bed145de317a
2025-11-12T10:08:45.718+0700 [DEBUG] sdk.framework: Calling provider defined Type Validate: tf_rpc=ValidateProviderConfig tf_mux_provider="*proto6server.Server" tf_req_id=bc85393c-501c-d17c-8e5a-bed145de317a tf_provider_addr=registry.terraform.io/hashicorp/zitadel tf_attribute_path=jwt_profile_file
2025-11-12T10:08:45.718+0700 [DEBUG] sdk.framework: Called provider defined Type Validate: tf_rpc=ValidateProviderConfig tf_mux_provider="*proto6server.Server" tf_req_id=bc85393c-501c-d17c-8e5a-bed145de317a tf_provider_addr=registry.terraform.io/hashicorp/zitadel tf_attribute_path=jwt_profile_file
2025-11-12T10:08:45.718+0700 [DEBUG] sdk.framework: Calling provider defined Type Validate: tf_attribute_path=jwt_profile_json tf_req_id=bc85393c-501c-d17c-8e5a-bed145de317a tf_provider_addr=registry.terraform.io/hashicorp/zitadel tf_rpc=ValidateProviderConfig tf_mux_provider="*proto6server.Server"
2025-11-12T10:08:45.718+0700 [DEBUG] sdk.framework: Called provider defined Type Validate: tf_mux_provider="*proto6server.Server" tf_attribute_path=jwt_profile_json tf_req_id=bc85393c-501c-d17c-8e5a-bed145de317a tf_provider_addr=registry.terraform.io/hashicorp/zitadel tf_rpc=ValidateProviderConfig
2025-11-12T10:08:45.718+0700 [DEBUG] sdk.framework: Calling provider defined Type Validate: tf_req_id=bc85393c-501c-d17c-8e5a-bed145de317a tf_provider_addr=registry.terraform.io/hashicorp/zitadel tf_rpc=ValidateProviderConfig tf_mux_provider="*proto6server.Server" tf_attribute_path=port
2025-11-12T10:08:45.718+0700 [DEBUG] sdk.framework: Called provider defined Type Validate: tf_provider_addr=registry.terraform.io/hashicorp/zitadel tf_rpc=ValidateProviderConfig tf_mux_provider="*proto6server.Server" tf_attribute_path=port tf_req_id=bc85393c-501c-d17c-8e5a-bed145de317a
2025-11-12T10:08:45.718+0700 [DEBUG] sdk.framework: Calling provider defined Type Validate: tf_rpc=ValidateProviderConfig tf_mux_provider="*proto6server.Server" tf_attribute_path=domain tf_req_id=bc85393c-501c-d17c-8e5a-bed145de317a tf_provider_addr=registry.terraform.io/hashicorp/zitadel
2025-11-12T10:08:45.718+0700 [DEBUG] sdk.framework: Called provider defined Type Validate: tf_provider_addr=registry.terraform.io/hashicorp/zitadel tf_rpc=ValidateProviderConfig tf_mux_provider="*proto6server.Server" tf_attribute_path=domain tf_req_id=bc85393c-501c-d17c-8e5a-bed145de317a
2025-11-12T10:08:45.718+0700 [DEBUG] sdk.framework: Calling provider defined Provider Configure: tf_provider_addr=registry.terraform.io/hashicorp/zitadel tf_rpc=ConfigureProvider tf_req_id=f8a8dc5b-0949-9fc9-9c9e-e0cc880fb7e4 tf_mux_provider="*proto6server.Server"
2025-11-12T10:08:45.719+0700 [DEBUG] sdk.framework: Called provider defined Provider Configure: tf_req_id=f8a8dc5b-0949-9fc9-9c9e-e0cc880fb7e4 tf_mux_provider="*proto6server.Server" tf_provider_addr=registry.terraform.io/hashicorp/zitadel tf_rpc=ConfigureProvider
2025-11-12T10:08:45.719+0700 [WARN]  sdk.helper_schema: Previously configured provider being re-configured. This can cause issues in concurrent testing if the configurations are not equal.: tf_req_id=f8a8dc5b-0949-9fc9-9c9e-e0cc880fb7e4 tf_mux_provider=tf5to6server.v5tov6Server tf_provider_addr=registry.terraform.io/hashicorp/zitadel tf_rpc=ConfigureProvider
2025-11-12T10:08:45.720+0700 [INFO]  zitadel: started create: tf_provider_addr=registry.terraform.io/hashicorp/zitadel tf_rpc=ApplyResourceChange tf_req_id=a2445863-c250-c4ee-94b6-92b106987898 tf_mux_provider=tf5to6server.v5tov6Server tf_resource_type=zitadel_action_target
2025-11-12T10:08:47.765+0700 [INFO]  zitadel: started set (create/update): tf_resource_type=zitadel_action_execution_response tf_provider_addr=registry.terraform.io/hashicorp/zitadel tf_mux_provider=tf5to6server.v5tov6Server tf_req_id=49f7d6ca-1fde-f60e-a62a-d45ef32d791e tf_rpc=ApplyResourceChange
2025-11-12T10:08:47.783+0700 [DEBUG] sdk.helper_resource: Stopping providers: test_terraform_path=/Users/mridang/Code/zitadel/terraform-provider-zitadel/.devbox/nix/profile/default/bin/terraform test_working_directory=/var/folders/zb/bthr58b10pg5xj_pbtlb4jzc0000gn/T/plugintest1905966558 test_step_number=2 test_name=TestAccActionExecution_Response
2025-11-12T10:08:47.784+0700 [DEBUG] sdk.helper_resource: Creating tfprotov6 provider instance: tf_provider_addr=registry.terraform.io/hashicorp/zitadel test_step_number=2 test_name=TestAccActionExecution_Response test_terraform_path=/Users/mridang/Code/zitadel/terraform-provider-zitadel/.devbox/nix/profile/default/bin/terraform test_working_directory=/var/folders/zb/bthr58b10pg5xj_pbtlb4jzc0000gn/T/plugintest1905966558
2025-11-12T10:08:47.785+0700 [DEBUG] sdk.helper_resource: Created tfprotov6 provider instance: test_terraform_path=/Users/mridang/Code/zitadel/terraform-provider-zitadel/.devbox/nix/profile/default/bin/terraform test_working_directory=/var/folders/zb/bthr58b10pg5xj_pbtlb4jzc0000gn/T/plugintest1905966558 tf_provider_addr=registry.terraform.io/hashicorp/zitadel test_step_number=2 test_name=TestAccActionExecution_Response
2025-11-12T10:08:47.785+0700 [DEBUG] sdk.helper_resource: Starting tfprotov6 provider instance server: test_terraform_path=/Users/mridang/Code/zitadel/terraform-provider-zitadel/.devbox/nix/profile/default/bin/terraform test_working_directory=/var/folders/zb/bthr58b10pg5xj_pbtlb4jzc0000gn/T/plugintest1905966558 tf_provider_addr=registry.terraform.io/hashicorp/zitadel test_step_number=2 test_name=TestAccActionExecution_Response
2025-11-12T10:08:47.786+0700 [DEBUG] sdk.helper_resource: Started tfprotov6 provider instance server: test_name=TestAccActionExecution_Response test_terraform_path=/Users/mridang/Code/zitadel/terraform-provider-zitadel/.devbox/nix/profile/default/bin/terraform test_working_directory=/var/folders/zb/bthr58b10pg5xj_pbtlb4jzc0000gn/T/plugintest1905966558 tf_provider_addr=registry.terraform.io/hashicorp/zitadel test_step_number=2
2025-11-12T10:08:47.823+0700 [DEBUG] sdk.helper_resource: Stopping providers: test_terraform_path=/Users/mridang/Code/zitadel/terraform-provider-zitadel/.devbox/nix/profile/default/bin/terraform test_working_directory=/var/folders/zb/bthr58b10pg5xj_pbtlb4jzc0000gn/T/plugintest1905966558 test_step_number=2 test_name=TestAccActionExecution_Response
2025-11-12T10:08:47.827+0700 [DEBUG] sdk.helper_resource: Running Terraform CLI plan to check for perpetual differences: test_working_directory=/var/folders/zb/bthr58b10pg5xj_pbtlb4jzc0000gn/T/plugintest1905966558 test_step_number=2 test_name=TestAccActionExecution_Response test_terraform_path=/Users/mridang/Code/zitadel/terraform-provider-zitadel/.devbox/nix/profile/default/bin/terraform
2025-11-12T10:08:47.827+0700 [DEBUG] sdk.helper_resource: Creating tfprotov6 provider instance: test_step_number=2 test_name=TestAccActionExecution_Response tf_provider_addr=registry.terraform.io/hashicorp/zitadel test_terraform_path=/Users/mridang/Code/zitadel/terraform-provider-zitadel/.devbox/nix/profile/default/bin/terraform test_working_directory=/var/folders/zb/bthr58b10pg5xj_pbtlb4jzc0000gn/T/plugintest1905966558
2025-11-12T10:08:47.829+0700 [DEBUG] sdk.helper_resource: Created tfprotov6 provider instance: test_step_number=2 test_name=TestAccActionExecution_Response test_terraform_path=/Users/mridang/Code/zitadel/terraform-provider-zitadel/.devbox/nix/profile/default/bin/terraform test_working_directory=/var/folders/zb/bthr58b10pg5xj_pbtlb4jzc0000gn/T/plugintest1905966558 tf_provider_addr=registry.terraform.io/hashicorp/zitadel
2025-11-12T10:08:47.829+0700 [DEBUG] sdk.helper_resource: Starting tfprotov6 provider instance server: tf_provider_addr=registry.terraform.io/hashicorp/zitadel test_name=TestAccActionExecution_Response test_terraform_path=/Users/mridang/Code/zitadel/terraform-provider-zitadel/.devbox/nix/profile/default/bin/terraform test_working_directory=/var/folders/zb/bthr58b10pg5xj_pbtlb4jzc0000gn/T/plugintest1905966558 test_step_number=2
2025-11-12T10:08:47.829+0700 [DEBUG] sdk.helper_resource: Started tfprotov6 provider instance server: test_step_number=2 test_name=TestAccActionExecution_Response test_terraform_path=/Users/mridang/Code/zitadel/terraform-provider-zitadel/.devbox/nix/profile/default/bin/terraform test_working_directory=/var/folders/zb/bthr58b10pg5xj_pbtlb4jzc0000gn/T/plugintest1905966558 tf_provider_addr=registry.terraform.io/hashicorp/zitadel
2025-11-12T10:08:47.876+0700 [DEBUG] sdk.framework: Calling provider defined Type Validate: tf_rpc=ValidateProviderConfig tf_mux_provider="*proto6server.Server" tf_req_id=d5590592-58bc-74ed-64cc-d65b9d8cb614 tf_provider_addr=registry.terraform.io/hashicorp/zitadel tf_attribute_path=jwt_file
2025-11-12T10:08:47.876+0700 [DEBUG] sdk.framework: Called provider defined Type Validate: tf_attribute_path=jwt_file tf_rpc=ValidateProviderConfig tf_mux_provider="*proto6server.Server" tf_req_id=d5590592-58bc-74ed-64cc-d65b9d8cb614 tf_provider_addr=registry.terraform.io/hashicorp/zitadel
2025-11-12T10:08:47.876+0700 [DEBUG] sdk.framework: Calling provider defined Type Validate: tf_provider_addr=registry.terraform.io/hashicorp/zitadel tf_rpc=ValidateProviderConfig tf_mux_provider="*proto6server.Server" tf_attribute_path=jwt_profile_file tf_req_id=d5590592-58bc-74ed-64cc-d65b9d8cb614
2025-11-12T10:08:47.876+0700 [DEBUG] sdk.framework: Called provider defined Type Validate: tf_provider_addr=registry.terraform.io/hashicorp/zitadel tf_rpc=ValidateProviderConfig tf_mux_provider="*proto6server.Server" tf_attribute_path=jwt_profile_file tf_req_id=d5590592-58bc-74ed-64cc-d65b9d8cb614
2025-11-12T10:08:47.876+0700 [DEBUG] sdk.framework: Calling provider defined Type Validate: tf_attribute_path=jwt_profile_json tf_req_id=d5590592-58bc-74ed-64cc-d65b9d8cb614 tf_provider_addr=registry.terraform.io/hashicorp/zitadel tf_rpc=ValidateProviderConfig tf_mux_provider="*proto6server.Server"
2025-11-12T10:08:47.876+0700 [DEBUG] sdk.framework: Called provider defined Type Validate: tf_attribute_path=jwt_profile_json tf_req_id=d5590592-58bc-74ed-64cc-d65b9d8cb614 tf_provider_addr=registry.terraform.io/hashicorp/zitadel tf_rpc=ValidateProviderConfig tf_mux_provider="*proto6server.Server"
2025-11-12T10:08:47.876+0700 [DEBUG] sdk.framework: Calling provider defined Type Validate: tf_provider_addr=registry.terraform.io/hashicorp/zitadel tf_rpc=ValidateProviderConfig tf_mux_provider="*proto6server.Server" tf_req_id=d5590592-58bc-74ed-64cc-d65b9d8cb614 tf_attribute_path=port
2025-11-12T10:08:47.876+0700 [DEBUG] sdk.framework: Called provider defined Type Validate: tf_provider_addr=registry.terraform.io/hashicorp/zitadel tf_rpc=ValidateProviderConfig tf_mux_provider="*proto6server.Server" tf_req_id=d5590592-58bc-74ed-64cc-d65b9d8cb614 tf_attribute_path=port
2025-11-12T10:08:47.876+0700 [DEBUG] sdk.framework: Calling provider defined Type Validate: tf_rpc=ValidateProviderConfig tf_mux_provider="*proto6server.Server" tf_attribute_path=domain tf_req_id=d5590592-58bc-74ed-64cc-d65b9d8cb614 tf_provider_addr=registry.terraform.io/hashicorp/zitadel
2025-11-12T10:08:47.876+0700 [DEBUG] sdk.framework: Called provider defined Type Validate: tf_req_id=d5590592-58bc-74ed-64cc-d65b9d8cb614 tf_provider_addr=registry.terraform.io/hashicorp/zitadel tf_rpc=ValidateProviderConfig tf_mux_provider="*proto6server.Server" tf_attribute_path=domain
2025-11-12T10:08:47.876+0700 [DEBUG] sdk.framework: Calling provider defined Type Validate: tf_mux_provider="*proto6server.Server" tf_attribute_path=insecure tf_req_id=d5590592-58bc-74ed-64cc-d65b9d8cb614 tf_provider_addr=registry.terraform.io/hashicorp/zitadel tf_rpc=ValidateProviderConfig
2025-11-12T10:08:47.876+0700 [DEBUG] sdk.framework: Called provider defined Type Validate: tf_req_id=d5590592-58bc-74ed-64cc-d65b9d8cb614 tf_provider_addr=registry.terraform.io/hashicorp/zitadel tf_rpc=ValidateProviderConfig tf_mux_provider="*proto6server.Server" tf_attribute_path=insecure
2025-11-12T10:08:47.876+0700 [DEBUG] sdk.framework: Calling provider defined Type Validate: tf_req_id=d5590592-58bc-74ed-64cc-d65b9d8cb614 tf_provider_addr=registry.terraform.io/hashicorp/zitadel tf_rpc=ValidateProviderConfig tf_mux_provider="*proto6server.Server" tf_attribute_path=token
2025-11-12T10:08:47.876+0700 [DEBUG] sdk.framework: Called provider defined Type Validate: tf_req_id=d5590592-58bc-74ed-64cc-d65b9d8cb614 tf_provider_addr=registry.terraform.io/hashicorp/zitadel tf_rpc=ValidateProviderConfig tf_mux_provider="*proto6server.Server" tf_attribute_path=token
2025-11-12T10:08:47.881+0700 [DEBUG] sdk.framework: Calling provider defined Type Validate: tf_req_id=b947f221-4ff6-74a6-833e-45252d3f6cfd tf_provider_addr=registry.terraform.io/hashicorp/zitadel tf_rpc=ValidateProviderConfig tf_mux_provider="*proto6server.Server" tf_attribute_path=insecure
2025-11-12T10:08:47.881+0700 [DEBUG] sdk.framework: Called provider defined Type Validate: tf_req_id=b947f221-4ff6-74a6-833e-45252d3f6cfd tf_provider_addr=registry.terraform.io/hashicorp/zitadel tf_rpc=ValidateProviderConfig tf_mux_provider="*proto6server.Server" tf_attribute_path=insecure
2025-11-12T10:08:47.881+0700 [DEBUG] sdk.framework: Calling provider defined Type Validate: tf_provider_addr=registry.terraform.io/hashicorp/zitadel tf_rpc=ValidateProviderConfig tf_mux_provider="*proto6server.Server" tf_attribute_path=token tf_req_id=b947f221-4ff6-74a6-833e-45252d3f6cfd
2025-11-12T10:08:47.881+0700 [DEBUG] sdk.framework: Called provider defined Type Validate: tf_rpc=ValidateProviderConfig tf_mux_provider="*proto6server.Server" tf_attribute_path=token tf_req_id=b947f221-4ff6-74a6-833e-45252d3f6cfd tf_provider_addr=registry.terraform.io/hashicorp/zitadel
2025-11-12T10:08:47.881+0700 [DEBUG] sdk.framework: Calling provider defined Type Validate: tf_attribute_path=jwt_file tf_req_id=b947f221-4ff6-74a6-833e-45252d3f6cfd tf_provider_addr=registry.terraform.io/hashicorp/zitadel tf_rpc=ValidateProviderConfig tf_mux_provider="*proto6server.Server"
2025-11-12T10:08:47.881+0700 [DEBUG] sdk.framework: Called provider defined Type Validate: tf_provider_addr=registry.terraform.io/hashicorp/zitadel tf_rpc=ValidateProviderConfig tf_mux_provider="*proto6server.Server" tf_attribute_path=jwt_file tf_req_id=b947f221-4ff6-74a6-833e-45252d3f6cfd
2025-11-12T10:08:47.881+0700 [DEBUG] sdk.framework: Calling provider defined Type Validate: tf_req_id=b947f221-4ff6-74a6-833e-45252d3f6cfd tf_provider_addr=registry.terraform.io/hashicorp/zitadel tf_rpc=ValidateProviderConfig tf_mux_provider="*proto6server.Server" tf_attribute_path=jwt_profile_file
2025-11-12T10:08:47.881+0700 [DEBUG] sdk.framework: Called provider defined Type Validate: tf_req_id=b947f221-4ff6-74a6-833e-45252d3f6cfd tf_provider_addr=registry.terraform.io/hashicorp/zitadel tf_rpc=ValidateProviderConfig tf_mux_provider="*proto6server.Server" tf_attribute_path=jwt_profile_file
2025-11-12T10:08:47.881+0700 [DEBUG] sdk.framework: Calling provider defined Type Validate: tf_attribute_path=jwt_profile_json tf_req_id=b947f221-4ff6-74a6-833e-45252d3f6cfd tf_provider_addr=registry.terraform.io/hashicorp/zitadel tf_rpc=ValidateProviderConfig tf_mux_provider="*proto6server.Server"
2025-11-12T10:08:47.881+0700 [DEBUG] sdk.framework: Called provider defined Type Validate: tf_attribute_path=jwt_profile_json tf_req_id=b947f221-4ff6-74a6-833e-45252d3f6cfd tf_provider_addr=registry.terraform.io/hashicorp/zitadel tf_rpc=ValidateProviderConfig tf_mux_provider="*proto6server.Server"
2025-11-12T10:08:47.881+0700 [DEBUG] sdk.framework: Calling provider defined Type Validate: tf_mux_provider="*proto6server.Server" tf_attribute_path=port tf_req_id=b947f221-4ff6-74a6-833e-45252d3f6cfd tf_provider_addr=registry.terraform.io/hashicorp/zitadel tf_rpc=ValidateProviderConfig
2025-11-12T10:08:47.881+0700 [DEBUG] sdk.framework: Called provider defined Type Validate: tf_attribute_path=port tf_req_id=b947f221-4ff6-74a6-833e-45252d3f6cfd tf_provider_addr=registry.terraform.io/hashicorp/zitadel tf_rpc=ValidateProviderConfig tf_mux_provider="*proto6server.Server"
2025-11-12T10:08:47.881+0700 [DEBUG] sdk.framework: Calling provider defined Type Validate: tf_req_id=b947f221-4ff6-74a6-833e-45252d3f6cfd tf_provider_addr=registry.terraform.io/hashicorp/zitadel tf_rpc=ValidateProviderConfig tf_mux_provider="*proto6server.Server" tf_attribute_path=domain
2025-11-12T10:08:47.881+0700 [DEBUG] sdk.framework: Called provider defined Type Validate: tf_req_id=b947f221-4ff6-74a6-833e-45252d3f6cfd tf_provider_addr=registry.terraform.io/hashicorp/zitadel tf_rpc=ValidateProviderConfig tf_mux_provider="*proto6server.Server" tf_attribute_path=domain
2025-11-12T10:08:47.882+0700 [DEBUG] sdk.framework: Calling provider defined Provider Configure: tf_rpc=ConfigureProvider tf_req_id=40daa0d4-b215-9918-94ab-f4e99d0a704c tf_provider_addr=registry.terraform.io/hashicorp/zitadel tf_mux_provider="*proto6server.Server"
2025-11-12T10:08:47.882+0700 [DEBUG] sdk.framework: Called provider defined Provider Configure: tf_mux_provider="*proto6server.Server" tf_rpc=ConfigureProvider tf_req_id=40daa0d4-b215-9918-94ab-f4e99d0a704c tf_provider_addr=registry.terraform.io/hashicorp/zitadel
2025-11-12T10:08:47.882+0700 [WARN]  sdk.helper_schema: Previously configured provider being re-configured. This can cause issues in concurrent testing if the configurations are not equal.: tf_mux_provider=tf5to6server.v5tov6Server tf_rpc=ConfigureProvider tf_req_id=40daa0d4-b215-9918-94ab-f4e99d0a704c tf_provider_addr=registry.terraform.io/hashicorp/zitadel
2025-11-12T10:08:47.889+0700 [DEBUG] sdk.helper_resource: Stopping providers: test_step_number=2 test_name=TestAccActionExecution_Response test_terraform_path=/Users/mridang/Code/zitadel/terraform-provider-zitadel/.devbox/nix/profile/default/bin/terraform test_working_directory=/var/folders/zb/bthr58b10pg5xj_pbtlb4jzc0000gn/T/plugintest1905966558
2025-11-12T10:08:47.889+0700 [DEBUG] sdk.helper_resource: Creating tfprotov6 provider instance: test_step_number=2 test_name=TestAccActionExecution_Response test_terraform_path=/Users/mridang/Code/zitadel/terraform-provider-zitadel/.devbox/nix/profile/default/bin/terraform test_working_directory=/var/folders/zb/bthr58b10pg5xj_pbtlb4jzc0000gn/T/plugintest1905966558 tf_provider_addr=registry.terraform.io/hashicorp/zitadel
2025-11-12T10:08:47.891+0700 [DEBUG] sdk.helper_resource: Created tfprotov6 provider instance: test_step_number=2 test_name=TestAccActionExecution_Response test_terraform_path=/Users/mridang/Code/zitadel/terraform-provider-zitadel/.devbox/nix/profile/default/bin/terraform test_working_directory=/var/folders/zb/bthr58b10pg5xj_pbtlb4jzc0000gn/T/plugintest1905966558 tf_provider_addr=registry.terraform.io/hashicorp/zitadel
2025-11-12T10:08:47.891+0700 [DEBUG] sdk.helper_resource: Starting tfprotov6 provider instance server: test_step_number=2 test_name=TestAccActionExecution_Response test_terraform_path=/Users/mridang/Code/zitadel/terraform-provider-zitadel/.devbox/nix/profile/default/bin/terraform tf_provider_addr=registry.terraform.io/hashicorp/zitadel test_working_directory=/var/folders/zb/bthr58b10pg5xj_pbtlb4jzc0000gn/T/plugintest1905966558
2025-11-12T10:08:47.891+0700 [DEBUG] sdk.helper_resource: Started tfprotov6 provider instance server: test_step_number=2 test_name=TestAccActionExecution_Response test_terraform_path=/Users/mridang/Code/zitadel/terraform-provider-zitadel/.devbox/nix/profile/default/bin/terraform test_working_directory=/var/folders/zb/bthr58b10pg5xj_pbtlb4jzc0000gn/T/plugintest1905966558 tf_provider_addr=registry.terraform.io/hashicorp/zitadel
2025-11-12T10:08:47.928+0700 [DEBUG] sdk.helper_resource: Stopping providers: test_terraform_path=/Users/mridang/Code/zitadel/terraform-provider-zitadel/.devbox/nix/profile/default/bin/terraform test_working_directory=/var/folders/zb/bthr58b10pg5xj_pbtlb4jzc0000gn/T/plugintest1905966558 test_step_number=2 test_name=TestAccActionExecution_Response
2025-11-12T10:08:47.929+0700 [DEBUG] sdk.helper_resource: Creating tfprotov6 provider instance: test_step_number=2 test_name=TestAccActionExecution_Response test_terraform_path=/Users/mridang/Code/zitadel/terraform-provider-zitadel/.devbox/nix/profile/default/bin/terraform test_working_directory=/var/folders/zb/bthr58b10pg5xj_pbtlb4jzc0000gn/T/plugintest1905966558 tf_provider_addr=registry.terraform.io/hashicorp/zitadel
2025-11-12T10:08:47.930+0700 [DEBUG] sdk.helper_resource: Created tfprotov6 provider instance: test_working_directory=/var/folders/zb/bthr58b10pg5xj_pbtlb4jzc0000gn/T/plugintest1905966558 tf_provider_addr=registry.terraform.io/hashicorp/zitadel test_step_number=2 test_name=TestAccActionExecution_Response test_terraform_path=/Users/mridang/Code/zitadel/terraform-provider-zitadel/.devbox/nix/profile/default/bin/terraform
2025-11-12T10:08:47.930+0700 [DEBUG] sdk.helper_resource: Starting tfprotov6 provider instance server: test_terraform_path=/Users/mridang/Code/zitadel/terraform-provider-zitadel/.devbox/nix/profile/default/bin/terraform test_working_directory=/var/folders/zb/bthr58b10pg5xj_pbtlb4jzc0000gn/T/plugintest1905966558 tf_provider_addr=registry.terraform.io/hashicorp/zitadel test_step_number=2 test_name=TestAccActionExecution_Response
2025-11-12T10:08:47.931+0700 [DEBUG] sdk.helper_resource: Started tfprotov6 provider instance server: test_terraform_path=/Users/mridang/Code/zitadel/terraform-provider-zitadel/.devbox/nix/profile/default/bin/terraform test_working_directory=/var/folders/zb/bthr58b10pg5xj_pbtlb4jzc0000gn/T/plugintest1905966558 test_step_number=2 test_name=TestAccActionExecution_Response tf_provider_addr=registry.terraform.io/hashicorp/zitadel
2025-11-12T10:08:47.972+0700 [DEBUG] sdk.framework: Calling provider defined Type Validate: tf_req_id=e0066fe5-3bd5-4da0-952d-3dc80e74e3c8 tf_provider_addr=registry.terraform.io/hashicorp/zitadel tf_rpc=ValidateProviderConfig tf_mux_provider="*proto6server.Server" tf_attribute_path=jwt_profile_file
2025-11-12T10:08:47.972+0700 [DEBUG] sdk.framework: Called provider defined Type Validate: tf_req_id=e0066fe5-3bd5-4da0-952d-3dc80e74e3c8 tf_provider_addr=registry.terraform.io/hashicorp/zitadel tf_rpc=ValidateProviderConfig tf_mux_provider="*proto6server.Server" tf_attribute_path=jwt_profile_file
2025-11-12T10:08:47.972+0700 [DEBUG] sdk.framework: Calling provider defined Type Validate: tf_rpc=ValidateProviderConfig tf_mux_provider="*proto6server.Server" tf_attribute_path=jwt_profile_json tf_req_id=e0066fe5-3bd5-4da0-952d-3dc80e74e3c8 tf_provider_addr=registry.terraform.io/hashicorp/zitadel
2025-11-12T10:08:47.972+0700 [DEBUG] sdk.framework: Called provider defined Type Validate: tf_provider_addr=registry.terraform.io/hashicorp/zitadel tf_rpc=ValidateProviderConfig tf_mux_provider="*proto6server.Server" tf_attribute_path=jwt_profile_json tf_req_id=e0066fe5-3bd5-4da0-952d-3dc80e74e3c8
2025-11-12T10:08:47.972+0700 [DEBUG] sdk.framework: Calling provider defined Type Validate: tf_provider_addr=registry.terraform.io/hashicorp/zitadel tf_rpc=ValidateProviderConfig tf_mux_provider="*proto6server.Server" tf_attribute_path=port tf_req_id=e0066fe5-3bd5-4da0-952d-3dc80e74e3c8
2025-11-12T10:08:47.972+0700 [DEBUG] sdk.framework: Called provider defined Type Validate: tf_req_id=e0066fe5-3bd5-4da0-952d-3dc80e74e3c8 tf_provider_addr=registry.terraform.io/hashicorp/zitadel tf_rpc=ValidateProviderConfig tf_mux_provider="*proto6server.Server" tf_attribute_path=port
2025-11-12T10:08:47.972+0700 [DEBUG] sdk.framework: Calling provider defined Type Validate: tf_req_id=e0066fe5-3bd5-4da0-952d-3dc80e74e3c8 tf_attribute_path=domain tf_provider_addr=registry.terraform.io/hashicorp/zitadel tf_rpc=ValidateProviderConfig tf_mux_provider="*proto6server.Server"
2025-11-12T10:08:47.972+0700 [DEBUG] sdk.framework: Called provider defined Type Validate: tf_provider_addr=registry.terraform.io/hashicorp/zitadel tf_rpc=ValidateProviderConfig tf_mux_provider="*proto6server.Server" tf_req_id=e0066fe5-3bd5-4da0-952d-3dc80e74e3c8 tf_attribute_path=domain
2025-11-12T10:08:47.972+0700 [DEBUG] sdk.framework: Calling provider defined Type Validate: tf_attribute_path=insecure tf_rpc=ValidateProviderConfig tf_mux_provider="*proto6server.Server" tf_req_id=e0066fe5-3bd5-4da0-952d-3dc80e74e3c8 tf_provider_addr=registry.terraform.io/hashicorp/zitadel
2025-11-12T10:08:47.972+0700 [DEBUG] sdk.framework: Called provider defined Type Validate: tf_rpc=ValidateProviderConfig tf_mux_provider="*proto6server.Server" tf_req_id=e0066fe5-3bd5-4da0-952d-3dc80e74e3c8 tf_provider_addr=registry.terraform.io/hashicorp/zitadel tf_attribute_path=insecure
2025-11-12T10:08:47.972+0700 [DEBUG] sdk.framework: Calling provider defined Type Validate: tf_rpc=ValidateProviderConfig tf_mux_provider="*proto6server.Server" tf_req_id=e0066fe5-3bd5-4da0-952d-3dc80e74e3c8 tf_attribute_path=token tf_provider_addr=registry.terraform.io/hashicorp/zitadel
2025-11-12T10:08:47.972+0700 [DEBUG] sdk.framework: Called provider defined Type Validate: tf_rpc=ValidateProviderConfig tf_mux_provider="*proto6server.Server" tf_req_id=e0066fe5-3bd5-4da0-952d-3dc80e74e3c8 tf_attribute_path=token tf_provider_addr=registry.terraform.io/hashicorp/zitadel
2025-11-12T10:08:47.972+0700 [DEBUG] sdk.framework: Calling provider defined Type Validate: tf_provider_addr=registry.terraform.io/hashicorp/zitadel tf_attribute_path=jwt_file tf_rpc=ValidateProviderConfig tf_mux_provider="*proto6server.Server" tf_req_id=e0066fe5-3bd5-4da0-952d-3dc80e74e3c8
2025-11-12T10:08:47.972+0700 [DEBUG] sdk.framework: Called provider defined Type Validate: tf_rpc=ValidateProviderConfig tf_mux_provider="*proto6server.Server" tf_req_id=e0066fe5-3bd5-4da0-952d-3dc80e74e3c8 tf_provider_addr=registry.terraform.io/hashicorp/zitadel tf_attribute_path=jwt_file
2025-11-12T10:08:47.979+0700 [DEBUG] sdk.framework: Calling provider defined Type Validate: tf_mux_provider="*proto6server.Server" tf_attribute_path=insecure tf_rpc=ValidateProviderConfig tf_req_id=14f3e6c2-97c2-79ac-c388-93d5f11d05a1 tf_provider_addr=registry.terraform.io/hashicorp/zitadel
2025-11-12T10:08:47.979+0700 [DEBUG] sdk.framework: Called provider defined Type Validate: tf_mux_provider="*proto6server.Server" tf_attribute_path=insecure tf_rpc=ValidateProviderConfig tf_req_id=14f3e6c2-97c2-79ac-c388-93d5f11d05a1 tf_provider_addr=registry.terraform.io/hashicorp/zitadel
2025-11-12T10:08:47.979+0700 [DEBUG] sdk.framework: Calling provider defined Type Validate: tf_rpc=ValidateProviderConfig tf_req_id=14f3e6c2-97c2-79ac-c388-93d5f11d05a1 tf_provider_addr=registry.terraform.io/hashicorp/zitadel tf_mux_provider="*proto6server.Server" tf_attribute_path=token
2025-11-12T10:08:47.979+0700 [DEBUG] sdk.framework: Called provider defined Type Validate: tf_rpc=ValidateProviderConfig tf_req_id=14f3e6c2-97c2-79ac-c388-93d5f11d05a1 tf_provider_addr=registry.terraform.io/hashicorp/zitadel tf_mux_provider="*proto6server.Server" tf_attribute_path=token
2025-11-12T10:08:47.979+0700 [DEBUG] sdk.framework: Calling provider defined Type Validate: tf_rpc=ValidateProviderConfig tf_req_id=14f3e6c2-97c2-79ac-c388-93d5f11d05a1 tf_provider_addr=registry.terraform.io/hashicorp/zitadel tf_mux_provider="*proto6server.Server" tf_attribute_path=jwt_file
2025-11-12T10:08:47.979+0700 [DEBUG] sdk.framework: Called provider defined Type Validate: tf_rpc=ValidateProviderConfig tf_req_id=14f3e6c2-97c2-79ac-c388-93d5f11d05a1 tf_provider_addr=registry.terraform.io/hashicorp/zitadel tf_mux_provider="*proto6server.Server" tf_attribute_path=jwt_file
2025-11-12T10:08:47.979+0700 [DEBUG] sdk.framework: Calling provider defined Type Validate: tf_attribute_path=jwt_profile_file tf_rpc=ValidateProviderConfig tf_req_id=14f3e6c2-97c2-79ac-c388-93d5f11d05a1 tf_provider_addr=registry.terraform.io/hashicorp/zitadel tf_mux_provider="*proto6server.Server"
2025-11-12T10:08:47.979+0700 [DEBUG] sdk.framework: Called provider defined Type Validate: tf_req_id=14f3e6c2-97c2-79ac-c388-93d5f11d05a1 tf_provider_addr=registry.terraform.io/hashicorp/zitadel tf_mux_provider="*proto6server.Server" tf_attribute_path=jwt_profile_file tf_rpc=ValidateProviderConfig
2025-11-12T10:08:47.979+0700 [DEBUG] sdk.framework: Calling provider defined Type Validate: tf_rpc=ValidateProviderConfig tf_req_id=14f3e6c2-97c2-79ac-c388-93d5f11d05a1 tf_provider_addr=registry.terraform.io/hashicorp/zitadel tf_attribute_path=jwt_profile_json tf_mux_provider="*proto6server.Server"
2025-11-12T10:08:47.979+0700 [DEBUG] sdk.framework: Called provider defined Type Validate: tf_rpc=ValidateProviderConfig tf_req_id=14f3e6c2-97c2-79ac-c388-93d5f11d05a1 tf_provider_addr=registry.terraform.io/hashicorp/zitadel tf_attribute_path=jwt_profile_json tf_mux_provider="*proto6server.Server"
2025-11-12T10:08:47.979+0700 [DEBUG] sdk.framework: Calling provider defined Type Validate: tf_mux_provider="*proto6server.Server" tf_rpc=ValidateProviderConfig tf_req_id=14f3e6c2-97c2-79ac-c388-93d5f11d05a1 tf_provider_addr=registry.terraform.io/hashicorp/zitadel tf_attribute_path=port
2025-11-12T10:08:47.979+0700 [DEBUG] sdk.framework: Called provider defined Type Validate: tf_attribute_path=port tf_mux_provider="*proto6server.Server" tf_rpc=ValidateProviderConfig tf_req_id=14f3e6c2-97c2-79ac-c388-93d5f11d05a1 tf_provider_addr=registry.terraform.io/hashicorp/zitadel
2025-11-12T10:08:47.979+0700 [DEBUG] sdk.framework: Calling provider defined Type Validate: tf_req_id=14f3e6c2-97c2-79ac-c388-93d5f11d05a1 tf_provider_addr=registry.terraform.io/hashicorp/zitadel tf_attribute_path=domain tf_mux_provider="*proto6server.Server" tf_rpc=ValidateProviderConfig
2025-11-12T10:08:47.979+0700 [DEBUG] sdk.framework: Called provider defined Type Validate: tf_rpc=ValidateProviderConfig tf_req_id=14f3e6c2-97c2-79ac-c388-93d5f11d05a1 tf_provider_addr=registry.terraform.io/hashicorp/zitadel tf_attribute_path=domain tf_mux_provider="*proto6server.Server"
2025-11-12T10:08:47.979+0700 [DEBUG] sdk.framework: Calling provider defined Provider Configure: tf_provider_addr=registry.terraform.io/hashicorp/zitadel tf_rpc=ConfigureProvider tf_req_id=c205f71b-7b43-c654-2058-d5e6583630c0 tf_mux_provider="*proto6server.Server"
2025-11-12T10:08:47.979+0700 [DEBUG] sdk.framework: Called provider defined Provider Configure: tf_mux_provider="*proto6server.Server" tf_provider_addr=registry.terraform.io/hashicorp/zitadel tf_rpc=ConfigureProvider tf_req_id=c205f71b-7b43-c654-2058-d5e6583630c0
2025-11-12T10:08:47.979+0700 [WARN]  sdk.helper_schema: Previously configured provider being re-configured. This can cause issues in concurrent testing if the configurations are not equal.: tf_rpc=ConfigureProvider tf_req_id=c205f71b-7b43-c654-2058-d5e6583630c0 tf_mux_provider=tf5to6server.v5tov6Server tf_provider_addr=registry.terraform.io/hashicorp/zitadel
2025-11-12T10:08:47.980+0700 [INFO]  zitadel: started read: tf_req_id=2fdf8e9d-c4b4-e4f6-a2d7-b4c80fc8bf8d tf_provider_addr=registry.terraform.io/hashicorp/zitadel tf_rpc=ReadResource tf_resource_type=zitadel_action_target tf_mux_provider=tf5to6server.v5tov6Server
2025-11-12T10:08:47.988+0700 [INFO]  zitadel: started read: tf_req_id=13c64f8b-a92b-b70c-7037-54b061a371e6 tf_mux_provider=tf5to6server.v5tov6Server tf_resource_type=zitadel_action_execution_response tf_provider_addr=registry.terraform.io/hashicorp/zitadel tf_rpc=ReadResource
2025-11-12T10:08:48.001+0700 [DEBUG] sdk.helper_resource: Stopping providers: test_working_directory=/var/folders/zb/bthr58b10pg5xj_pbtlb4jzc0000gn/T/plugintest1905966558 test_step_number=2 test_name=TestAccActionExecution_Response test_terraform_path=/Users/mridang/Code/zitadel/terraform-provider-zitadel/.devbox/nix/profile/default/bin/terraform
2025-11-12T10:08:48.001+0700 [DEBUG] sdk.helper_resource: Creating tfprotov6 provider instance: test_working_directory=/var/folders/zb/bthr58b10pg5xj_pbtlb4jzc0000gn/T/plugintest1905966558 tf_provider_addr=registry.terraform.io/hashicorp/zitadel test_step_number=2 test_name=TestAccActionExecution_Response test_terraform_path=/Users/mridang/Code/zitadel/terraform-provider-zitadel/.devbox/nix/profile/default/bin/terraform
2025-11-12T10:08:48.003+0700 [DEBUG] sdk.helper_resource: Created tfprotov6 provider instance: test_step_number=2 test_name=TestAccActionExecution_Response test_terraform_path=/Users/mridang/Code/zitadel/terraform-provider-zitadel/.devbox/nix/profile/default/bin/terraform test_working_directory=/var/folders/zb/bthr58b10pg5xj_pbtlb4jzc0000gn/T/plugintest1905966558 tf_provider_addr=registry.terraform.io/hashicorp/zitadel
2025-11-12T10:08:48.003+0700 [DEBUG] sdk.helper_resource: Starting tfprotov6 provider instance server: tf_provider_addr=registry.terraform.io/hashicorp/zitadel test_working_directory=/var/folders/zb/bthr58b10pg5xj_pbtlb4jzc0000gn/T/plugintest1905966558 test_step_number=2 test_name=TestAccActionExecution_Response test_terraform_path=/Users/mridang/Code/zitadel/terraform-provider-zitadel/.devbox/nix/profile/default/bin/terraform
2025-11-12T10:08:48.003+0700 [DEBUG] sdk.helper_resource: Started tfprotov6 provider instance server: tf_provider_addr=registry.terraform.io/hashicorp/zitadel test_name=TestAccActionExecution_Response test_terraform_path=/Users/mridang/Code/zitadel/terraform-provider-zitadel/.devbox/nix/profile/default/bin/terraform test_working_directory=/var/folders/zb/bthr58b10pg5xj_pbtlb4jzc0000gn/T/plugintest1905966558 test_step_number=2
2025-11-12T10:08:48.043+0700 [DEBUG] sdk.framework: Calling provider defined Type Validate: tf_mux_provider="*proto6server.Server" tf_attribute_path=domain tf_req_id=330a5abe-e289-354b-5d9f-8347aec1cf1a tf_provider_addr=registry.terraform.io/hashicorp/zitadel tf_rpc=ValidateProviderConfig
2025-11-12T10:08:48.043+0700 [DEBUG] sdk.framework: Called provider defined Type Validate: tf_req_id=330a5abe-e289-354b-5d9f-8347aec1cf1a tf_provider_addr=registry.terraform.io/hashicorp/zitadel tf_rpc=ValidateProviderConfig tf_mux_provider="*proto6server.Server" tf_attribute_path=domain
2025-11-12T10:08:48.043+0700 [DEBUG] sdk.framework: Calling provider defined Type Validate: tf_rpc=ValidateProviderConfig tf_mux_provider="*proto6server.Server" tf_attribute_path=insecure tf_req_id=330a5abe-e289-354b-5d9f-8347aec1cf1a tf_provider_addr=registry.terraform.io/hashicorp/zitadel
2025-11-12T10:08:48.043+0700 [DEBUG] sdk.framework: Called provider defined Type Validate: tf_req_id=330a5abe-e289-354b-5d9f-8347aec1cf1a tf_provider_addr=registry.terraform.io/hashicorp/zitadel tf_rpc=ValidateProviderConfig tf_mux_provider="*proto6server.Server" tf_attribute_path=insecure
2025-11-12T10:08:48.043+0700 [DEBUG] sdk.framework: Calling provider defined Type Validate: tf_provider_addr=registry.terraform.io/hashicorp/zitadel tf_rpc=ValidateProviderConfig tf_mux_provider="*proto6server.Server" tf_attribute_path=token tf_req_id=330a5abe-e289-354b-5d9f-8347aec1cf1a
2025-11-12T10:08:48.043+0700 [DEBUG] sdk.framework: Called provider defined Type Validate: tf_provider_addr=registry.terraform.io/hashicorp/zitadel tf_rpc=ValidateProviderConfig tf_mux_provider="*proto6server.Server" tf_attribute_path=token tf_req_id=330a5abe-e289-354b-5d9f-8347aec1cf1a
2025-11-12T10:08:48.043+0700 [DEBUG] sdk.framework: Calling provider defined Type Validate: tf_req_id=330a5abe-e289-354b-5d9f-8347aec1cf1a tf_provider_addr=registry.terraform.io/hashicorp/zitadel tf_rpc=ValidateProviderConfig tf_mux_provider="*proto6server.Server" tf_attribute_path=jwt_file
2025-11-12T10:08:48.043+0700 [DEBUG] sdk.framework: Called provider defined Type Validate: tf_rpc=ValidateProviderConfig tf_mux_provider="*proto6server.Server" tf_attribute_path=jwt_file tf_req_id=330a5abe-e289-354b-5d9f-8347aec1cf1a tf_provider_addr=registry.terraform.io/hashicorp/zitadel
2025-11-12T10:08:48.043+0700 [DEBUG] sdk.framework: Calling provider defined Type Validate: tf_mux_provider="*proto6server.Server" tf_req_id=330a5abe-e289-354b-5d9f-8347aec1cf1a tf_provider_addr=registry.terraform.io/hashicorp/zitadel tf_attribute_path=jwt_profile_file tf_rpc=ValidateProviderConfig
2025-11-12T10:08:48.043+0700 [DEBUG] sdk.framework: Called provider defined Type Validate: tf_rpc=ValidateProviderConfig tf_mux_provider="*proto6server.Server" tf_req_id=330a5abe-e289-354b-5d9f-8347aec1cf1a tf_provider_addr=registry.terraform.io/hashicorp/zitadel tf_attribute_path=jwt_profile_file
2025-11-12T10:08:48.043+0700 [DEBUG] sdk.framework: Calling provider defined Type Validate: tf_mux_provider="*proto6server.Server" tf_attribute_path=jwt_profile_json tf_req_id=330a5abe-e289-354b-5d9f-8347aec1cf1a tf_provider_addr=registry.terraform.io/hashicorp/zitadel tf_rpc=ValidateProviderConfig
2025-11-12T10:08:48.043+0700 [DEBUG] sdk.framework: Called provider defined Type Validate: tf_req_id=330a5abe-e289-354b-5d9f-8347aec1cf1a tf_provider_addr=registry.terraform.io/hashicorp/zitadel tf_rpc=ValidateProviderConfig tf_mux_provider="*proto6server.Server" tf_attribute_path=jwt_profile_json
2025-11-12T10:08:48.043+0700 [DEBUG] sdk.framework: Calling provider defined Type Validate: tf_attribute_path=port tf_req_id=330a5abe-e289-354b-5d9f-8347aec1cf1a tf_provider_addr=registry.terraform.io/hashicorp/zitadel tf_rpc=ValidateProviderConfig tf_mux_provider="*proto6server.Server"
2025-11-12T10:08:48.043+0700 [DEBUG] sdk.framework: Called provider defined Type Validate: tf_mux_provider="*proto6server.Server" tf_attribute_path=port tf_req_id=330a5abe-e289-354b-5d9f-8347aec1cf1a tf_provider_addr=registry.terraform.io/hashicorp/zitadel tf_rpc=ValidateProviderConfig
2025-11-12T10:08:48.049+0700 [DEBUG] sdk.framework: Calling provider defined Type Validate: tf_mux_provider="*proto6server.Server" tf_attribute_path=jwt_profile_file tf_req_id=ec26df31-aff9-5d43-4e48-1dfc22c48da1 tf_provider_addr=registry.terraform.io/hashicorp/zitadel tf_rpc=ValidateProviderConfig
2025-11-12T10:08:48.049+0700 [DEBUG] sdk.framework: Called provider defined Type Validate: tf_attribute_path=jwt_profile_file tf_req_id=ec26df31-aff9-5d43-4e48-1dfc22c48da1 tf_provider_addr=registry.terraform.io/hashicorp/zitadel tf_rpc=ValidateProviderConfig tf_mux_provider="*proto6server.Server"
2025-11-12T10:08:48.049+0700 [DEBUG] sdk.framework: Calling provider defined Type Validate: tf_provider_addr=registry.terraform.io/hashicorp/zitadel tf_rpc=ValidateProviderConfig tf_mux_provider="*proto6server.Server" tf_req_id=ec26df31-aff9-5d43-4e48-1dfc22c48da1 tf_attribute_path=jwt_profile_json
2025-11-12T10:08:48.049+0700 [DEBUG] sdk.framework: Called provider defined Type Validate: tf_mux_provider="*proto6server.Server" tf_req_id=ec26df31-aff9-5d43-4e48-1dfc22c48da1 tf_attribute_path=jwt_profile_json tf_provider_addr=registry.terraform.io/hashicorp/zitadel tf_rpc=ValidateProviderConfig
2025-11-12T10:08:48.049+0700 [DEBUG] sdk.framework: Calling provider defined Type Validate: tf_provider_addr=registry.terraform.io/hashicorp/zitadel tf_rpc=ValidateProviderConfig tf_attribute_path=port tf_mux_provider="*proto6server.Server" tf_req_id=ec26df31-aff9-5d43-4e48-1dfc22c48da1
2025-11-12T10:08:48.049+0700 [DEBUG] sdk.framework: Called provider defined Type Validate: tf_mux_provider="*proto6server.Server" tf_req_id=ec26df31-aff9-5d43-4e48-1dfc22c48da1 tf_provider_addr=registry.terraform.io/hashicorp/zitadel tf_rpc=ValidateProviderConfig tf_attribute_path=port
2025-11-12T10:08:48.049+0700 [DEBUG] sdk.framework: Calling provider defined Type Validate: tf_rpc=ValidateProviderConfig tf_mux_provider="*proto6server.Server" tf_req_id=ec26df31-aff9-5d43-4e48-1dfc22c48da1 tf_provider_addr=registry.terraform.io/hashicorp/zitadel tf_attribute_path=domain
2025-11-12T10:08:48.049+0700 [DEBUG] sdk.framework: Called provider defined Type Validate: tf_mux_provider="*proto6server.Server" tf_req_id=ec26df31-aff9-5d43-4e48-1dfc22c48da1 tf_provider_addr=registry.terraform.io/hashicorp/zitadel tf_attribute_path=domain tf_rpc=ValidateProviderConfig
2025-11-12T10:08:48.049+0700 [DEBUG] sdk.framework: Calling provider defined Type Validate: tf_provider_addr=registry.terraform.io/hashicorp/zitadel tf_rpc=ValidateProviderConfig tf_mux_provider="*proto6server.Server" tf_attribute_path=insecure tf_req_id=ec26df31-aff9-5d43-4e48-1dfc22c48da1
2025-11-12T10:08:48.049+0700 [DEBUG] sdk.framework: Called provider defined Type Validate: tf_mux_provider="*proto6server.Server" tf_attribute_path=insecure tf_req_id=ec26df31-aff9-5d43-4e48-1dfc22c48da1 tf_provider_addr=registry.terraform.io/hashicorp/zitadel tf_rpc=ValidateProviderConfig
2025-11-12T10:08:48.049+0700 [DEBUG] sdk.framework: Calling provider defined Type Validate: tf_req_id=ec26df31-aff9-5d43-4e48-1dfc22c48da1 tf_provider_addr=registry.terraform.io/hashicorp/zitadel tf_rpc=ValidateProviderConfig tf_mux_provider="*proto6server.Server" tf_attribute_path=token
2025-11-12T10:08:48.049+0700 [DEBUG] sdk.framework: Called provider defined Type Validate: tf_attribute_path=token tf_req_id=ec26df31-aff9-5d43-4e48-1dfc22c48da1 tf_provider_addr=registry.terraform.io/hashicorp/zitadel tf_rpc=ValidateProviderConfig tf_mux_provider="*proto6server.Server"
2025-11-12T10:08:48.049+0700 [DEBUG] sdk.framework: Calling provider defined Type Validate: tf_provider_addr=registry.terraform.io/hashicorp/zitadel tf_rpc=ValidateProviderConfig tf_mux_provider="*proto6server.Server" tf_attribute_path=jwt_file tf_req_id=ec26df31-aff9-5d43-4e48-1dfc22c48da1
2025-11-12T10:08:48.049+0700 [DEBUG] sdk.framework: Called provider defined Type Validate: tf_provider_addr=registry.terraform.io/hashicorp/zitadel tf_rpc=ValidateProviderConfig tf_mux_provider="*proto6server.Server" tf_attribute_path=jwt_file tf_req_id=ec26df31-aff9-5d43-4e48-1dfc22c48da1
2025-11-12T10:08:48.049+0700 [DEBUG] sdk.framework: Calling provider defined Provider Configure: tf_rpc=ConfigureProvider tf_mux_provider="*proto6server.Server" tf_req_id=ea26f635-7dc9-9660-b054-52290de5b76b tf_provider_addr=registry.terraform.io/hashicorp/zitadel
2025-11-12T10:08:48.049+0700 [DEBUG] sdk.framework: Called provider defined Provider Configure: tf_rpc=ConfigureProvider tf_mux_provider="*proto6server.Server" tf_req_id=ea26f635-7dc9-9660-b054-52290de5b76b tf_provider_addr=registry.terraform.io/hashicorp/zitadel
2025-11-12T10:08:48.049+0700 [WARN]  sdk.helper_schema: Previously configured provider being re-configured. This can cause issues in concurrent testing if the configurations are not equal.: tf_mux_provider=tf5to6server.v5tov6Server tf_req_id=ea26f635-7dc9-9660-b054-52290de5b76b tf_provider_addr=registry.terraform.io/hashicorp/zitadel tf_rpc=ConfigureProvider
2025-11-12T10:08:48.054+0700 [DEBUG] sdk.helper_resource: Stopping providers: test_step_number=2 test_name=TestAccActionExecution_Response test_terraform_path=/Users/mridang/Code/zitadel/terraform-provider-zitadel/.devbox/nix/profile/default/bin/terraform test_working_directory=/var/folders/zb/bthr58b10pg5xj_pbtlb4jzc0000gn/T/plugintest1905966558
2025-11-12T10:08:48.054+0700 [DEBUG] sdk.helper_resource: Creating tfprotov6 provider instance: test_working_directory=/var/folders/zb/bthr58b10pg5xj_pbtlb4jzc0000gn/T/plugintest1905966558 test_step_number=2 test_name=TestAccActionExecution_Response test_terraform_path=/Users/mridang/Code/zitadel/terraform-provider-zitadel/.devbox/nix/profile/default/bin/terraform tf_provider_addr=registry.terraform.io/hashicorp/zitadel
2025-11-12T10:08:48.056+0700 [DEBUG] sdk.helper_resource: Created tfprotov6 provider instance: test_terraform_path=/Users/mridang/Code/zitadel/terraform-provider-zitadel/.devbox/nix/profile/default/bin/terraform test_working_directory=/var/folders/zb/bthr58b10pg5xj_pbtlb4jzc0000gn/T/plugintest1905966558 test_step_number=2 test_name=TestAccActionExecution_Response tf_provider_addr=registry.terraform.io/hashicorp/zitadel
2025-11-12T10:08:48.056+0700 [DEBUG] sdk.helper_resource: Starting tfprotov6 provider instance server: test_working_directory=/var/folders/zb/bthr58b10pg5xj_pbtlb4jzc0000gn/T/plugintest1905966558 tf_provider_addr=registry.terraform.io/hashicorp/zitadel test_step_number=2 test_name=TestAccActionExecution_Response test_terraform_path=/Users/mridang/Code/zitadel/terraform-provider-zitadel/.devbox/nix/profile/default/bin/terraform
2025-11-12T10:08:48.056+0700 [DEBUG] sdk.helper_resource: Started tfprotov6 provider instance server: test_step_number=2 test_name=TestAccActionExecution_Response test_terraform_path=/Users/mridang/Code/zitadel/terraform-provider-zitadel/.devbox/nix/profile/default/bin/terraform test_working_directory=/var/folders/zb/bthr58b10pg5xj_pbtlb4jzc0000gn/T/plugintest1905966558 tf_provider_addr=registry.terraform.io/hashicorp/zitadel
2025-11-12T10:08:48.091+0700 [DEBUG] sdk.helper_resource: Stopping providers: test_name=TestAccActionExecution_Response test_terraform_path=/Users/mridang/Code/zitadel/terraform-provider-zitadel/.devbox/nix/profile/default/bin/terraform test_working_directory=/var/folders/zb/bthr58b10pg5xj_pbtlb4jzc0000gn/T/plugintest1905966558 test_step_number=2
2025-11-12T10:08:48.091+0700 [DEBUG] sdk.helper_resource: Finished TestStep: test_step_number=2 test_name=TestAccActionExecution_Response test_terraform_path=/Users/mridang/Code/zitadel/terraform-provider-zitadel/.devbox/nix/profile/default/bin/terraform test_working_directory=/var/folders/zb/bthr58b10pg5xj_pbtlb4jzc0000gn/T/plugintest1905966558
2025-11-12T10:08:48.091+0700 [DEBUG] sdk.helper_resource: Starting TestStep: test_terraform_path=/Users/mridang/Code/zitadel/terraform-provider-zitadel/.devbox/nix/profile/default/bin/terraform test_working_directory=/var/folders/zb/bthr58b10pg5xj_pbtlb4jzc0000gn/T/plugintest1905966558 test_step_number=3 test_name=TestAccActionExecution_Response
2025-11-12T10:08:48.091+0700 [DEBUG] sdk.helper_resource: Creating tfprotov6 provider instance: test_name=TestAccActionExecution_Response test_terraform_path=/Users/mridang/Code/zitadel/terraform-provider-zitadel/.devbox/nix/profile/default/bin/terraform test_working_directory=/var/folders/zb/bthr58b10pg5xj_pbtlb4jzc0000gn/T/plugintest1905966558 test_step_number=3 tf_provider_addr=registry.terraform.io/hashicorp/zitadel
2025-11-12T10:08:48.093+0700 [DEBUG] sdk.helper_resource: Created tfprotov6 provider instance: tf_provider_addr=registry.terraform.io/hashicorp/zitadel test_name=TestAccActionExecution_Response test_terraform_path=/Users/mridang/Code/zitadel/terraform-provider-zitadel/.devbox/nix/profile/default/bin/terraform test_working_directory=/var/folders/zb/bthr58b10pg5xj_pbtlb4jzc0000gn/T/plugintest1905966558 test_step_number=3
2025-11-12T10:08:48.093+0700 [DEBUG] sdk.helper_resource: Starting tfprotov6 provider instance server: test_step_number=3 test_name=TestAccActionExecution_Response test_terraform_path=/Users/mridang/Code/zitadel/terraform-provider-zitadel/.devbox/nix/profile/default/bin/terraform test_working_directory=/var/folders/zb/bthr58b10pg5xj_pbtlb4jzc0000gn/T/plugintest1905966558 tf_provider_addr=registry.terraform.io/hashicorp/zitadel
2025-11-12T10:08:48.093+0700 [DEBUG] sdk.helper_resource: Started tfprotov6 provider instance server: test_terraform_path=/Users/mridang/Code/zitadel/terraform-provider-zitadel/.devbox/nix/profile/default/bin/terraform test_working_directory=/var/folders/zb/bthr58b10pg5xj_pbtlb4jzc0000gn/T/plugintest1905966558 test_step_number=3 tf_provider_addr=registry.terraform.io/hashicorp/zitadel test_name=TestAccActionExecution_Response
2025-11-12T10:08:48.134+0700 [DEBUG] sdk.framework: Calling provider defined Type Validate: tf_mux_provider="*proto6server.Server" tf_req_id=c2543435-975c-839c-a540-98d46228e4bb tf_attribute_path=jwt_file tf_rpc=ValidateProviderConfig tf_provider_addr=registry.terraform.io/hashicorp/zitadel
2025-11-12T10:08:48.134+0700 [DEBUG] sdk.framework: Called provider defined Type Validate: tf_provider_addr=registry.terraform.io/hashicorp/zitadel tf_mux_provider="*proto6server.Server" tf_req_id=c2543435-975c-839c-a540-98d46228e4bb tf_attribute_path=jwt_file tf_rpc=ValidateProviderConfig
2025-11-12T10:08:48.134+0700 [DEBUG] sdk.framework: Calling provider defined Type Validate: tf_provider_addr=registry.terraform.io/hashicorp/zitadel tf_mux_provider="*proto6server.Server" tf_req_id=c2543435-975c-839c-a540-98d46228e4bb tf_rpc=ValidateProviderConfig tf_attribute_path=jwt_profile_file
2025-11-12T10:08:48.134+0700 [DEBUG] sdk.framework: Called provider defined Type Validate: tf_req_id=c2543435-975c-839c-a540-98d46228e4bb tf_rpc=ValidateProviderConfig tf_attribute_path=jwt_profile_file tf_provider_addr=registry.terraform.io/hashicorp/zitadel tf_mux_provider="*proto6server.Server"
2025-11-12T10:08:48.134+0700 [DEBUG] sdk.framework: Calling provider defined Type Validate: tf_provider_addr=registry.terraform.io/hashicorp/zitadel tf_mux_provider="*proto6server.Server" tf_attribute_path=jwt_profile_json tf_req_id=c2543435-975c-839c-a540-98d46228e4bb tf_rpc=ValidateProviderConfig
2025-11-12T10:08:48.134+0700 [DEBUG] sdk.framework: Called provider defined Type Validate: tf_provider_addr=registry.terraform.io/hashicorp/zitadel tf_mux_provider="*proto6server.Server" tf_attribute_path=jwt_profile_json tf_req_id=c2543435-975c-839c-a540-98d46228e4bb tf_rpc=ValidateProviderConfig
2025-11-12T10:08:48.134+0700 [DEBUG] sdk.framework: Calling provider defined Type Validate: tf_mux_provider="*proto6server.Server" tf_attribute_path=port tf_req_id=c2543435-975c-839c-a540-98d46228e4bb tf_rpc=ValidateProviderConfig tf_provider_addr=registry.terraform.io/hashicorp/zitadel
2025-11-12T10:08:48.134+0700 [DEBUG] sdk.framework: Called provider defined Type Validate: tf_provider_addr=registry.terraform.io/hashicorp/zitadel tf_mux_provider="*proto6server.Server" tf_attribute_path=port tf_req_id=c2543435-975c-839c-a540-98d46228e4bb tf_rpc=ValidateProviderConfig
2025-11-12T10:08:48.134+0700 [DEBUG] sdk.framework: Calling provider defined Type Validate: tf_rpc=ValidateProviderConfig tf_provider_addr=registry.terraform.io/hashicorp/zitadel tf_mux_provider="*proto6server.Server" tf_attribute_path=domain tf_req_id=c2543435-975c-839c-a540-98d46228e4bb
2025-11-12T10:08:48.134+0700 [DEBUG] sdk.framework: Called provider defined Type Validate: tf_rpc=ValidateProviderConfig tf_provider_addr=registry.terraform.io/hashicorp/zitadel tf_mux_provider="*proto6server.Server" tf_attribute_path=domain tf_req_id=c2543435-975c-839c-a540-98d46228e4bb
2025-11-12T10:08:48.134+0700 [DEBUG] sdk.framework: Calling provider defined Type Validate: tf_mux_provider="*proto6server.Server" tf_req_id=c2543435-975c-839c-a540-98d46228e4bb tf_attribute_path=insecure tf_rpc=ValidateProviderConfig tf_provider_addr=registry.terraform.io/hashicorp/zitadel
2025-11-12T10:08:48.134+0700 [DEBUG] sdk.framework: Called provider defined Type Validate: tf_rpc=ValidateProviderConfig tf_provider_addr=registry.terraform.io/hashicorp/zitadel tf_mux_provider="*proto6server.Server" tf_req_id=c2543435-975c-839c-a540-98d46228e4bb tf_attribute_path=insecure
2025-11-12T10:08:48.134+0700 [DEBUG] sdk.framework: Calling provider defined Type Validate: tf_rpc=ValidateProviderConfig tf_provider_addr=registry.terraform.io/hashicorp/zitadel tf_mux_provider="*proto6server.Server" tf_attribute_path=token tf_req_id=c2543435-975c-839c-a540-98d46228e4bb
2025-11-12T10:08:48.134+0700 [DEBUG] sdk.framework: Called provider defined Type Validate: tf_rpc=ValidateProviderConfig tf_provider_addr=registry.terraform.io/hashicorp/zitadel tf_mux_provider="*proto6server.Server" tf_attribute_path=token tf_req_id=c2543435-975c-839c-a540-98d46228e4bb
2025-11-12T10:08:48.140+0700 [DEBUG] sdk.framework: Calling provider defined Type Validate: tf_attribute_path=jwt_profile_file tf_req_id=9de94c3c-ce73-fb65-c393-2f5da1bef89c tf_provider_addr=registry.terraform.io/hashicorp/zitadel tf_rpc=ValidateProviderConfig tf_mux_provider="*proto6server.Server"
2025-11-12T10:08:48.140+0700 [DEBUG] sdk.framework: Called provider defined Type Validate: tf_mux_provider="*proto6server.Server" tf_attribute_path=jwt_profile_file tf_req_id=9de94c3c-ce73-fb65-c393-2f5da1bef89c tf_provider_addr=registry.terraform.io/hashicorp/zitadel tf_rpc=ValidateProviderConfig
2025-11-12T10:08:48.140+0700 [DEBUG] sdk.framework: Calling provider defined Type Validate: tf_attribute_path=jwt_profile_json tf_mux_provider="*proto6server.Server" tf_req_id=9de94c3c-ce73-fb65-c393-2f5da1bef89c tf_provider_addr=registry.terraform.io/hashicorp/zitadel tf_rpc=ValidateProviderConfig
2025-11-12T10:08:48.140+0700 [DEBUG] sdk.framework: Called provider defined Type Validate: tf_mux_provider="*proto6server.Server" tf_req_id=9de94c3c-ce73-fb65-c393-2f5da1bef89c tf_provider_addr=registry.terraform.io/hashicorp/zitadel tf_rpc=ValidateProviderConfig tf_attribute_path=jwt_profile_json
2025-11-12T10:08:48.140+0700 [DEBUG] sdk.framework: Calling provider defined Type Validate: tf_attribute_path=port tf_req_id=9de94c3c-ce73-fb65-c393-2f5da1bef89c tf_provider_addr=registry.terraform.io/hashicorp/zitadel tf_rpc=ValidateProviderConfig tf_mux_provider="*proto6server.Server"
2025-11-12T10:08:48.140+0700 [DEBUG] sdk.framework: Called provider defined Type Validate: tf_req_id=9de94c3c-ce73-fb65-c393-2f5da1bef89c tf_provider_addr=registry.terraform.io/hashicorp/zitadel tf_rpc=ValidateProviderConfig tf_mux_provider="*proto6server.Server" tf_attribute_path=port
2025-11-12T10:08:48.140+0700 [DEBUG] sdk.framework: Calling provider defined Type Validate: tf_req_id=9de94c3c-ce73-fb65-c393-2f5da1bef89c tf_provider_addr=registry.terraform.io/hashicorp/zitadel tf_rpc=ValidateProviderConfig tf_mux_provider="*proto6server.Server" tf_attribute_path=domain
2025-11-12T10:08:48.140+0700 [DEBUG] sdk.framework: Called provider defined Type Validate: tf_rpc=ValidateProviderConfig tf_mux_provider="*proto6server.Server" tf_attribute_path=domain tf_req_id=9de94c3c-ce73-fb65-c393-2f5da1bef89c tf_provider_addr=registry.terraform.io/hashicorp/zitadel
2025-11-12T10:08:48.140+0700 [DEBUG] sdk.framework: Calling provider defined Type Validate: tf_provider_addr=registry.terraform.io/hashicorp/zitadel tf_rpc=ValidateProviderConfig tf_mux_provider="*proto6server.Server" tf_attribute_path=insecure tf_req_id=9de94c3c-ce73-fb65-c393-2f5da1bef89c
2025-11-12T10:08:48.140+0700 [DEBUG] sdk.framework: Called provider defined Type Validate: tf_req_id=9de94c3c-ce73-fb65-c393-2f5da1bef89c tf_provider_addr=registry.terraform.io/hashicorp/zitadel tf_rpc=ValidateProviderConfig tf_mux_provider="*proto6server.Server" tf_attribute_path=insecure
2025-11-12T10:08:48.140+0700 [DEBUG] sdk.framework: Calling provider defined Type Validate: tf_rpc=ValidateProviderConfig tf_mux_provider="*proto6server.Server" tf_attribute_path=token tf_req_id=9de94c3c-ce73-fb65-c393-2f5da1bef89c tf_provider_addr=registry.terraform.io/hashicorp/zitadel
2025-11-12T10:08:48.140+0700 [DEBUG] sdk.framework: Called provider defined Type Validate: tf_mux_provider="*proto6server.Server" tf_attribute_path=token tf_req_id=9de94c3c-ce73-fb65-c393-2f5da1bef89c tf_provider_addr=registry.terraform.io/hashicorp/zitadel tf_rpc=ValidateProviderConfig
2025-11-12T10:08:48.140+0700 [DEBUG] sdk.framework: Calling provider defined Type Validate: tf_rpc=ValidateProviderConfig tf_mux_provider="*proto6server.Server" tf_req_id=9de94c3c-ce73-fb65-c393-2f5da1bef89c tf_provider_addr=registry.terraform.io/hashicorp/zitadel tf_attribute_path=jwt_file
2025-11-12T10:08:48.140+0700 [DEBUG] sdk.framework: Called provider defined Type Validate: tf_rpc=ValidateProviderConfig tf_mux_provider="*proto6server.Server" tf_req_id=9de94c3c-ce73-fb65-c393-2f5da1bef89c tf_provider_addr=registry.terraform.io/hashicorp/zitadel tf_attribute_path=jwt_file
2025-11-12T10:08:48.141+0700 [DEBUG] sdk.framework: Calling provider defined Provider Configure: tf_req_id=f2bc7e66-e147-441a-02e5-28c2a3705545 tf_provider_addr=registry.terraform.io/hashicorp/zitadel tf_rpc=ConfigureProvider tf_mux_provider="*proto6server.Server"
2025-11-12T10:08:48.141+0700 [DEBUG] sdk.framework: Called provider defined Provider Configure: tf_req_id=f2bc7e66-e147-441a-02e5-28c2a3705545 tf_provider_addr=registry.terraform.io/hashicorp/zitadel tf_rpc=ConfigureProvider tf_mux_provider="*proto6server.Server"
2025-11-12T10:08:48.141+0700 [WARN]  sdk.helper_schema: Previously configured provider being re-configured. This can cause issues in concurrent testing if the configurations are not equal.: tf_mux_provider=tf5to6server.v5tov6Server tf_req_id=f2bc7e66-e147-441a-02e5-28c2a3705545 tf_provider_addr=registry.terraform.io/hashicorp/zitadel tf_rpc=ConfigureProvider
2025-11-12T10:08:48.142+0700 [INFO]  zitadel: started read: tf_resource_type=zitadel_action_target tf_req_id=ea455889-39a9-eafb-9a7b-a67be68ba645 tf_provider_addr=registry.terraform.io/hashicorp/zitadel tf_mux_provider=tf5to6server.v5tov6Server tf_rpc=ReadResource
2025-11-12T10:08:48.160+0700 [INFO]  zitadel: started read: tf_resource_type=zitadel_action_execution_response tf_rpc=ReadResource tf_req_id=6b1a0ce7-d129-0023-cf99-bc7983a12bd2 tf_provider_addr=registry.terraform.io/hashicorp/zitadel tf_mux_provider=tf5to6server.v5tov6Server
2025-11-12T10:08:48.176+0700 [DEBUG] sdk.helper_resource: Stopping providers: test_step_number=3 test_name=TestAccActionExecution_Response test_terraform_path=/Users/mridang/Code/zitadel/terraform-provider-zitadel/.devbox/nix/profile/default/bin/terraform test_working_directory=/var/folders/zb/bthr58b10pg5xj_pbtlb4jzc0000gn/T/plugintest1905966558
2025-11-12T10:08:48.176+0700 [DEBUG] sdk.helper_resource: Running Terraform CLI plan to check for perpetual differences: test_name=TestAccActionExecution_Response test_terraform_path=/Users/mridang/Code/zitadel/terraform-provider-zitadel/.devbox/nix/profile/default/bin/terraform test_working_directory=/var/folders/zb/bthr58b10pg5xj_pbtlb4jzc0000gn/T/plugintest1905966558 test_step_number=3
2025-11-12T10:08:48.176+0700 [DEBUG] sdk.helper_resource: Creating tfprotov6 provider instance: test_terraform_path=/Users/mridang/Code/zitadel/terraform-provider-zitadel/.devbox/nix/profile/default/bin/terraform test_working_directory=/var/folders/zb/bthr58b10pg5xj_pbtlb4jzc0000gn/T/plugintest1905966558 test_step_number=3 test_name=TestAccActionExecution_Response tf_provider_addr=registry.terraform.io/hashicorp/zitadel
2025-11-12T10:08:48.177+0700 [DEBUG] sdk.helper_resource: Created tfprotov6 provider instance: test_step_number=3 test_name=TestAccActionExecution_Response test_terraform_path=/Users/mridang/Code/zitadel/terraform-provider-zitadel/.devbox/nix/profile/default/bin/terraform test_working_directory=/var/folders/zb/bthr58b10pg5xj_pbtlb4jzc0000gn/T/plugintest1905966558 tf_provider_addr=registry.terraform.io/hashicorp/zitadel
2025-11-12T10:08:48.177+0700 [DEBUG] sdk.helper_resource: Starting tfprotov6 provider instance server: test_step_number=3 test_name=TestAccActionExecution_Response test_terraform_path=/Users/mridang/Code/zitadel/terraform-provider-zitadel/.devbox/nix/profile/default/bin/terraform test_working_directory=/var/folders/zb/bthr58b10pg5xj_pbtlb4jzc0000gn/T/plugintest1905966558 tf_provider_addr=registry.terraform.io/hashicorp/zitadel
2025-11-12T10:08:48.178+0700 [DEBUG] sdk.helper_resource: Started tfprotov6 provider instance server: test_step_number=3 tf_provider_addr=registry.terraform.io/hashicorp/zitadel test_name=TestAccActionExecution_Response test_terraform_path=/Users/mridang/Code/zitadel/terraform-provider-zitadel/.devbox/nix/profile/default/bin/terraform test_working_directory=/var/folders/zb/bthr58b10pg5xj_pbtlb4jzc0000gn/T/plugintest1905966558
2025-11-12T10:08:48.219+0700 [DEBUG] sdk.framework: Calling provider defined Type Validate: tf_attribute_path=jwt_profile_file tf_mux_provider="*proto6server.Server" tf_req_id=cf82011e-6299-2961-84fb-76a3110a4b8e tf_provider_addr=registry.terraform.io/hashicorp/zitadel tf_rpc=ValidateProviderConfig
2025-11-12T10:08:48.219+0700 [DEBUG] sdk.framework: Called provider defined Type Validate: tf_req_id=cf82011e-6299-2961-84fb-76a3110a4b8e tf_provider_addr=registry.terraform.io/hashicorp/zitadel tf_rpc=ValidateProviderConfig tf_attribute_path=jwt_profile_file tf_mux_provider="*proto6server.Server"
2025-11-12T10:08:48.219+0700 [DEBUG] sdk.framework: Calling provider defined Type Validate: tf_req_id=cf82011e-6299-2961-84fb-76a3110a4b8e tf_provider_addr=registry.terraform.io/hashicorp/zitadel tf_rpc=ValidateProviderConfig tf_attribute_path=jwt_profile_json tf_mux_provider="*proto6server.Server"
2025-11-12T10:08:48.219+0700 [DEBUG] sdk.framework: Called provider defined Type Validate: tf_rpc=ValidateProviderConfig tf_attribute_path=jwt_profile_json tf_mux_provider="*proto6server.Server" tf_req_id=cf82011e-6299-2961-84fb-76a3110a4b8e tf_provider_addr=registry.terraform.io/hashicorp/zitadel
2025-11-12T10:08:48.219+0700 [DEBUG] sdk.framework: Calling provider defined Type Validate: tf_req_id=cf82011e-6299-2961-84fb-76a3110a4b8e tf_provider_addr=registry.terraform.io/hashicorp/zitadel tf_rpc=ValidateProviderConfig tf_mux_provider="*proto6server.Server" tf_attribute_path=port
2025-11-12T10:08:48.219+0700 [DEBUG] sdk.framework: Called provider defined Type Validate: tf_attribute_path=port tf_req_id=cf82011e-6299-2961-84fb-76a3110a4b8e tf_provider_addr=registry.terraform.io/hashicorp/zitadel tf_rpc=ValidateProviderConfig tf_mux_provider="*proto6server.Server"
2025-11-12T10:08:48.219+0700 [DEBUG] sdk.framework: Calling provider defined Type Validate: tf_provider_addr=registry.terraform.io/hashicorp/zitadel tf_rpc=ValidateProviderConfig tf_mux_provider="*proto6server.Server" tf_req_id=cf82011e-6299-2961-84fb-76a3110a4b8e tf_attribute_path=domain
2025-11-12T10:08:48.219+0700 [DEBUG] sdk.framework: Called provider defined Type Validate: tf_req_id=cf82011e-6299-2961-84fb-76a3110a4b8e tf_attribute_path=domain tf_provider_addr=registry.terraform.io/hashicorp/zitadel tf_rpc=ValidateProviderConfig tf_mux_provider="*proto6server.Server"
2025-11-12T10:08:48.219+0700 [DEBUG] sdk.framework: Calling provider defined Type Validate: tf_rpc=ValidateProviderConfig tf_attribute_path=insecure tf_mux_provider="*proto6server.Server" tf_req_id=cf82011e-6299-2961-84fb-76a3110a4b8e tf_provider_addr=registry.terraform.io/hashicorp/zitadel
2025-11-12T10:08:48.219+0700 [DEBUG] sdk.framework: Called provider defined Type Validate: tf_mux_provider="*proto6server.Server" tf_req_id=cf82011e-6299-2961-84fb-76a3110a4b8e tf_provider_addr=registry.terraform.io/hashicorp/zitadel tf_rpc=ValidateProviderConfig tf_attribute_path=insecure
2025-11-12T10:08:48.219+0700 [DEBUG] sdk.framework: Calling provider defined Type Validate: tf_req_id=cf82011e-6299-2961-84fb-76a3110a4b8e tf_provider_addr=registry.terraform.io/hashicorp/zitadel tf_rpc=ValidateProviderConfig tf_attribute_path=token tf_mux_provider="*proto6server.Server"
2025-11-12T10:08:48.219+0700 [DEBUG] sdk.framework: Called provider defined Type Validate: tf_mux_provider="*proto6server.Server" tf_req_id=cf82011e-6299-2961-84fb-76a3110a4b8e tf_provider_addr=registry.terraform.io/hashicorp/zitadel tf_rpc=ValidateProviderConfig tf_attribute_path=token
2025-11-12T10:08:48.219+0700 [DEBUG] sdk.framework: Calling provider defined Type Validate: tf_provider_addr=registry.terraform.io/hashicorp/zitadel tf_rpc=ValidateProviderConfig tf_attribute_path=jwt_file tf_mux_provider="*proto6server.Server" tf_req_id=cf82011e-6299-2961-84fb-76a3110a4b8e
2025-11-12T10:08:48.219+0700 [DEBUG] sdk.framework: Called provider defined Type Validate: tf_mux_provider="*proto6server.Server" tf_req_id=cf82011e-6299-2961-84fb-76a3110a4b8e tf_provider_addr=registry.terraform.io/hashicorp/zitadel tf_rpc=ValidateProviderConfig tf_attribute_path=jwt_file
2025-11-12T10:08:48.226+0700 [DEBUG] sdk.framework: Calling provider defined Type Validate: tf_req_id=baa00701-b255-257d-b421-920ded4d8a73 tf_provider_addr=registry.terraform.io/hashicorp/zitadel tf_rpc=ValidateProviderConfig tf_mux_provider="*proto6server.Server" tf_attribute_path=jwt_profile_json
2025-11-12T10:08:48.226+0700 [DEBUG] sdk.framework: Called provider defined Type Validate: tf_req_id=baa00701-b255-257d-b421-920ded4d8a73 tf_provider_addr=registry.terraform.io/hashicorp/zitadel tf_rpc=ValidateProviderConfig tf_mux_provider="*proto6server.Server" tf_attribute_path=jwt_profile_json
2025-11-12T10:08:48.226+0700 [DEBUG] sdk.framework: Calling provider defined Type Validate: tf_mux_provider="*proto6server.Server" tf_req_id=baa00701-b255-257d-b421-920ded4d8a73 tf_provider_addr=registry.terraform.io/hashicorp/zitadel tf_rpc=ValidateProviderConfig tf_attribute_path=port
2025-11-12T10:08:48.226+0700 [DEBUG] sdk.framework: Called provider defined Type Validate: tf_req_id=baa00701-b255-257d-b421-920ded4d8a73 tf_provider_addr=registry.terraform.io/hashicorp/zitadel tf_rpc=ValidateProviderConfig tf_attribute_path=port tf_mux_provider="*proto6server.Server"
2025-11-12T10:08:48.226+0700 [DEBUG] sdk.framework: Calling provider defined Type Validate: tf_req_id=baa00701-b255-257d-b421-920ded4d8a73 tf_provider_addr=registry.terraform.io/hashicorp/zitadel tf_rpc=ValidateProviderConfig tf_mux_provider="*proto6server.Server" tf_attribute_path=domain
2025-11-12T10:08:48.226+0700 [DEBUG] sdk.framework: Called provider defined Type Validate: tf_req_id=baa00701-b255-257d-b421-920ded4d8a73 tf_provider_addr=registry.terraform.io/hashicorp/zitadel tf_rpc=ValidateProviderConfig tf_mux_provider="*proto6server.Server" tf_attribute_path=domain
2025-11-12T10:08:48.226+0700 [DEBUG] sdk.framework: Calling provider defined Type Validate: tf_rpc=ValidateProviderConfig tf_mux_provider="*proto6server.Server" tf_attribute_path=insecure tf_req_id=baa00701-b255-257d-b421-920ded4d8a73 tf_provider_addr=registry.terraform.io/hashicorp/zitadel
2025-11-12T10:08:48.226+0700 [DEBUG] sdk.framework: Called provider defined Type Validate: tf_provider_addr=registry.terraform.io/hashicorp/zitadel tf_rpc=ValidateProviderConfig tf_mux_provider="*proto6server.Server" tf_attribute_path=insecure tf_req_id=baa00701-b255-257d-b421-920ded4d8a73
2025-11-12T10:08:48.226+0700 [DEBUG] sdk.framework: Calling provider defined Type Validate: tf_mux_provider="*proto6server.Server" tf_attribute_path=token tf_req_id=baa00701-b255-257d-b421-920ded4d8a73 tf_provider_addr=registry.terraform.io/hashicorp/zitadel tf_rpc=ValidateProviderConfig
2025-11-12T10:08:48.226+0700 [DEBUG] sdk.framework: Called provider defined Type Validate: tf_provider_addr=registry.terraform.io/hashicorp/zitadel tf_rpc=ValidateProviderConfig tf_mux_provider="*proto6server.Server" tf_attribute_path=token tf_req_id=baa00701-b255-257d-b421-920ded4d8a73
2025-11-12T10:08:48.226+0700 [DEBUG] sdk.framework: Calling provider defined Type Validate: tf_attribute_path=jwt_file tf_req_id=baa00701-b255-257d-b421-920ded4d8a73 tf_provider_addr=registry.terraform.io/hashicorp/zitadel tf_rpc=ValidateProviderConfig tf_mux_provider="*proto6server.Server"
2025-11-12T10:08:48.226+0700 [DEBUG] sdk.framework: Called provider defined Type Validate: tf_attribute_path=jwt_file tf_req_id=baa00701-b255-257d-b421-920ded4d8a73 tf_provider_addr=registry.terraform.io/hashicorp/zitadel tf_rpc=ValidateProviderConfig tf_mux_provider="*proto6server.Server"
2025-11-12T10:08:48.226+0700 [DEBUG] sdk.framework: Calling provider defined Type Validate: tf_req_id=baa00701-b255-257d-b421-920ded4d8a73 tf_provider_addr=registry.terraform.io/hashicorp/zitadel tf_rpc=ValidateProviderConfig tf_attribute_path=jwt_profile_file tf_mux_provider="*proto6server.Server"
2025-11-12T10:08:48.226+0700 [DEBUG] sdk.framework: Called provider defined Type Validate: tf_mux_provider="*proto6server.Server" tf_req_id=baa00701-b255-257d-b421-920ded4d8a73 tf_provider_addr=registry.terraform.io/hashicorp/zitadel tf_rpc=ValidateProviderConfig tf_attribute_path=jwt_profile_file
2025-11-12T10:08:48.227+0700 [DEBUG] sdk.framework: Calling provider defined Provider Configure: tf_provider_addr=registry.terraform.io/hashicorp/zitadel tf_rpc=ConfigureProvider tf_req_id=1d600e06-b934-fb43-20a8-68633f347012 tf_mux_provider="*proto6server.Server"
2025-11-12T10:08:48.227+0700 [DEBUG] sdk.framework: Called provider defined Provider Configure: tf_mux_provider="*proto6server.Server" tf_provider_addr=registry.terraform.io/hashicorp/zitadel tf_rpc=ConfigureProvider tf_req_id=1d600e06-b934-fb43-20a8-68633f347012
2025-11-12T10:08:48.227+0700 [WARN]  sdk.helper_schema: Previously configured provider being re-configured. This can cause issues in concurrent testing if the configurations are not equal.: tf_rpc=ConfigureProvider tf_req_id=1d600e06-b934-fb43-20a8-68633f347012 tf_mux_provider=tf5to6server.v5tov6Server tf_provider_addr=registry.terraform.io/hashicorp/zitadel
2025-11-12T10:08:48.268+0700 [DEBUG] sdk.helper_resource: Stopping providers: test_working_directory=/var/folders/zb/bthr58b10pg5xj_pbtlb4jzc0000gn/T/plugintest1905966558 test_step_number=3 test_name=TestAccActionExecution_Response test_terraform_path=/Users/mridang/Code/zitadel/terraform-provider-zitadel/.devbox/nix/profile/default/bin/terraform
2025-11-12T10:08:48.268+0700 [DEBUG] sdk.helper_resource: Creating tfprotov6 provider instance: tf_provider_addr=registry.terraform.io/hashicorp/zitadel test_step_number=3 test_name=TestAccActionExecution_Response test_terraform_path=/Users/mridang/Code/zitadel/terraform-provider-zitadel/.devbox/nix/profile/default/bin/terraform test_working_directory=/var/folders/zb/bthr58b10pg5xj_pbtlb4jzc0000gn/T/plugintest1905966558
2025-11-12T10:08:48.269+0700 [DEBUG] sdk.helper_resource: Created tfprotov6 provider instance: test_working_directory=/var/folders/zb/bthr58b10pg5xj_pbtlb4jzc0000gn/T/plugintest1905966558 tf_provider_addr=registry.terraform.io/hashicorp/zitadel test_step_number=3 test_name=TestAccActionExecution_Response test_terraform_path=/Users/mridang/Code/zitadel/terraform-provider-zitadel/.devbox/nix/profile/default/bin/terraform
2025-11-12T10:08:48.269+0700 [DEBUG] sdk.helper_resource: Starting tfprotov6 provider instance server: test_name=TestAccActionExecution_Response tf_provider_addr=registry.terraform.io/hashicorp/zitadel test_terraform_path=/Users/mridang/Code/zitadel/terraform-provider-zitadel/.devbox/nix/profile/default/bin/terraform test_working_directory=/var/folders/zb/bthr58b10pg5xj_pbtlb4jzc0000gn/T/plugintest1905966558 test_step_number=3
2025-11-12T10:08:48.270+0700 [DEBUG] sdk.helper_resource: Started tfprotov6 provider instance server: test_terraform_path=/Users/mridang/Code/zitadel/terraform-provider-zitadel/.devbox/nix/profile/default/bin/terraform test_working_directory=/var/folders/zb/bthr58b10pg5xj_pbtlb4jzc0000gn/T/plugintest1905966558 tf_provider_addr=registry.terraform.io/hashicorp/zitadel test_step_number=3 test_name=TestAccActionExecution_Response
2025-11-12T10:08:48.335+0700 [DEBUG] sdk.helper_resource: Stopping providers: test_step_number=3 test_name=TestAccActionExecution_Response test_terraform_path=/Users/mridang/Code/zitadel/terraform-provider-zitadel/.devbox/nix/profile/default/bin/terraform test_working_directory=/var/folders/zb/bthr58b10pg5xj_pbtlb4jzc0000gn/T/plugintest1905966558
2025-11-12T10:08:48.335+0700 [DEBUG] sdk.helper_resource: Creating tfprotov6 provider instance: test_working_directory=/var/folders/zb/bthr58b10pg5xj_pbtlb4jzc0000gn/T/plugintest1905966558 test_step_number=3 test_name=TestAccActionExecution_Response tf_provider_addr=registry.terraform.io/hashicorp/zitadel test_terraform_path=/Users/mridang/Code/zitadel/terraform-provider-zitadel/.devbox/nix/profile/default/bin/terraform
2025-11-12T10:08:48.337+0700 [DEBUG] sdk.helper_resource: Created tfprotov6 provider instance: test_step_number=3 test_name=TestAccActionExecution_Response test_terraform_path=/Users/mridang/Code/zitadel/terraform-provider-zitadel/.devbox/nix/profile/default/bin/terraform test_working_directory=/var/folders/zb/bthr58b10pg5xj_pbtlb4jzc0000gn/T/plugintest1905966558 tf_provider_addr=registry.terraform.io/hashicorp/zitadel
2025-11-12T10:08:48.337+0700 [DEBUG] sdk.helper_resource: Starting tfprotov6 provider instance server: test_name=TestAccActionExecution_Response test_terraform_path=/Users/mridang/Code/zitadel/terraform-provider-zitadel/.devbox/nix/profile/default/bin/terraform test_working_directory=/var/folders/zb/bthr58b10pg5xj_pbtlb4jzc0000gn/T/plugintest1905966558 tf_provider_addr=registry.terraform.io/hashicorp/zitadel test_step_number=3
2025-11-12T10:08:48.337+0700 [DEBUG] sdk.helper_resource: Started tfprotov6 provider instance server: test_step_number=3 test_name=TestAccActionExecution_Response test_terraform_path=/Users/mridang/Code/zitadel/terraform-provider-zitadel/.devbox/nix/profile/default/bin/terraform test_working_directory=/var/folders/zb/bthr58b10pg5xj_pbtlb4jzc0000gn/T/plugintest1905966558 tf_provider_addr=registry.terraform.io/hashicorp/zitadel
2025-11-12T10:08:48.408+0700 [DEBUG] sdk.framework: Calling provider defined Type Validate: tf_mux_provider="*proto6server.Server" tf_rpc=ValidateProviderConfig tf_req_id=f390e1f3-79b6-a684-8529-c8fe29282417 tf_provider_addr=registry.terraform.io/hashicorp/zitadel tf_attribute_path=jwt_profile_file
2025-11-12T10:08:48.408+0700 [DEBUG] sdk.framework: Called provider defined Type Validate: tf_mux_provider="*proto6server.Server" tf_rpc=ValidateProviderConfig tf_req_id=f390e1f3-79b6-a684-8529-c8fe29282417 tf_provider_addr=registry.terraform.io/hashicorp/zitadel tf_attribute_path=jwt_profile_file
2025-11-12T10:08:48.408+0700 [DEBUG] sdk.framework: Calling provider defined Type Validate: tf_req_id=f390e1f3-79b6-a684-8529-c8fe29282417 tf_provider_addr=registry.terraform.io/hashicorp/zitadel tf_mux_provider="*proto6server.Server" tf_rpc=ValidateProviderConfig tf_attribute_path=jwt_profile_json
2025-11-12T10:08:48.408+0700 [DEBUG] sdk.framework: Called provider defined Type Validate: tf_req_id=f390e1f3-79b6-a684-8529-c8fe29282417 tf_provider_addr=registry.terraform.io/hashicorp/zitadel tf_mux_provider="*proto6server.Server" tf_rpc=ValidateProviderConfig tf_attribute_path=jwt_profile_json
2025-11-12T10:08:48.408+0700 [DEBUG] sdk.framework: Calling provider defined Type Validate: tf_req_id=f390e1f3-79b6-a684-8529-c8fe29282417 tf_attribute_path=port tf_provider_addr=registry.terraform.io/hashicorp/zitadel tf_mux_provider="*proto6server.Server" tf_rpc=ValidateProviderConfig
2025-11-12T10:08:48.408+0700 [DEBUG] sdk.framework: Called provider defined Type Validate: tf_attribute_path=port tf_provider_addr=registry.terraform.io/hashicorp/zitadel tf_mux_provider="*proto6server.Server" tf_rpc=ValidateProviderConfig tf_req_id=f390e1f3-79b6-a684-8529-c8fe29282417
2025-11-12T10:08:48.408+0700 [DEBUG] sdk.framework: Calling provider defined Type Validate: tf_attribute_path=domain tf_mux_provider="*proto6server.Server" tf_rpc=ValidateProviderConfig tf_req_id=f390e1f3-79b6-a684-8529-c8fe29282417 tf_provider_addr=registry.terraform.io/hashicorp/zitadel
2025-11-12T10:08:48.408+0700 [DEBUG] sdk.framework: Called provider defined Type Validate: tf_provider_addr=registry.terraform.io/hashicorp/zitadel tf_attribute_path=domain tf_mux_provider="*proto6server.Server" tf_rpc=ValidateProviderConfig tf_req_id=f390e1f3-79b6-a684-8529-c8fe29282417
2025-11-12T10:08:48.408+0700 [DEBUG] sdk.framework: Calling provider defined Type Validate: tf_provider_addr=registry.terraform.io/hashicorp/zitadel tf_attribute_path=insecure tf_mux_provider="*proto6server.Server" tf_rpc=ValidateProviderConfig tf_req_id=f390e1f3-79b6-a684-8529-c8fe29282417
2025-11-12T10:08:48.408+0700 [DEBUG] sdk.framework: Called provider defined Type Validate: tf_mux_provider="*proto6server.Server" tf_rpc=ValidateProviderConfig tf_req_id=f390e1f3-79b6-a684-8529-c8fe29282417 tf_provider_addr=registry.terraform.io/hashicorp/zitadel tf_attribute_path=insecure
2025-11-12T10:08:48.408+0700 [DEBUG] sdk.framework: Calling provider defined Type Validate: tf_provider_addr=registry.terraform.io/hashicorp/zitadel tf_attribute_path=token tf_mux_provider="*proto6server.Server" tf_rpc=ValidateProviderConfig tf_req_id=f390e1f3-79b6-a684-8529-c8fe29282417
2025-11-12T10:08:48.408+0700 [DEBUG] sdk.framework: Called provider defined Type Validate: tf_mux_provider="*proto6server.Server" tf_rpc=ValidateProviderConfig tf_req_id=f390e1f3-79b6-a684-8529-c8fe29282417 tf_provider_addr=registry.terraform.io/hashicorp/zitadel tf_attribute_path=token
2025-11-12T10:08:48.408+0700 [DEBUG] sdk.framework: Calling provider defined Type Validate: tf_attribute_path=jwt_file tf_mux_provider="*proto6server.Server" tf_rpc=ValidateProviderConfig tf_req_id=f390e1f3-79b6-a684-8529-c8fe29282417 tf_provider_addr=registry.terraform.io/hashicorp/zitadel
2025-11-12T10:08:48.408+0700 [DEBUG] sdk.framework: Called provider defined Type Validate: tf_provider_addr=registry.terraform.io/hashicorp/zitadel tf_attribute_path=jwt_file tf_mux_provider="*proto6server.Server" tf_rpc=ValidateProviderConfig tf_req_id=f390e1f3-79b6-a684-8529-c8fe29282417
2025-11-12T10:08:48.417+0700 [DEBUG] sdk.framework: Calling provider defined Type Validate: tf_attribute_path=domain tf_req_id=50600d08-9bcc-09d0-8df7-9237668667c5 tf_provider_addr=registry.terraform.io/hashicorp/zitadel tf_mux_provider="*proto6server.Server" tf_rpc=ValidateProviderConfig
2025-11-12T10:08:48.418+0700 [DEBUG] sdk.framework: Called provider defined Type Validate: tf_req_id=50600d08-9bcc-09d0-8df7-9237668667c5 tf_provider_addr=registry.terraform.io/hashicorp/zitadel tf_mux_provider="*proto6server.Server" tf_rpc=ValidateProviderConfig tf_attribute_path=domain
2025-11-12T10:08:48.418+0700 [DEBUG] sdk.framework: Calling provider defined Type Validate: tf_mux_provider="*proto6server.Server" tf_attribute_path=insecure tf_rpc=ValidateProviderConfig tf_req_id=50600d08-9bcc-09d0-8df7-9237668667c5 tf_provider_addr=registry.terraform.io/hashicorp/zitadel
2025-11-12T10:08:48.418+0700 [DEBUG] sdk.framework: Called provider defined Type Validate: tf_req_id=50600d08-9bcc-09d0-8df7-9237668667c5 tf_provider_addr=registry.terraform.io/hashicorp/zitadel tf_mux_provider="*proto6server.Server" tf_attribute_path=insecure tf_rpc=ValidateProviderConfig
2025-11-12T10:08:48.418+0700 [DEBUG] sdk.framework: Calling provider defined Type Validate: tf_provider_addr=registry.terraform.io/hashicorp/zitadel tf_mux_provider="*proto6server.Server" tf_rpc=ValidateProviderConfig tf_attribute_path=token tf_req_id=50600d08-9bcc-09d0-8df7-9237668667c5
2025-11-12T10:08:48.418+0700 [DEBUG] sdk.framework: Called provider defined Type Validate: tf_req_id=50600d08-9bcc-09d0-8df7-9237668667c5 tf_provider_addr=registry.terraform.io/hashicorp/zitadel tf_mux_provider="*proto6server.Server" tf_rpc=ValidateProviderConfig tf_attribute_path=token
2025-11-12T10:08:48.418+0700 [DEBUG] sdk.framework: Calling provider defined Type Validate: tf_rpc=ValidateProviderConfig tf_req_id=50600d08-9bcc-09d0-8df7-9237668667c5 tf_provider_addr=registry.terraform.io/hashicorp/zitadel tf_mux_provider="*proto6server.Server" tf_attribute_path=jwt_file
2025-11-12T10:08:48.418+0700 [DEBUG] sdk.framework: Called provider defined Type Validate: tf_req_id=50600d08-9bcc-09d0-8df7-9237668667c5 tf_provider_addr=registry.terraform.io/hashicorp/zitadel tf_mux_provider="*proto6server.Server" tf_attribute_path=jwt_file tf_rpc=ValidateProviderConfig
2025-11-12T10:08:48.418+0700 [DEBUG] sdk.framework: Calling provider defined Type Validate: tf_rpc=ValidateProviderConfig tf_req_id=50600d08-9bcc-09d0-8df7-9237668667c5 tf_provider_addr=registry.terraform.io/hashicorp/zitadel tf_mux_provider="*proto6server.Server" tf_attribute_path=jwt_profile_file
2025-11-12T10:08:48.418+0700 [DEBUG] sdk.framework: Called provider defined Type Validate: tf_req_id=50600d08-9bcc-09d0-8df7-9237668667c5 tf_provider_addr=registry.terraform.io/hashicorp/zitadel tf_mux_provider="*proto6server.Server" tf_attribute_path=jwt_profile_file tf_rpc=ValidateProviderConfig
2025-11-12T10:08:48.418+0700 [DEBUG] sdk.framework: Calling provider defined Type Validate: tf_rpc=ValidateProviderConfig tf_req_id=50600d08-9bcc-09d0-8df7-9237668667c5 tf_provider_addr=registry.terraform.io/hashicorp/zitadel tf_mux_provider="*proto6server.Server" tf_attribute_path=jwt_profile_json
2025-11-12T10:08:48.418+0700 [DEBUG] sdk.framework: Called provider defined Type Validate: tf_rpc=ValidateProviderConfig tf_req_id=50600d08-9bcc-09d0-8df7-9237668667c5 tf_provider_addr=registry.terraform.io/hashicorp/zitadel tf_mux_provider="*proto6server.Server" tf_attribute_path=jwt_profile_json
2025-11-12T10:08:48.418+0700 [DEBUG] sdk.framework: Calling provider defined Type Validate: tf_attribute_path=port tf_mux_provider="*proto6server.Server" tf_rpc=ValidateProviderConfig tf_req_id=50600d08-9bcc-09d0-8df7-9237668667c5 tf_provider_addr=registry.terraform.io/hashicorp/zitadel
2025-11-12T10:08:48.418+0700 [DEBUG] sdk.framework: Called provider defined Type Validate: tf_mux_provider="*proto6server.Server" tf_rpc=ValidateProviderConfig tf_req_id=50600d08-9bcc-09d0-8df7-9237668667c5 tf_provider_addr=registry.terraform.io/hashicorp/zitadel tf_attribute_path=port
2025-11-12T10:08:48.418+0700 [DEBUG] sdk.framework: Calling provider defined Provider Configure: tf_provider_addr=registry.terraform.io/hashicorp/zitadel tf_rpc=ConfigureProvider tf_mux_provider="*proto6server.Server" tf_req_id=79071e7b-a621-3a2f-c453-fd713b8ca6df
2025-11-12T10:08:48.418+0700 [DEBUG] sdk.framework: Called provider defined Provider Configure: tf_provider_addr=registry.terraform.io/hashicorp/zitadel tf_rpc=ConfigureProvider tf_mux_provider="*proto6server.Server" tf_req_id=79071e7b-a621-3a2f-c453-fd713b8ca6df
2025-11-12T10:08:48.418+0700 [WARN]  sdk.helper_schema: Previously configured provider being re-configured. This can cause issues in concurrent testing if the configurations are not equal.: tf_rpc=ConfigureProvider tf_mux_provider=tf5to6server.v5tov6Server tf_req_id=79071e7b-a621-3a2f-c453-fd713b8ca6df tf_provider_addr=registry.terraform.io/hashicorp/zitadel
2025-11-12T10:08:48.420+0700 [INFO]  zitadel: started read: tf_mux_provider=tf5to6server.v5tov6Server tf_resource_type=zitadel_action_target tf_rpc=ReadResource tf_req_id=78f77c59-77a6-7e09-cc74-5c0b00ca630b tf_provider_addr=registry.terraform.io/hashicorp/zitadel
2025-11-12T10:08:48.430+0700 [INFO]  zitadel: started read: tf_provider_addr=registry.terraform.io/hashicorp/zitadel tf_rpc=ReadResource tf_resource_type=zitadel_action_execution_response tf_mux_provider=tf5to6server.v5tov6Server tf_req_id=7dba3f3c-f7b0-6311-b7bc-481a6d54f37c
2025-11-12T10:08:48.470+0700 [DEBUG] sdk.helper_resource: Stopping providers: test_step_number=3 test_name=TestAccActionExecution_Response test_terraform_path=/Users/mridang/Code/zitadel/terraform-provider-zitadel/.devbox/nix/profile/default/bin/terraform test_working_directory=/var/folders/zb/bthr58b10pg5xj_pbtlb4jzc0000gn/T/plugintest1905966558
2025-11-12T10:08:48.471+0700 [DEBUG] sdk.helper_resource: Creating tfprotov6 provider instance: test_terraform_path=/Users/mridang/Code/zitadel/terraform-provider-zitadel/.devbox/nix/profile/default/bin/terraform test_working_directory=/var/folders/zb/bthr58b10pg5xj_pbtlb4jzc0000gn/T/plugintest1905966558 test_step_number=3 test_name=TestAccActionExecution_Response tf_provider_addr=registry.terraform.io/hashicorp/zitadel
2025-11-12T10:08:48.473+0700 [DEBUG] sdk.helper_resource: Created tfprotov6 provider instance: test_step_number=3 test_name=TestAccActionExecution_Response test_terraform_path=/Users/mridang/Code/zitadel/terraform-provider-zitadel/.devbox/nix/profile/default/bin/terraform test_working_directory=/var/folders/zb/bthr58b10pg5xj_pbtlb4jzc0000gn/T/plugintest1905966558 tf_provider_addr=registry.terraform.io/hashicorp/zitadel
2025-11-12T10:08:48.473+0700 [DEBUG] sdk.helper_resource: Starting tfprotov6 provider instance server: test_name=TestAccActionExecution_Response test_terraform_path=/Users/mridang/Code/zitadel/terraform-provider-zitadel/.devbox/nix/profile/default/bin/terraform tf_provider_addr=registry.terraform.io/hashicorp/zitadel test_working_directory=/var/folders/zb/bthr58b10pg5xj_pbtlb4jzc0000gn/T/plugintest1905966558 test_step_number=3
2025-11-12T10:08:48.474+0700 [DEBUG] sdk.helper_resource: Started tfprotov6 provider instance server: test_step_number=3 test_name=TestAccActionExecution_Response test_terraform_path=/Users/mridang/Code/zitadel/terraform-provider-zitadel/.devbox/nix/profile/default/bin/terraform tf_provider_addr=registry.terraform.io/hashicorp/zitadel test_working_directory=/var/folders/zb/bthr58b10pg5xj_pbtlb4jzc0000gn/T/plugintest1905966558
2025-11-12T10:08:48.517+0700 [DEBUG] sdk.framework: Calling provider defined Type Validate: tf_mux_provider="*proto6server.Server" tf_req_id=350868c8-36e8-d247-4236-fc20596cddf8 tf_provider_addr=registry.terraform.io/hashicorp/zitadel tf_attribute_path=jwt_profile_json tf_rpc=ValidateProviderConfig
2025-11-12T10:08:48.517+0700 [DEBUG] sdk.framework: Called provider defined Type Validate: tf_mux_provider="*proto6server.Server" tf_req_id=350868c8-36e8-d247-4236-fc20596cddf8 tf_provider_addr=registry.terraform.io/hashicorp/zitadel tf_attribute_path=jwt_profile_json tf_rpc=ValidateProviderConfig
2025-11-12T10:08:48.517+0700 [DEBUG] sdk.framework: Calling provider defined Type Validate: tf_mux_provider="*proto6server.Server" tf_req_id=350868c8-36e8-d247-4236-fc20596cddf8 tf_provider_addr=registry.terraform.io/hashicorp/zitadel tf_attribute_path=port tf_rpc=ValidateProviderConfig
2025-11-12T10:08:48.517+0700 [DEBUG] sdk.framework: Called provider defined Type Validate: tf_rpc=ValidateProviderConfig tf_mux_provider="*proto6server.Server" tf_req_id=350868c8-36e8-d247-4236-fc20596cddf8 tf_provider_addr=registry.terraform.io/hashicorp/zitadel tf_attribute_path=port
2025-11-12T10:08:48.517+0700 [DEBUG] sdk.framework: Calling provider defined Type Validate: tf_req_id=350868c8-36e8-d247-4236-fc20596cddf8 tf_provider_addr=registry.terraform.io/hashicorp/zitadel tf_attribute_path=domain tf_rpc=ValidateProviderConfig tf_mux_provider="*proto6server.Server"
2025-11-12T10:08:48.517+0700 [DEBUG] sdk.framework: Called provider defined Type Validate: tf_provider_addr=registry.terraform.io/hashicorp/zitadel tf_attribute_path=domain tf_rpc=ValidateProviderConfig tf_mux_provider="*proto6server.Server" tf_req_id=350868c8-36e8-d247-4236-fc20596cddf8
2025-11-12T10:08:48.517+0700 [DEBUG] sdk.framework: Calling provider defined Type Validate: tf_attribute_path=insecure tf_rpc=ValidateProviderConfig tf_mux_provider="*proto6server.Server" tf_req_id=350868c8-36e8-d247-4236-fc20596cddf8 tf_provider_addr=registry.terraform.io/hashicorp/zitadel
2025-11-12T10:08:48.517+0700 [DEBUG] sdk.framework: Called provider defined Type Validate: tf_req_id=350868c8-36e8-d247-4236-fc20596cddf8 tf_provider_addr=registry.terraform.io/hashicorp/zitadel tf_attribute_path=insecure tf_rpc=ValidateProviderConfig tf_mux_provider="*proto6server.Server"
2025-11-12T10:08:48.517+0700 [DEBUG] sdk.framework: Calling provider defined Type Validate: tf_provider_addr=registry.terraform.io/hashicorp/zitadel tf_attribute_path=token tf_rpc=ValidateProviderConfig tf_mux_provider="*proto6server.Server" tf_req_id=350868c8-36e8-d247-4236-fc20596cddf8
2025-11-12T10:08:48.517+0700 [DEBUG] sdk.framework: Called provider defined Type Validate: tf_provider_addr=registry.terraform.io/hashicorp/zitadel tf_attribute_path=token tf_rpc=ValidateProviderConfig tf_mux_provider="*proto6server.Server" tf_req_id=350868c8-36e8-d247-4236-fc20596cddf8
2025-11-12T10:08:48.517+0700 [DEBUG] sdk.framework: Calling provider defined Type Validate: tf_req_id=350868c8-36e8-d247-4236-fc20596cddf8 tf_attribute_path=jwt_file tf_provider_addr=registry.terraform.io/hashicorp/zitadel tf_rpc=ValidateProviderConfig tf_mux_provider="*proto6server.Server"
2025-11-12T10:08:48.517+0700 [DEBUG] sdk.framework: Called provider defined Type Validate: tf_attribute_path=jwt_file tf_provider_addr=registry.terraform.io/hashicorp/zitadel tf_rpc=ValidateProviderConfig tf_mux_provider="*proto6server.Server" tf_req_id=350868c8-36e8-d247-4236-fc20596cddf8
2025-11-12T10:08:48.517+0700 [DEBUG] sdk.framework: Calling provider defined Type Validate: tf_mux_provider="*proto6server.Server" tf_attribute_path=jwt_profile_file tf_req_id=350868c8-36e8-d247-4236-fc20596cddf8 tf_provider_addr=registry.terraform.io/hashicorp/zitadel tf_rpc=ValidateProviderConfig
2025-11-12T10:08:48.517+0700 [DEBUG] sdk.framework: Called provider defined Type Validate: tf_req_id=350868c8-36e8-d247-4236-fc20596cddf8 tf_provider_addr=registry.terraform.io/hashicorp/zitadel tf_rpc=ValidateProviderConfig tf_mux_provider="*proto6server.Server" tf_attribute_path=jwt_profile_file
2025-11-12T10:08:48.523+0700 [DEBUG] sdk.framework: Calling provider defined Type Validate: tf_attribute_path=jwt_profile_file tf_rpc=ValidateProviderConfig tf_mux_provider="*proto6server.Server" tf_req_id=b629101d-ec3c-cef0-4ec8-b2987641f9ed tf_provider_addr=registry.terraform.io/hashicorp/zitadel
2025-11-12T10:08:48.523+0700 [DEBUG] sdk.framework: Called provider defined Type Validate: tf_rpc=ValidateProviderConfig tf_mux_provider="*proto6server.Server" tf_req_id=b629101d-ec3c-cef0-4ec8-b2987641f9ed tf_provider_addr=registry.terraform.io/hashicorp/zitadel tf_attribute_path=jwt_profile_file
2025-11-12T10:08:48.523+0700 [DEBUG] sdk.framework: Calling provider defined Type Validate: tf_attribute_path=jwt_profile_json tf_rpc=ValidateProviderConfig tf_mux_provider="*proto6server.Server" tf_req_id=b629101d-ec3c-cef0-4ec8-b2987641f9ed tf_provider_addr=registry.terraform.io/hashicorp/zitadel
2025-11-12T10:08:48.523+0700 [DEBUG] sdk.framework: Called provider defined Type Validate: tf_attribute_path=jwt_profile_json tf_rpc=ValidateProviderConfig tf_mux_provider="*proto6server.Server" tf_req_id=b629101d-ec3c-cef0-4ec8-b2987641f9ed tf_provider_addr=registry.terraform.io/hashicorp/zitadel
2025-11-12T10:08:48.523+0700 [DEBUG] sdk.framework: Calling provider defined Type Validate: tf_provider_addr=registry.terraform.io/hashicorp/zitadel tf_rpc=ValidateProviderConfig tf_attribute_path=port tf_mux_provider="*proto6server.Server" tf_req_id=b629101d-ec3c-cef0-4ec8-b2987641f9ed
2025-11-12T10:08:48.523+0700 [DEBUG] sdk.framework: Called provider defined Type Validate: tf_req_id=b629101d-ec3c-cef0-4ec8-b2987641f9ed tf_provider_addr=registry.terraform.io/hashicorp/zitadel tf_rpc=ValidateProviderConfig tf_attribute_path=port tf_mux_provider="*proto6server.Server"
2025-11-12T10:08:48.523+0700 [DEBUG] sdk.framework: Calling provider defined Type Validate: tf_req_id=b629101d-ec3c-cef0-4ec8-b2987641f9ed tf_provider_addr=registry.terraform.io/hashicorp/zitadel tf_rpc=ValidateProviderConfig tf_attribute_path=domain tf_mux_provider="*proto6server.Server"
2025-11-12T10:08:48.523+0700 [DEBUG] sdk.framework: Called provider defined Type Validate: tf_attribute_path=domain tf_mux_provider="*proto6server.Server" tf_req_id=b629101d-ec3c-cef0-4ec8-b2987641f9ed tf_provider_addr=registry.terraform.io/hashicorp/zitadel tf_rpc=ValidateProviderConfig
2025-11-12T10:08:48.523+0700 [DEBUG] sdk.framework: Calling provider defined Type Validate: tf_provider_addr=registry.terraform.io/hashicorp/zitadel tf_rpc=ValidateProviderConfig tf_mux_provider="*proto6server.Server" tf_req_id=b629101d-ec3c-cef0-4ec8-b2987641f9ed tf_attribute_path=insecure
2025-11-12T10:08:48.523+0700 [DEBUG] sdk.framework: Called provider defined Type Validate: tf_provider_addr=registry.terraform.io/hashicorp/zitadel tf_rpc=ValidateProviderConfig tf_mux_provider="*proto6server.Server" tf_req_id=b629101d-ec3c-cef0-4ec8-b2987641f9ed tf_attribute_path=insecure
2025-11-12T10:08:48.523+0700 [DEBUG] sdk.framework: Calling provider defined Type Validate: tf_provider_addr=registry.terraform.io/hashicorp/zitadel tf_attribute_path=token tf_rpc=ValidateProviderConfig tf_mux_provider="*proto6server.Server" tf_req_id=b629101d-ec3c-cef0-4ec8-b2987641f9ed
2025-11-12T10:08:48.523+0700 [DEBUG] sdk.framework: Called provider defined Type Validate: tf_rpc=ValidateProviderConfig tf_mux_provider="*proto6server.Server" tf_req_id=b629101d-ec3c-cef0-4ec8-b2987641f9ed tf_provider_addr=registry.terraform.io/hashicorp/zitadel tf_attribute_path=token
2025-11-12T10:08:48.523+0700 [DEBUG] sdk.framework: Calling provider defined Type Validate: tf_provider_addr=registry.terraform.io/hashicorp/zitadel tf_attribute_path=jwt_file tf_rpc=ValidateProviderConfig tf_mux_provider="*proto6server.Server" tf_req_id=b629101d-ec3c-cef0-4ec8-b2987641f9ed
2025-11-12T10:08:48.523+0700 [DEBUG] sdk.framework: Called provider defined Type Validate: tf_provider_addr=registry.terraform.io/hashicorp/zitadel tf_attribute_path=jwt_file tf_rpc=ValidateProviderConfig tf_mux_provider="*proto6server.Server" tf_req_id=b629101d-ec3c-cef0-4ec8-b2987641f9ed
2025-11-12T10:08:48.524+0700 [DEBUG] sdk.framework: Calling provider defined Provider Configure: tf_req_id=18e65ad5-b549-b54a-bf07-e89d6081543e tf_rpc=ConfigureProvider tf_mux_provider="*proto6server.Server" tf_provider_addr=registry.terraform.io/hashicorp/zitadel
2025-11-12T10:08:48.524+0700 [DEBUG] sdk.framework: Called provider defined Provider Configure: tf_provider_addr=registry.terraform.io/hashicorp/zitadel tf_req_id=18e65ad5-b549-b54a-bf07-e89d6081543e tf_rpc=ConfigureProvider tf_mux_provider="*proto6server.Server"
2025-11-12T10:08:48.524+0700 [WARN]  sdk.helper_schema: Previously configured provider being re-configured. This can cause issues in concurrent testing if the configurations are not equal.: tf_provider_addr=registry.terraform.io/hashicorp/zitadel tf_req_id=18e65ad5-b549-b54a-bf07-e89d6081543e tf_rpc=ConfigureProvider tf_mux_provider=tf5to6server.v5tov6Server
2025-11-12T10:08:48.583+0700 [DEBUG] sdk.helper_resource: Stopping providers: test_name=TestAccActionExecution_Response test_terraform_path=/Users/mridang/Code/zitadel/terraform-provider-zitadel/.devbox/nix/profile/default/bin/terraform test_working_directory=/var/folders/zb/bthr58b10pg5xj_pbtlb4jzc0000gn/T/plugintest1905966558 test_step_number=3
2025-11-12T10:08:48.583+0700 [DEBUG] sdk.helper_resource: Creating tfprotov6 provider instance: test_name=TestAccActionExecution_Response test_terraform_path=/Users/mridang/Code/zitadel/terraform-provider-zitadel/.devbox/nix/profile/default/bin/terraform test_working_directory=/var/folders/zb/bthr58b10pg5xj_pbtlb4jzc0000gn/T/plugintest1905966558 tf_provider_addr=registry.terraform.io/hashicorp/zitadel test_step_number=3
2025-11-12T10:08:48.585+0700 [DEBUG] sdk.helper_resource: Created tfprotov6 provider instance: test_working_directory=/var/folders/zb/bthr58b10pg5xj_pbtlb4jzc0000gn/T/plugintest1905966558 tf_provider_addr=registry.terraform.io/hashicorp/zitadel test_step_number=3 test_name=TestAccActionExecution_Response test_terraform_path=/Users/mridang/Code/zitadel/terraform-provider-zitadel/.devbox/nix/profile/default/bin/terraform
2025-11-12T10:08:48.585+0700 [DEBUG] sdk.helper_resource: Starting tfprotov6 provider instance server: test_step_number=3 test_name=TestAccActionExecution_Response test_terraform_path=/Users/mridang/Code/zitadel/terraform-provider-zitadel/.devbox/nix/profile/default/bin/terraform test_working_directory=/var/folders/zb/bthr58b10pg5xj_pbtlb4jzc0000gn/T/plugintest1905966558 tf_provider_addr=registry.terraform.io/hashicorp/zitadel
2025-11-12T10:08:48.585+0700 [DEBUG] sdk.helper_resource: Started tfprotov6 provider instance server: test_terraform_path=/Users/mridang/Code/zitadel/terraform-provider-zitadel/.devbox/nix/profile/default/bin/terraform test_working_directory=/var/folders/zb/bthr58b10pg5xj_pbtlb4jzc0000gn/T/plugintest1905966558 tf_provider_addr=registry.terraform.io/hashicorp/zitadel test_step_number=3 test_name=TestAccActionExecution_Response
2025-11-12T10:08:48.620+0700 [DEBUG] sdk.helper_resource: Stopping providers: test_terraform_path=/Users/mridang/Code/zitadel/terraform-provider-zitadel/.devbox/nix/profile/default/bin/terraform test_working_directory=/var/folders/zb/bthr58b10pg5xj_pbtlb4jzc0000gn/T/plugintest1905966558 test_step_number=3 test_name=TestAccActionExecution_Response
2025-11-12T10:08:48.620+0700 [DEBUG] sdk.helper_resource: Finished TestStep: test_step_number=3 test_name=TestAccActionExecution_Response test_terraform_path=/Users/mridang/Code/zitadel/terraform-provider-zitadel/.devbox/nix/profile/default/bin/terraform test_working_directory=/var/folders/zb/bthr58b10pg5xj_pbtlb4jzc0000gn/T/plugintest1905966558
2025-11-12T10:08:48.620+0700 [DEBUG] sdk.helper_resource: Starting TestStep: test_working_directory=/var/folders/zb/bthr58b10pg5xj_pbtlb4jzc0000gn/T/plugintest1905966558 test_step_number=4 test_name=TestAccActionExecution_Response test_terraform_path=/Users/mridang/Code/zitadel/terraform-provider-zitadel/.devbox/nix/profile/default/bin/terraform
2025-11-12T10:08:48.620+0700 [DEBUG] sdk.helper_resource: Creating tfprotov6 provider instance: test_working_directory=/var/folders/zb/bthr58b10pg5xj_pbtlb4jzc0000gn/T/plugintest1905966558 tf_provider_addr=registry.terraform.io/hashicorp/zitadel test_step_number=4 test_name=TestAccActionExecution_Response test_terraform_path=/Users/mridang/Code/zitadel/terraform-provider-zitadel/.devbox/nix/profile/default/bin/terraform
2025-11-12T10:08:48.621+0700 [DEBUG] sdk.helper_resource: Created tfprotov6 provider instance: test_terraform_path=/Users/mridang/Code/zitadel/terraform-provider-zitadel/.devbox/nix/profile/default/bin/terraform test_working_directory=/var/folders/zb/bthr58b10pg5xj_pbtlb4jzc0000gn/T/plugintest1905966558 tf_provider_addr=registry.terraform.io/hashicorp/zitadel test_step_number=4 test_name=TestAccActionExecution_Response
2025-11-12T10:08:48.621+0700 [DEBUG] sdk.helper_resource: Starting tfprotov6 provider instance server: test_step_number=4 test_name=TestAccActionExecution_Response test_terraform_path=/Users/mridang/Code/zitadel/terraform-provider-zitadel/.devbox/nix/profile/default/bin/terraform test_working_directory=/var/folders/zb/bthr58b10pg5xj_pbtlb4jzc0000gn/T/plugintest1905966558 tf_provider_addr=registry.terraform.io/hashicorp/zitadel
2025-11-12T10:08:48.622+0700 [DEBUG] sdk.helper_resource: Started tfprotov6 provider instance server: tf_provider_addr=registry.terraform.io/hashicorp/zitadel test_step_number=4 test_name=TestAccActionExecution_Response test_terraform_path=/Users/mridang/Code/zitadel/terraform-provider-zitadel/.devbox/nix/profile/default/bin/terraform test_working_directory=/var/folders/zb/bthr58b10pg5xj_pbtlb4jzc0000gn/T/plugintest1905966558
2025-11-12T10:08:48.663+0700 [DEBUG] sdk.framework: Calling provider defined Type Validate: tf_req_id=0d27a973-774f-370c-fe42-2c8cfc178032 tf_provider_addr=registry.terraform.io/hashicorp/zitadel tf_rpc=ValidateProviderConfig tf_mux_provider="*proto6server.Server" tf_attribute_path=token
2025-11-12T10:08:48.663+0700 [DEBUG] sdk.framework: Called provider defined Type Validate: tf_mux_provider="*proto6server.Server" tf_attribute_path=token tf_req_id=0d27a973-774f-370c-fe42-2c8cfc178032 tf_provider_addr=registry.terraform.io/hashicorp/zitadel tf_rpc=ValidateProviderConfig
2025-11-12T10:08:48.663+0700 [DEBUG] sdk.framework: Calling provider defined Type Validate: tf_rpc=ValidateProviderConfig tf_attribute_path=jwt_file tf_mux_provider="*proto6server.Server" tf_req_id=0d27a973-774f-370c-fe42-2c8cfc178032 tf_provider_addr=registry.terraform.io/hashicorp/zitadel
2025-11-12T10:08:48.663+0700 [DEBUG] sdk.framework: Called provider defined Type Validate: tf_req_id=0d27a973-774f-370c-fe42-2c8cfc178032 tf_provider_addr=registry.terraform.io/hashicorp/zitadel tf_rpc=ValidateProviderConfig tf_attribute_path=jwt_file tf_mux_provider="*proto6server.Server"
2025-11-12T10:08:48.663+0700 [DEBUG] sdk.framework: Calling provider defined Type Validate: tf_rpc=ValidateProviderConfig tf_mux_provider="*proto6server.Server" tf_req_id=0d27a973-774f-370c-fe42-2c8cfc178032 tf_provider_addr=registry.terraform.io/hashicorp/zitadel tf_attribute_path=jwt_profile_file
2025-11-12T10:08:48.663+0700 [DEBUG] sdk.framework: Called provider defined Type Validate: tf_rpc=ValidateProviderConfig tf_mux_provider="*proto6server.Server" tf_req_id=0d27a973-774f-370c-fe42-2c8cfc178032 tf_provider_addr=registry.terraform.io/hashicorp/zitadel tf_attribute_path=jwt_profile_file
2025-11-12T10:08:48.663+0700 [DEBUG] sdk.framework: Calling provider defined Type Validate: tf_rpc=ValidateProviderConfig tf_attribute_path=jwt_profile_json tf_mux_provider="*proto6server.Server" tf_req_id=0d27a973-774f-370c-fe42-2c8cfc178032 tf_provider_addr=registry.terraform.io/hashicorp/zitadel
2025-11-12T10:08:48.663+0700 [DEBUG] sdk.framework: Called provider defined Type Validate: tf_mux_provider="*proto6server.Server" tf_req_id=0d27a973-774f-370c-fe42-2c8cfc178032 tf_provider_addr=registry.terraform.io/hashicorp/zitadel tf_rpc=ValidateProviderConfig tf_attribute_path=jwt_profile_json
2025-11-12T10:08:48.663+0700 [DEBUG] sdk.framework: Calling provider defined Type Validate: tf_rpc=ValidateProviderConfig tf_mux_provider="*proto6server.Server" tf_attribute_path=port tf_req_id=0d27a973-774f-370c-fe42-2c8cfc178032 tf_provider_addr=registry.terraform.io/hashicorp/zitadel
2025-11-12T10:08:48.663+0700 [DEBUG] sdk.framework: Called provider defined Type Validate: tf_req_id=0d27a973-774f-370c-fe42-2c8cfc178032 tf_provider_addr=registry.terraform.io/hashicorp/zitadel tf_rpc=ValidateProviderConfig tf_mux_provider="*proto6server.Server" tf_attribute_path=port
2025-11-12T10:08:48.663+0700 [DEBUG] sdk.framework: Calling provider defined Type Validate: tf_mux_provider="*proto6server.Server" tf_attribute_path=domain tf_req_id=0d27a973-774f-370c-fe42-2c8cfc178032 tf_provider_addr=registry.terraform.io/hashicorp/zitadel tf_rpc=ValidateProviderConfig
2025-11-12T10:08:48.663+0700 [DEBUG] sdk.framework: Called provider defined Type Validate: tf_provider_addr=registry.terraform.io/hashicorp/zitadel tf_rpc=ValidateProviderConfig tf_mux_provider="*proto6server.Server" tf_attribute_path=domain tf_req_id=0d27a973-774f-370c-fe42-2c8cfc178032
2025-11-12T10:08:48.663+0700 [DEBUG] sdk.framework: Calling provider defined Type Validate: tf_rpc=ValidateProviderConfig tf_mux_provider="*proto6server.Server" tf_req_id=0d27a973-774f-370c-fe42-2c8cfc178032 tf_attribute_path=insecure tf_provider_addr=registry.terraform.io/hashicorp/zitadel
2025-11-12T10:08:48.663+0700 [DEBUG] sdk.framework: Called provider defined Type Validate: tf_rpc=ValidateProviderConfig tf_mux_provider="*proto6server.Server" tf_req_id=0d27a973-774f-370c-fe42-2c8cfc178032 tf_attribute_path=insecure tf_provider_addr=registry.terraform.io/hashicorp/zitadel
2025-11-12T10:08:48.669+0700 [DEBUG] sdk.framework: Calling provider defined Type Validate: tf_provider_addr=registry.terraform.io/hashicorp/zitadel tf_mux_provider="*proto6server.Server" tf_attribute_path=jwt_profile_json tf_rpc=ValidateProviderConfig tf_req_id=f75f64b3-6ec6-3f3c-a11e-ec7bf781fece
2025-11-12T10:08:48.669+0700 [DEBUG] sdk.framework: Called provider defined Type Validate: tf_req_id=f75f64b3-6ec6-3f3c-a11e-ec7bf781fece tf_provider_addr=registry.terraform.io/hashicorp/zitadel tf_mux_provider="*proto6server.Server" tf_attribute_path=jwt_profile_json tf_rpc=ValidateProviderConfig
2025-11-12T10:08:48.669+0700 [DEBUG] sdk.framework: Calling provider defined Type Validate: tf_req_id=f75f64b3-6ec6-3f3c-a11e-ec7bf781fece tf_provider_addr=registry.terraform.io/hashicorp/zitadel tf_mux_provider="*proto6server.Server" tf_attribute_path=port tf_rpc=ValidateProviderConfig
2025-11-12T10:08:48.669+0700 [DEBUG] sdk.framework: Called provider defined Type Validate: tf_rpc=ValidateProviderConfig tf_req_id=f75f64b3-6ec6-3f3c-a11e-ec7bf781fece tf_provider_addr=registry.terraform.io/hashicorp/zitadel tf_mux_provider="*proto6server.Server" tf_attribute_path=port
2025-11-12T10:08:48.669+0700 [DEBUG] sdk.framework: Calling provider defined Type Validate: tf_mux_provider="*proto6server.Server" tf_rpc=ValidateProviderConfig tf_req_id=f75f64b3-6ec6-3f3c-a11e-ec7bf781fece tf_attribute_path=domain tf_provider_addr=registry.terraform.io/hashicorp/zitadel
2025-11-12T10:08:48.669+0700 [DEBUG] sdk.framework: Called provider defined Type Validate: tf_rpc=ValidateProviderConfig tf_req_id=f75f64b3-6ec6-3f3c-a11e-ec7bf781fece tf_attribute_path=domain tf_provider_addr=registry.terraform.io/hashicorp/zitadel tf_mux_provider="*proto6server.Server"
2025-11-12T10:08:48.669+0700 [DEBUG] sdk.framework: Calling provider defined Type Validate: tf_mux_provider="*proto6server.Server" tf_attribute_path=insecure tf_rpc=ValidateProviderConfig tf_req_id=f75f64b3-6ec6-3f3c-a11e-ec7bf781fece tf_provider_addr=registry.terraform.io/hashicorp/zitadel
2025-11-12T10:08:48.669+0700 [DEBUG] sdk.framework: Called provider defined Type Validate: tf_provider_addr=registry.terraform.io/hashicorp/zitadel tf_mux_provider="*proto6server.Server" tf_attribute_path=insecure tf_rpc=ValidateProviderConfig tf_req_id=f75f64b3-6ec6-3f3c-a11e-ec7bf781fece
2025-11-12T10:08:48.669+0700 [DEBUG] sdk.framework: Calling provider defined Type Validate: tf_req_id=f75f64b3-6ec6-3f3c-a11e-ec7bf781fece tf_provider_addr=registry.terraform.io/hashicorp/zitadel tf_mux_provider="*proto6server.Server" tf_attribute_path=token tf_rpc=ValidateProviderConfig
2025-11-12T10:08:48.669+0700 [DEBUG] sdk.framework: Called provider defined Type Validate: tf_rpc=ValidateProviderConfig tf_req_id=f75f64b3-6ec6-3f3c-a11e-ec7bf781fece tf_provider_addr=registry.terraform.io/hashicorp/zitadel tf_mux_provider="*proto6server.Server" tf_attribute_path=token
2025-11-12T10:08:48.669+0700 [DEBUG] sdk.framework: Calling provider defined Type Validate: tf_mux_provider="*proto6server.Server" tf_attribute_path=jwt_file tf_rpc=ValidateProviderConfig tf_req_id=f75f64b3-6ec6-3f3c-a11e-ec7bf781fece tf_provider_addr=registry.terraform.io/hashicorp/zitadel
2025-11-12T10:08:48.669+0700 [DEBUG] sdk.framework: Called provider defined Type Validate: tf_attribute_path=jwt_file tf_rpc=ValidateProviderConfig tf_req_id=f75f64b3-6ec6-3f3c-a11e-ec7bf781fece tf_provider_addr=registry.terraform.io/hashicorp/zitadel tf_mux_provider="*proto6server.Server"
2025-11-12T10:08:48.669+0700 [DEBUG] sdk.framework: Calling provider defined Type Validate: tf_mux_provider="*proto6server.Server" tf_attribute_path=jwt_profile_file tf_rpc=ValidateProviderConfig tf_req_id=f75f64b3-6ec6-3f3c-a11e-ec7bf781fece tf_provider_addr=registry.terraform.io/hashicorp/zitadel
2025-11-12T10:08:48.669+0700 [DEBUG] sdk.framework: Called provider defined Type Validate: tf_provider_addr=registry.terraform.io/hashicorp/zitadel tf_mux_provider="*proto6server.Server" tf_attribute_path=jwt_profile_file tf_rpc=ValidateProviderConfig tf_req_id=f75f64b3-6ec6-3f3c-a11e-ec7bf781fece
2025-11-12T10:08:48.670+0700 [DEBUG] sdk.framework: Calling provider defined Provider Configure: tf_provider_addr=registry.terraform.io/hashicorp/zitadel tf_rpc=ConfigureProvider tf_mux_provider="*proto6server.Server" tf_req_id=8f51a069-04fc-4e73-1d68-6ff3e08da05c
2025-11-12T10:08:48.670+0700 [DEBUG] sdk.framework: Called provider defined Provider Configure: tf_rpc=ConfigureProvider tf_mux_provider="*proto6server.Server" tf_req_id=8f51a069-04fc-4e73-1d68-6ff3e08da05c tf_provider_addr=registry.terraform.io/hashicorp/zitadel
2025-11-12T10:08:48.670+0700 [WARN]  sdk.helper_schema: Previously configured provider being re-configured. This can cause issues in concurrent testing if the configurations are not equal.: tf_provider_addr=registry.terraform.io/hashicorp/zitadel tf_rpc=ConfigureProvider tf_mux_provider=tf5to6server.v5tov6Server tf_req_id=8f51a069-04fc-4e73-1d68-6ff3e08da05c
2025-11-12T10:08:48.671+0700 [INFO]  zitadel: started read: tf_provider_addr=registry.terraform.io/hashicorp/zitadel tf_rpc=ReadResource tf_resource_type=zitadel_action_target tf_req_id=23d4b60d-3178-1000-47ef-402524133191 tf_mux_provider=tf5to6server.v5tov6Server
2025-11-12T10:08:48.679+0700 [INFO]  zitadel: started read: tf_provider_addr=registry.terraform.io/hashicorp/zitadel tf_mux_provider=tf5to6server.v5tov6Server tf_rpc=ReadResource tf_resource_type=zitadel_action_execution_response tf_req_id=10b40232-bf66-0fef-7a31-db01192f9ea2
2025-11-12T10:08:48.692+0700 [DEBUG] sdk.helper_resource: Stopping providers: test_step_number=4 test_name=TestAccActionExecution_Response test_terraform_path=/Users/mridang/Code/zitadel/terraform-provider-zitadel/.devbox/nix/profile/default/bin/terraform test_working_directory=/var/folders/zb/bthr58b10pg5xj_pbtlb4jzc0000gn/T/plugintest1905966558
2025-11-12T10:08:48.693+0700 [DEBUG] sdk.helper_resource: Running Terraform CLI plan and apply: test_step_number=4 test_name=TestAccActionExecution_Response test_terraform_path=/Users/mridang/Code/zitadel/terraform-provider-zitadel/.devbox/nix/profile/default/bin/terraform test_working_directory=/var/folders/zb/bthr58b10pg5xj_pbtlb4jzc0000gn/T/plugintest1905966558
2025-11-12T10:08:48.693+0700 [DEBUG] sdk.helper_resource: Creating tfprotov6 provider instance: tf_provider_addr=registry.terraform.io/hashicorp/zitadel test_step_number=4 test_name=TestAccActionExecution_Response test_terraform_path=/Users/mridang/Code/zitadel/terraform-provider-zitadel/.devbox/nix/profile/default/bin/terraform test_working_directory=/var/folders/zb/bthr58b10pg5xj_pbtlb4jzc0000gn/T/plugintest1905966558
2025-11-12T10:08:48.694+0700 [DEBUG] sdk.helper_resource: Created tfprotov6 provider instance: test_step_number=4 test_name=TestAccActionExecution_Response test_terraform_path=/Users/mridang/Code/zitadel/terraform-provider-zitadel/.devbox/nix/profile/default/bin/terraform tf_provider_addr=registry.terraform.io/hashicorp/zitadel test_working_directory=/var/folders/zb/bthr58b10pg5xj_pbtlb4jzc0000gn/T/plugintest1905966558
2025-11-12T10:08:48.694+0700 [DEBUG] sdk.helper_resource: Starting tfprotov6 provider instance server: test_step_number=4 test_name=TestAccActionExecution_Response test_terraform_path=/Users/mridang/Code/zitadel/terraform-provider-zitadel/.devbox/nix/profile/default/bin/terraform test_working_directory=/var/folders/zb/bthr58b10pg5xj_pbtlb4jzc0000gn/T/plugintest1905966558 tf_provider_addr=registry.terraform.io/hashicorp/zitadel
2025-11-12T10:08:48.694+0700 [DEBUG] sdk.helper_resource: Started tfprotov6 provider instance server: test_terraform_path=/Users/mridang/Code/zitadel/terraform-provider-zitadel/.devbox/nix/profile/default/bin/terraform test_working_directory=/var/folders/zb/bthr58b10pg5xj_pbtlb4jzc0000gn/T/plugintest1905966558 test_step_number=4 tf_provider_addr=registry.terraform.io/hashicorp/zitadel test_name=TestAccActionExecution_Response
2025-11-12T10:08:48.734+0700 [DEBUG] sdk.framework: Calling provider defined Type Validate: tf_mux_provider="*proto6server.Server" tf_req_id=0975fe3d-4b23-4379-6c26-babd9c8d77ee tf_provider_addr=registry.terraform.io/hashicorp/zitadel tf_rpc=ValidateProviderConfig tf_attribute_path=port
2025-11-12T10:08:48.734+0700 [DEBUG] sdk.framework: Called provider defined Type Validate: tf_req_id=0975fe3d-4b23-4379-6c26-babd9c8d77ee tf_provider_addr=registry.terraform.io/hashicorp/zitadel tf_rpc=ValidateProviderConfig tf_attribute_path=port tf_mux_provider="*proto6server.Server"
2025-11-12T10:08:48.734+0700 [DEBUG] sdk.framework: Calling provider defined Type Validate: tf_attribute_path=domain tf_mux_provider="*proto6server.Server" tf_req_id=0975fe3d-4b23-4379-6c26-babd9c8d77ee tf_provider_addr=registry.terraform.io/hashicorp/zitadel tf_rpc=ValidateProviderConfig
2025-11-12T10:08:48.734+0700 [DEBUG] sdk.framework: Called provider defined Type Validate: tf_provider_addr=registry.terraform.io/hashicorp/zitadel tf_rpc=ValidateProviderConfig tf_attribute_path=domain tf_mux_provider="*proto6server.Server" tf_req_id=0975fe3d-4b23-4379-6c26-babd9c8d77ee
2025-11-12T10:08:48.734+0700 [DEBUG] sdk.framework: Calling provider defined Type Validate: tf_rpc=ValidateProviderConfig tf_attribute_path=insecure tf_mux_provider="*proto6server.Server" tf_req_id=0975fe3d-4b23-4379-6c26-babd9c8d77ee tf_provider_addr=registry.terraform.io/hashicorp/zitadel
2025-11-12T10:08:48.734+0700 [DEBUG] sdk.framework: Called provider defined Type Validate: tf_provider_addr=registry.terraform.io/hashicorp/zitadel tf_rpc=ValidateProviderConfig tf_attribute_path=insecure tf_mux_provider="*proto6server.Server" tf_req_id=0975fe3d-4b23-4379-6c26-babd9c8d77ee
2025-11-12T10:08:48.734+0700 [DEBUG] sdk.framework: Calling provider defined Type Validate: tf_mux_provider="*proto6server.Server" tf_req_id=0975fe3d-4b23-4379-6c26-babd9c8d77ee tf_provider_addr=registry.terraform.io/hashicorp/zitadel tf_attribute_path=token tf_rpc=ValidateProviderConfig
2025-11-12T10:08:48.734+0700 [DEBUG] sdk.framework: Called provider defined Type Validate: tf_provider_addr=registry.terraform.io/hashicorp/zitadel tf_attribute_path=token tf_rpc=ValidateProviderConfig tf_mux_provider="*proto6server.Server" tf_req_id=0975fe3d-4b23-4379-6c26-babd9c8d77ee
2025-11-12T10:08:48.734+0700 [DEBUG] sdk.framework: Calling provider defined Type Validate: tf_attribute_path=jwt_file tf_provider_addr=registry.terraform.io/hashicorp/zitadel tf_rpc=ValidateProviderConfig tf_mux_provider="*proto6server.Server" tf_req_id=0975fe3d-4b23-4379-6c26-babd9c8d77ee
2025-11-12T10:08:48.734+0700 [DEBUG] sdk.framework: Called provider defined Type Validate: tf_provider_addr=registry.terraform.io/hashicorp/zitadel tf_rpc=ValidateProviderConfig tf_mux_provider="*proto6server.Server" tf_req_id=0975fe3d-4b23-4379-6c26-babd9c8d77ee tf_attribute_path=jwt_file
2025-11-12T10:08:48.734+0700 [DEBUG] sdk.framework: Calling provider defined Type Validate: tf_attribute_path=jwt_profile_file tf_mux_provider="*proto6server.Server" tf_req_id=0975fe3d-4b23-4379-6c26-babd9c8d77ee tf_provider_addr=registry.terraform.io/hashicorp/zitadel tf_rpc=ValidateProviderConfig
2025-11-12T10:08:48.734+0700 [DEBUG] sdk.framework: Called provider defined Type Validate: tf_rpc=ValidateProviderConfig tf_attribute_path=jwt_profile_file tf_mux_provider="*proto6server.Server" tf_req_id=0975fe3d-4b23-4379-6c26-babd9c8d77ee tf_provider_addr=registry.terraform.io/hashicorp/zitadel
2025-11-12T10:08:48.734+0700 [DEBUG] sdk.framework: Calling provider defined Type Validate: tf_attribute_path=jwt_profile_json tf_req_id=0975fe3d-4b23-4379-6c26-babd9c8d77ee tf_provider_addr=registry.terraform.io/hashicorp/zitadel tf_rpc=ValidateProviderConfig tf_mux_provider="*proto6server.Server"
2025-11-12T10:08:48.734+0700 [DEBUG] sdk.framework: Called provider defined Type Validate: tf_provider_addr=registry.terraform.io/hashicorp/zitadel tf_rpc=ValidateProviderConfig tf_mux_provider="*proto6server.Server" tf_attribute_path=jwt_profile_json tf_req_id=0975fe3d-4b23-4379-6c26-babd9c8d77ee
2025-11-12T10:08:48.740+0700 [DEBUG] sdk.framework: Calling provider defined Type Validate: tf_provider_addr=registry.terraform.io/hashicorp/zitadel tf_rpc=ValidateProviderConfig tf_mux_provider="*proto6server.Server" tf_req_id=4bb5b4fd-3f69-271a-f0fa-dff53bc8b473 tf_attribute_path=jwt_profile_file
2025-11-12T10:08:48.740+0700 [DEBUG] sdk.framework: Called provider defined Type Validate: tf_attribute_path=jwt_profile_file tf_provider_addr=registry.terraform.io/hashicorp/zitadel tf_rpc=ValidateProviderConfig tf_mux_provider="*proto6server.Server" tf_req_id=4bb5b4fd-3f69-271a-f0fa-dff53bc8b473
2025-11-12T10:08:48.740+0700 [DEBUG] sdk.framework: Calling provider defined Type Validate: tf_attribute_path=jwt_profile_json tf_req_id=4bb5b4fd-3f69-271a-f0fa-dff53bc8b473 tf_provider_addr=registry.terraform.io/hashicorp/zitadel tf_rpc=ValidateProviderConfig tf_mux_provider="*proto6server.Server"
2025-11-12T10:08:48.740+0700 [DEBUG] sdk.framework: Called provider defined Type Validate: tf_req_id=4bb5b4fd-3f69-271a-f0fa-dff53bc8b473 tf_provider_addr=registry.terraform.io/hashicorp/zitadel tf_rpc=ValidateProviderConfig tf_mux_provider="*proto6server.Server" tf_attribute_path=jwt_profile_json
2025-11-12T10:08:48.740+0700 [DEBUG] sdk.framework: Calling provider defined Type Validate: tf_mux_provider="*proto6server.Server" tf_attribute_path=port tf_req_id=4bb5b4fd-3f69-271a-f0fa-dff53bc8b473 tf_provider_addr=registry.terraform.io/hashicorp/zitadel tf_rpc=ValidateProviderConfig
2025-11-12T10:08:48.740+0700 [DEBUG] sdk.framework: Called provider defined Type Validate: tf_attribute_path=port tf_req_id=4bb5b4fd-3f69-271a-f0fa-dff53bc8b473 tf_provider_addr=registry.terraform.io/hashicorp/zitadel tf_rpc=ValidateProviderConfig tf_mux_provider="*proto6server.Server"
2025-11-12T10:08:48.740+0700 [DEBUG] sdk.framework: Calling provider defined Type Validate: tf_mux_provider="*proto6server.Server" tf_req_id=4bb5b4fd-3f69-271a-f0fa-dff53bc8b473 tf_attribute_path=domain tf_provider_addr=registry.terraform.io/hashicorp/zitadel tf_rpc=ValidateProviderConfig
2025-11-12T10:08:48.740+0700 [DEBUG] sdk.framework: Called provider defined Type Validate: tf_rpc=ValidateProviderConfig tf_mux_provider="*proto6server.Server" tf_req_id=4bb5b4fd-3f69-271a-f0fa-dff53bc8b473 tf_attribute_path=domain tf_provider_addr=registry.terraform.io/hashicorp/zitadel
2025-11-12T10:08:48.740+0700 [DEBUG] sdk.framework: Calling provider defined Type Validate: tf_mux_provider="*proto6server.Server" tf_req_id=4bb5b4fd-3f69-271a-f0fa-dff53bc8b473 tf_attribute_path=insecure tf_provider_addr=registry.terraform.io/hashicorp/zitadel tf_rpc=ValidateProviderConfig
2025-11-12T10:08:48.740+0700 [DEBUG] sdk.framework: Called provider defined Type Validate: tf_provider_addr=registry.terraform.io/hashicorp/zitadel tf_rpc=ValidateProviderConfig tf_mux_provider="*proto6server.Server" tf_req_id=4bb5b4fd-3f69-271a-f0fa-dff53bc8b473 tf_attribute_path=insecure
2025-11-12T10:08:48.740+0700 [DEBUG] sdk.framework: Calling provider defined Type Validate: tf_rpc=ValidateProviderConfig tf_mux_provider="*proto6server.Server" tf_attribute_path=token tf_req_id=4bb5b4fd-3f69-271a-f0fa-dff53bc8b473 tf_provider_addr=registry.terraform.io/hashicorp/zitadel
2025-11-12T10:08:48.740+0700 [DEBUG] sdk.framework: Called provider defined Type Validate: tf_req_id=4bb5b4fd-3f69-271a-f0fa-dff53bc8b473 tf_provider_addr=registry.terraform.io/hashicorp/zitadel tf_rpc=ValidateProviderConfig tf_mux_provider="*proto6server.Server" tf_attribute_path=token
2025-11-12T10:08:48.740+0700 [DEBUG] sdk.framework: Calling provider defined Type Validate: tf_rpc=ValidateProviderConfig tf_mux_provider="*proto6server.Server" tf_attribute_path=jwt_file tf_req_id=4bb5b4fd-3f69-271a-f0fa-dff53bc8b473 tf_provider_addr=registry.terraform.io/hashicorp/zitadel
2025-11-12T10:08:48.740+0700 [DEBUG] sdk.framework: Called provider defined Type Validate: tf_provider_addr=registry.terraform.io/hashicorp/zitadel tf_rpc=ValidateProviderConfig tf_mux_provider="*proto6server.Server" tf_attribute_path=jwt_file tf_req_id=4bb5b4fd-3f69-271a-f0fa-dff53bc8b473
2025-11-12T10:08:48.741+0700 [DEBUG] sdk.framework: Calling provider defined Provider Configure: tf_rpc=ConfigureProvider tf_mux_provider="*proto6server.Server" tf_provider_addr=registry.terraform.io/hashicorp/zitadel tf_req_id=beee5f31-5e00-23b0-323e-23bc643ed911
2025-11-12T10:08:48.741+0700 [DEBUG] sdk.framework: Called provider defined Provider Configure: tf_provider_addr=registry.terraform.io/hashicorp/zitadel tf_req_id=beee5f31-5e00-23b0-323e-23bc643ed911 tf_rpc=ConfigureProvider tf_mux_provider="*proto6server.Server"
2025-11-12T10:08:48.741+0700 [WARN]  sdk.helper_schema: Previously configured provider being re-configured. This can cause issues in concurrent testing if the configurations are not equal.: tf_req_id=beee5f31-5e00-23b0-323e-23bc643ed911 tf_rpc=ConfigureProvider tf_mux_provider=tf5to6server.v5tov6Server tf_provider_addr=registry.terraform.io/hashicorp/zitadel
2025-11-12T10:08:48.782+0700 [DEBUG] sdk.helper_resource: Stopping providers: test_terraform_path=/Users/mridang/Code/zitadel/terraform-provider-zitadel/.devbox/nix/profile/default/bin/terraform test_working_directory=/var/folders/zb/bthr58b10pg5xj_pbtlb4jzc0000gn/T/plugintest1905966558 test_step_number=4 test_name=TestAccActionExecution_Response
2025-11-12T10:08:48.782+0700 [DEBUG] sdk.helper_resource: Creating tfprotov6 provider instance: test_terraform_path=/Users/mridang/Code/zitadel/terraform-provider-zitadel/.devbox/nix/profile/default/bin/terraform test_working_directory=/var/folders/zb/bthr58b10pg5xj_pbtlb4jzc0000gn/T/plugintest1905966558 tf_provider_addr=registry.terraform.io/hashicorp/zitadel test_step_number=4 test_name=TestAccActionExecution_Response
2025-11-12T10:08:48.784+0700 [DEBUG] sdk.helper_resource: Created tfprotov6 provider instance: test_step_number=4 test_name=TestAccActionExecution_Response test_terraform_path=/Users/mridang/Code/zitadel/terraform-provider-zitadel/.devbox/nix/profile/default/bin/terraform test_working_directory=/var/folders/zb/bthr58b10pg5xj_pbtlb4jzc0000gn/T/plugintest1905966558 tf_provider_addr=registry.terraform.io/hashicorp/zitadel
2025-11-12T10:08:48.784+0700 [DEBUG] sdk.helper_resource: Starting tfprotov6 provider instance server: tf_provider_addr=registry.terraform.io/hashicorp/zitadel test_step_number=4 test_name=TestAccActionExecution_Response test_terraform_path=/Users/mridang/Code/zitadel/terraform-provider-zitadel/.devbox/nix/profile/default/bin/terraform test_working_directory=/var/folders/zb/bthr58b10pg5xj_pbtlb4jzc0000gn/T/plugintest1905966558
2025-11-12T10:08:48.784+0700 [DEBUG] sdk.helper_resource: Started tfprotov6 provider instance server: test_working_directory=/var/folders/zb/bthr58b10pg5xj_pbtlb4jzc0000gn/T/plugintest1905966558 tf_provider_addr=registry.terraform.io/hashicorp/zitadel test_step_number=4 test_name=TestAccActionExecution_Response test_terraform_path=/Users/mridang/Code/zitadel/terraform-provider-zitadel/.devbox/nix/profile/default/bin/terraform
2025-11-12T10:08:48.819+0700 [DEBUG] sdk.helper_resource: Stopping providers: test_working_directory=/var/folders/zb/bthr58b10pg5xj_pbtlb4jzc0000gn/T/plugintest1905966558 test_step_number=4 test_name=TestAccActionExecution_Response test_terraform_path=/Users/mridang/Code/zitadel/terraform-provider-zitadel/.devbox/nix/profile/default/bin/terraform
2025-11-12T10:08:48.819+0700 [DEBUG] sdk.helper_resource: Creating tfprotov6 provider instance: test_step_number=4 test_name=TestAccActionExecution_Response test_terraform_path=/Users/mridang/Code/zitadel/terraform-provider-zitadel/.devbox/nix/profile/default/bin/terraform test_working_directory=/var/folders/zb/bthr58b10pg5xj_pbtlb4jzc0000gn/T/plugintest1905966558 tf_provider_addr=registry.terraform.io/hashicorp/zitadel
2025-11-12T10:08:48.820+0700 [DEBUG] sdk.helper_resource: Created tfprotov6 provider instance: tf_provider_addr=registry.terraform.io/hashicorp/zitadel test_step_number=4 test_name=TestAccActionExecution_Response test_terraform_path=/Users/mridang/Code/zitadel/terraform-provider-zitadel/.devbox/nix/profile/default/bin/terraform test_working_directory=/var/folders/zb/bthr58b10pg5xj_pbtlb4jzc0000gn/T/plugintest1905966558
2025-11-12T10:08:48.820+0700 [DEBUG] sdk.helper_resource: Starting tfprotov6 provider instance server: test_step_number=4 test_name=TestAccActionExecution_Response test_terraform_path=/Users/mridang/Code/zitadel/terraform-provider-zitadel/.devbox/nix/profile/default/bin/terraform test_working_directory=/var/folders/zb/bthr58b10pg5xj_pbtlb4jzc0000gn/T/plugintest1905966558 tf_provider_addr=registry.terraform.io/hashicorp/zitadel
2025-11-12T10:08:48.821+0700 [DEBUG] sdk.helper_resource: Started tfprotov6 provider instance server: test_terraform_path=/Users/mridang/Code/zitadel/terraform-provider-zitadel/.devbox/nix/profile/default/bin/terraform test_working_directory=/var/folders/zb/bthr58b10pg5xj_pbtlb4jzc0000gn/T/plugintest1905966558 tf_provider_addr=registry.terraform.io/hashicorp/zitadel test_step_number=4 test_name=TestAccActionExecution_Response
2025-11-12T10:08:48.861+0700 [DEBUG] sdk.framework: Calling provider defined Type Validate: tf_mux_provider="*proto6server.Server" tf_provider_addr=registry.terraform.io/hashicorp/zitadel tf_rpc=ValidateProviderConfig tf_attribute_path=jwt_file tf_req_id=d39facde-0608-d41a-4905-9055fee432fd
2025-11-12T10:08:48.861+0700 [DEBUG] sdk.framework: Called provider defined Type Validate: tf_req_id=d39facde-0608-d41a-4905-9055fee432fd tf_mux_provider="*proto6server.Server" tf_provider_addr=registry.terraform.io/hashicorp/zitadel tf_rpc=ValidateProviderConfig tf_attribute_path=jwt_file
2025-11-12T10:08:48.861+0700 [DEBUG] sdk.framework: Calling provider defined Type Validate: tf_mux_provider="*proto6server.Server" tf_provider_addr=registry.terraform.io/hashicorp/zitadel tf_rpc=ValidateProviderConfig tf_attribute_path=jwt_profile_file tf_req_id=d39facde-0608-d41a-4905-9055fee432fd
2025-11-12T10:08:48.861+0700 [DEBUG] sdk.framework: Called provider defined Type Validate: tf_req_id=d39facde-0608-d41a-4905-9055fee432fd tf_mux_provider="*proto6server.Server" tf_provider_addr=registry.terraform.io/hashicorp/zitadel tf_rpc=ValidateProviderConfig tf_attribute_path=jwt_profile_file
2025-11-12T10:08:48.861+0700 [DEBUG] sdk.framework: Calling provider defined Type Validate: tf_mux_provider="*proto6server.Server" tf_provider_addr=registry.terraform.io/hashicorp/zitadel tf_rpc=ValidateProviderConfig tf_attribute_path=jwt_profile_json tf_req_id=d39facde-0608-d41a-4905-9055fee432fd
2025-11-12T10:08:48.861+0700 [DEBUG] sdk.framework: Called provider defined Type Validate: tf_attribute_path=jwt_profile_json tf_req_id=d39facde-0608-d41a-4905-9055fee432fd tf_mux_provider="*proto6server.Server" tf_provider_addr=registry.terraform.io/hashicorp/zitadel tf_rpc=ValidateProviderConfig
2025-11-12T10:08:48.861+0700 [DEBUG] sdk.framework: Calling provider defined Type Validate: tf_provider_addr=registry.terraform.io/hashicorp/zitadel tf_rpc=ValidateProviderConfig tf_attribute_path=port tf_req_id=d39facde-0608-d41a-4905-9055fee432fd tf_mux_provider="*proto6server.Server"
2025-11-12T10:08:48.861+0700 [DEBUG] sdk.framework: Called provider defined Type Validate: tf_rpc=ValidateProviderConfig tf_attribute_path=port tf_req_id=d39facde-0608-d41a-4905-9055fee432fd tf_mux_provider="*proto6server.Server" tf_provider_addr=registry.terraform.io/hashicorp/zitadel
2025-11-12T10:08:48.861+0700 [DEBUG] sdk.framework: Calling provider defined Type Validate: tf_req_id=d39facde-0608-d41a-4905-9055fee432fd tf_mux_provider="*proto6server.Server" tf_provider_addr=registry.terraform.io/hashicorp/zitadel tf_rpc=ValidateProviderConfig tf_attribute_path=domain
2025-11-12T10:08:48.861+0700 [DEBUG] sdk.framework: Called provider defined Type Validate: tf_attribute_path=domain tf_req_id=d39facde-0608-d41a-4905-9055fee432fd tf_mux_provider="*proto6server.Server" tf_provider_addr=registry.terraform.io/hashicorp/zitadel tf_rpc=ValidateProviderConfig
2025-11-12T10:08:48.861+0700 [DEBUG] sdk.framework: Calling provider defined Type Validate: tf_attribute_path=insecure tf_rpc=ValidateProviderConfig tf_req_id=d39facde-0608-d41a-4905-9055fee432fd tf_mux_provider="*proto6server.Server" tf_provider_addr=registry.terraform.io/hashicorp/zitadel
2025-11-12T10:08:48.861+0700 [DEBUG] sdk.framework: Called provider defined Type Validate: tf_req_id=d39facde-0608-d41a-4905-9055fee432fd tf_mux_provider="*proto6server.Server" tf_provider_addr=registry.terraform.io/hashicorp/zitadel tf_attribute_path=insecure tf_rpc=ValidateProviderConfig
2025-11-12T10:08:48.861+0700 [DEBUG] sdk.framework: Calling provider defined Type Validate: tf_mux_provider="*proto6server.Server" tf_attribute_path=token tf_provider_addr=registry.terraform.io/hashicorp/zitadel tf_rpc=ValidateProviderConfig tf_req_id=d39facde-0608-d41a-4905-9055fee432fd
2025-11-12T10:08:48.861+0700 [DEBUG] sdk.framework: Called provider defined Type Validate: tf_provider_addr=registry.terraform.io/hashicorp/zitadel tf_rpc=ValidateProviderConfig tf_req_id=d39facde-0608-d41a-4905-9055fee432fd tf_mux_provider="*proto6server.Server" tf_attribute_path=token
2025-11-12T10:08:48.861+0700 [DEBUG] sdk.framework: Calling provider defined Provider Configure: tf_mux_provider="*proto6server.Server" tf_provider_addr=registry.terraform.io/hashicorp/zitadel tf_rpc=ConfigureProvider tf_req_id=beefb4ff-4e0f-88bc-0df3-d5492783b7a0
2025-11-12T10:08:48.861+0700 [DEBUG] sdk.framework: Called provider defined Provider Configure: tf_provider_addr=registry.terraform.io/hashicorp/zitadel tf_rpc=ConfigureProvider tf_req_id=beefb4ff-4e0f-88bc-0df3-d5492783b7a0 tf_mux_provider="*proto6server.Server"
2025-11-12T10:08:48.861+0700 [WARN]  sdk.helper_schema: Previously configured provider being re-configured. This can cause issues in concurrent testing if the configurations are not equal.: tf_mux_provider=tf5to6server.v5tov6Server tf_provider_addr=registry.terraform.io/hashicorp/zitadel tf_rpc=ConfigureProvider tf_req_id=beefb4ff-4e0f-88bc-0df3-d5492783b7a0
2025-11-12T10:08:48.863+0700 [INFO]  zitadel: started create: tf_req_id=820245a9-aac6-e120-4961-2a223c550b12 tf_provider_addr=registry.terraform.io/hashicorp/zitadel tf_rpc=ApplyResourceChange tf_resource_type=zitadel_action_target tf_mux_provider=tf5to6server.v5tov6Server
2025-11-12T10:08:48.875+0700 [INFO]  zitadel: started set (create/update): tf_mux_provider=tf5to6server.v5tov6Server tf_rpc=ApplyResourceChange tf_req_id=18ab01df-b3a0-f588-7548-c2cc7babd3d0 tf_resource_type=zitadel_action_execution_response tf_provider_addr=registry.terraform.io/hashicorp/zitadel
2025-11-12T10:08:48.892+0700 [DEBUG] sdk.helper_resource: Stopping providers: test_working_directory=/var/folders/zb/bthr58b10pg5xj_pbtlb4jzc0000gn/T/plugintest1905966558 test_step_number=4 test_name=TestAccActionExecution_Response test_terraform_path=/Users/mridang/Code/zitadel/terraform-provider-zitadel/.devbox/nix/profile/default/bin/terraform
2025-11-12T10:08:48.893+0700 [DEBUG] sdk.helper_resource: Creating tfprotov6 provider instance: test_step_number=4 test_name=TestAccActionExecution_Response test_terraform_path=/Users/mridang/Code/zitadel/terraform-provider-zitadel/.devbox/nix/profile/default/bin/terraform test_working_directory=/var/folders/zb/bthr58b10pg5xj_pbtlb4jzc0000gn/T/plugintest1905966558 tf_provider_addr=registry.terraform.io/hashicorp/zitadel
2025-11-12T10:08:48.894+0700 [DEBUG] sdk.helper_resource: Created tfprotov6 provider instance: test_working_directory=/var/folders/zb/bthr58b10pg5xj_pbtlb4jzc0000gn/T/plugintest1905966558 tf_provider_addr=registry.terraform.io/hashicorp/zitadel test_step_number=4 test_name=TestAccActionExecution_Response test_terraform_path=/Users/mridang/Code/zitadel/terraform-provider-zitadel/.devbox/nix/profile/default/bin/terraform
2025-11-12T10:08:48.894+0700 [DEBUG] sdk.helper_resource: Starting tfprotov6 provider instance server: test_step_number=4 test_name=TestAccActionExecution_Response test_terraform_path=/Users/mridang/Code/zitadel/terraform-provider-zitadel/.devbox/nix/profile/default/bin/terraform test_working_directory=/var/folders/zb/bthr58b10pg5xj_pbtlb4jzc0000gn/T/plugintest1905966558 tf_provider_addr=registry.terraform.io/hashicorp/zitadel
2025-11-12T10:08:48.894+0700 [DEBUG] sdk.helper_resource: Started tfprotov6 provider instance server: test_name=TestAccActionExecution_Response test_terraform_path=/Users/mridang/Code/zitadel/terraform-provider-zitadel/.devbox/nix/profile/default/bin/terraform test_working_directory=/var/folders/zb/bthr58b10pg5xj_pbtlb4jzc0000gn/T/plugintest1905966558 tf_provider_addr=registry.terraform.io/hashicorp/zitadel test_step_number=4
2025-11-12T10:08:48.929+0700 [DEBUG] sdk.helper_resource: Stopping providers: test_terraform_path=/Users/mridang/Code/zitadel/terraform-provider-zitadel/.devbox/nix/profile/default/bin/terraform test_working_directory=/var/folders/zb/bthr58b10pg5xj_pbtlb4jzc0000gn/T/plugintest1905966558 test_step_number=4 test_name=TestAccActionExecution_Response
2025-11-12T10:08:48.933+0700 [DEBUG] sdk.helper_resource: Running Terraform CLI plan to check for perpetual differences: test_step_number=4 test_name=TestAccActionExecution_Response test_terraform_path=/Users/mridang/Code/zitadel/terraform-provider-zitadel/.devbox/nix/profile/default/bin/terraform test_working_directory=/var/folders/zb/bthr58b10pg5xj_pbtlb4jzc0000gn/T/plugintest1905966558
2025-11-12T10:08:48.933+0700 [DEBUG] sdk.helper_resource: Creating tfprotov6 provider instance: test_step_number=4 test_name=TestAccActionExecution_Response test_terraform_path=/Users/mridang/Code/zitadel/terraform-provider-zitadel/.devbox/nix/profile/default/bin/terraform test_working_directory=/var/folders/zb/bthr58b10pg5xj_pbtlb4jzc0000gn/T/plugintest1905966558 tf_provider_addr=registry.terraform.io/hashicorp/zitadel
2025-11-12T10:08:48.934+0700 [DEBUG] sdk.helper_resource: Created tfprotov6 provider instance: test_step_number=4 test_name=TestAccActionExecution_Response test_terraform_path=/Users/mridang/Code/zitadel/terraform-provider-zitadel/.devbox/nix/profile/default/bin/terraform test_working_directory=/var/folders/zb/bthr58b10pg5xj_pbtlb4jzc0000gn/T/plugintest1905966558 tf_provider_addr=registry.terraform.io/hashicorp/zitadel
2025-11-12T10:08:48.934+0700 [DEBUG] sdk.helper_resource: Starting tfprotov6 provider instance server: test_name=TestAccActionExecution_Response test_terraform_path=/Users/mridang/Code/zitadel/terraform-provider-zitadel/.devbox/nix/profile/default/bin/terraform test_working_directory=/var/folders/zb/bthr58b10pg5xj_pbtlb4jzc0000gn/T/plugintest1905966558 tf_provider_addr=registry.terraform.io/hashicorp/zitadel test_step_number=4
2025-11-12T10:08:48.935+0700 [DEBUG] sdk.helper_resource: Started tfprotov6 provider instance server: test_terraform_path=/Users/mridang/Code/zitadel/terraform-provider-zitadel/.devbox/nix/profile/default/bin/terraform test_working_directory=/var/folders/zb/bthr58b10pg5xj_pbtlb4jzc0000gn/T/plugintest1905966558 tf_provider_addr=registry.terraform.io/hashicorp/zitadel test_step_number=4 test_name=TestAccActionExecution_Response
2025-11-12T10:08:48.974+0700 [DEBUG] sdk.framework: Calling provider defined Type Validate: tf_provider_addr=registry.terraform.io/hashicorp/zitadel tf_rpc=ValidateProviderConfig tf_mux_provider="*proto6server.Server" tf_attribute_path=port tf_req_id=f9059852-72fa-0d14-875a-2fa895d1ffb4
2025-11-12T10:08:48.974+0700 [DEBUG] sdk.framework: Called provider defined Type Validate: tf_mux_provider="*proto6server.Server" tf_attribute_path=port tf_req_id=f9059852-72fa-0d14-875a-2fa895d1ffb4 tf_provider_addr=registry.terraform.io/hashicorp/zitadel tf_rpc=ValidateProviderConfig
2025-11-12T10:08:48.974+0700 [DEBUG] sdk.framework: Calling provider defined Type Validate: tf_mux_provider="*proto6server.Server" tf_attribute_path=domain tf_req_id=f9059852-72fa-0d14-875a-2fa895d1ffb4 tf_provider_addr=registry.terraform.io/hashicorp/zitadel tf_rpc=ValidateProviderConfig
2025-11-12T10:08:48.974+0700 [DEBUG] sdk.framework: Called provider defined Type Validate: tf_req_id=f9059852-72fa-0d14-875a-2fa895d1ffb4 tf_provider_addr=registry.terraform.io/hashicorp/zitadel tf_rpc=ValidateProviderConfig tf_mux_provider="*proto6server.Server" tf_attribute_path=domain
2025-11-12T10:08:48.974+0700 [DEBUG] sdk.framework: Calling provider defined Type Validate: tf_attribute_path=insecure tf_provider_addr=registry.terraform.io/hashicorp/zitadel tf_rpc=ValidateProviderConfig tf_mux_provider="*proto6server.Server" tf_req_id=f9059852-72fa-0d14-875a-2fa895d1ffb4
2025-11-12T10:08:48.974+0700 [DEBUG] sdk.framework: Called provider defined Type Validate: tf_attribute_path=insecure tf_provider_addr=registry.terraform.io/hashicorp/zitadel tf_rpc=ValidateProviderConfig tf_mux_provider="*proto6server.Server" tf_req_id=f9059852-72fa-0d14-875a-2fa895d1ffb4
2025-11-12T10:08:48.974+0700 [DEBUG] sdk.framework: Calling provider defined Type Validate: tf_attribute_path=token tf_rpc=ValidateProviderConfig tf_mux_provider="*proto6server.Server" tf_req_id=f9059852-72fa-0d14-875a-2fa895d1ffb4 tf_provider_addr=registry.terraform.io/hashicorp/zitadel
2025-11-12T10:08:48.974+0700 [DEBUG] sdk.framework: Called provider defined Type Validate: tf_rpc=ValidateProviderConfig tf_mux_provider="*proto6server.Server" tf_req_id=f9059852-72fa-0d14-875a-2fa895d1ffb4 tf_provider_addr=registry.terraform.io/hashicorp/zitadel tf_attribute_path=token
2025-11-12T10:08:48.974+0700 [DEBUG] sdk.framework: Calling provider defined Type Validate: tf_attribute_path=jwt_file tf_req_id=f9059852-72fa-0d14-875a-2fa895d1ffb4 tf_provider_addr=registry.terraform.io/hashicorp/zitadel tf_rpc=ValidateProviderConfig tf_mux_provider="*proto6server.Server"
2025-11-12T10:08:48.974+0700 [DEBUG] sdk.framework: Called provider defined Type Validate: tf_mux_provider="*proto6server.Server" tf_attribute_path=jwt_file tf_req_id=f9059852-72fa-0d14-875a-2fa895d1ffb4 tf_provider_addr=registry.terraform.io/hashicorp/zitadel tf_rpc=ValidateProviderConfig
2025-11-12T10:08:48.974+0700 [DEBUG] sdk.framework: Calling provider defined Type Validate: tf_mux_provider="*proto6server.Server" tf_attribute_path=jwt_profile_file tf_req_id=f9059852-72fa-0d14-875a-2fa895d1ffb4 tf_provider_addr=registry.terraform.io/hashicorp/zitadel tf_rpc=ValidateProviderConfig
2025-11-12T10:08:48.974+0700 [DEBUG] sdk.framework: Called provider defined Type Validate: tf_rpc=ValidateProviderConfig tf_mux_provider="*proto6server.Server" tf_attribute_path=jwt_profile_file tf_req_id=f9059852-72fa-0d14-875a-2fa895d1ffb4 tf_provider_addr=registry.terraform.io/hashicorp/zitadel
2025-11-12T10:08:48.974+0700 [DEBUG] sdk.framework: Calling provider defined Type Validate: tf_provider_addr=registry.terraform.io/hashicorp/zitadel tf_attribute_path=jwt_profile_json tf_rpc=ValidateProviderConfig tf_mux_provider="*proto6server.Server" tf_req_id=f9059852-72fa-0d14-875a-2fa895d1ffb4
2025-11-12T10:08:48.974+0700 [DEBUG] sdk.framework: Called provider defined Type Validate: tf_rpc=ValidateProviderConfig tf_mux_provider="*proto6server.Server" tf_req_id=f9059852-72fa-0d14-875a-2fa895d1ffb4 tf_provider_addr=registry.terraform.io/hashicorp/zitadel tf_attribute_path=jwt_profile_json
2025-11-12T10:08:48.980+0700 [DEBUG] sdk.framework: Calling provider defined Type Validate: tf_mux_provider="*proto6server.Server" tf_attribute_path=jwt_profile_json tf_req_id=a9f83c99-90a7-f8de-578e-fda56186ffca tf_provider_addr=registry.terraform.io/hashicorp/zitadel tf_rpc=ValidateProviderConfig
2025-11-12T10:08:48.980+0700 [DEBUG] sdk.framework: Called provider defined Type Validate: tf_req_id=a9f83c99-90a7-f8de-578e-fda56186ffca tf_provider_addr=registry.terraform.io/hashicorp/zitadel tf_rpc=ValidateProviderConfig tf_mux_provider="*proto6server.Server" tf_attribute_path=jwt_profile_json
2025-11-12T10:08:48.980+0700 [DEBUG] sdk.framework: Calling provider defined Type Validate: tf_provider_addr=registry.terraform.io/hashicorp/zitadel tf_rpc=ValidateProviderConfig tf_mux_provider="*proto6server.Server" tf_req_id=a9f83c99-90a7-f8de-578e-fda56186ffca tf_attribute_path=port
2025-11-12T10:08:48.980+0700 [DEBUG] sdk.framework: Called provider defined Type Validate: tf_req_id=a9f83c99-90a7-f8de-578e-fda56186ffca tf_attribute_path=port tf_provider_addr=registry.terraform.io/hashicorp/zitadel tf_rpc=ValidateProviderConfig tf_mux_provider="*proto6server.Server"
2025-11-12T10:08:48.980+0700 [DEBUG] sdk.framework: Calling provider defined Type Validate: tf_provider_addr=registry.terraform.io/hashicorp/zitadel tf_rpc=ValidateProviderConfig tf_mux_provider="*proto6server.Server" tf_req_id=a9f83c99-90a7-f8de-578e-fda56186ffca tf_attribute_path=domain
2025-11-12T10:08:48.980+0700 [DEBUG] sdk.framework: Called provider defined Type Validate: tf_provider_addr=registry.terraform.io/hashicorp/zitadel tf_rpc=ValidateProviderConfig tf_mux_provider="*proto6server.Server" tf_req_id=a9f83c99-90a7-f8de-578e-fda56186ffca tf_attribute_path=domain
2025-11-12T10:08:48.980+0700 [DEBUG] sdk.framework: Calling provider defined Type Validate: tf_rpc=ValidateProviderConfig tf_mux_provider="*proto6server.Server" tf_req_id=a9f83c99-90a7-f8de-578e-fda56186ffca tf_attribute_path=insecure tf_provider_addr=registry.terraform.io/hashicorp/zitadel
2025-11-12T10:08:48.980+0700 [DEBUG] sdk.framework: Called provider defined Type Validate: tf_provider_addr=registry.terraform.io/hashicorp/zitadel tf_rpc=ValidateProviderConfig tf_mux_provider="*proto6server.Server" tf_req_id=a9f83c99-90a7-f8de-578e-fda56186ffca tf_attribute_path=insecure
2025-11-12T10:08:48.980+0700 [DEBUG] sdk.framework: Calling provider defined Type Validate: tf_provider_addr=registry.terraform.io/hashicorp/zitadel tf_rpc=ValidateProviderConfig tf_mux_provider="*proto6server.Server" tf_req_id=a9f83c99-90a7-f8de-578e-fda56186ffca tf_attribute_path=token
2025-11-12T10:08:48.980+0700 [DEBUG] sdk.framework: Called provider defined Type Validate: tf_provider_addr=registry.terraform.io/hashicorp/zitadel tf_rpc=ValidateProviderConfig tf_mux_provider="*proto6server.Server" tf_req_id=a9f83c99-90a7-f8de-578e-fda56186ffca tf_attribute_path=token
2025-11-12T10:08:48.980+0700 [DEBUG] sdk.framework: Calling provider defined Type Validate: tf_mux_provider="*proto6server.Server" tf_req_id=a9f83c99-90a7-f8de-578e-fda56186ffca tf_provider_addr=registry.terraform.io/hashicorp/zitadel tf_attribute_path=jwt_file tf_rpc=ValidateProviderConfig
2025-11-12T10:08:48.980+0700 [DEBUG] sdk.framework: Called provider defined Type Validate: tf_rpc=ValidateProviderConfig tf_mux_provider="*proto6server.Server" tf_req_id=a9f83c99-90a7-f8de-578e-fda56186ffca tf_provider_addr=registry.terraform.io/hashicorp/zitadel tf_attribute_path=jwt_file
2025-11-12T10:08:48.980+0700 [DEBUG] sdk.framework: Calling provider defined Type Validate: tf_rpc=ValidateProviderConfig tf_mux_provider="*proto6server.Server" tf_req_id=a9f83c99-90a7-f8de-578e-fda56186ffca tf_attribute_path=jwt_profile_file tf_provider_addr=registry.terraform.io/hashicorp/zitadel
2025-11-12T10:08:48.980+0700 [DEBUG] sdk.framework: Called provider defined Type Validate: tf_rpc=ValidateProviderConfig tf_mux_provider="*proto6server.Server" tf_req_id=a9f83c99-90a7-f8de-578e-fda56186ffca tf_attribute_path=jwt_profile_file tf_provider_addr=registry.terraform.io/hashicorp/zitadel
2025-11-12T10:08:48.981+0700 [DEBUG] sdk.framework: Calling provider defined Provider Configure: tf_mux_provider="*proto6server.Server" tf_rpc=ConfigureProvider tf_req_id=58bf37d5-7279-994b-b4a6-5a3f15d221fb tf_provider_addr=registry.terraform.io/hashicorp/zitadel
2025-11-12T10:08:48.981+0700 [DEBUG] sdk.framework: Called provider defined Provider Configure: tf_req_id=58bf37d5-7279-994b-b4a6-5a3f15d221fb tf_provider_addr=registry.terraform.io/hashicorp/zitadel tf_mux_provider="*proto6server.Server" tf_rpc=ConfigureProvider
2025-11-12T10:08:48.981+0700 [WARN]  sdk.helper_schema: Previously configured provider being re-configured. This can cause issues in concurrent testing if the configurations are not equal.: tf_provider_addr=registry.terraform.io/hashicorp/zitadel tf_mux_provider=tf5to6server.v5tov6Server tf_rpc=ConfigureProvider tf_req_id=58bf37d5-7279-994b-b4a6-5a3f15d221fb
2025-11-12T10:08:48.986+0700 [DEBUG] sdk.helper_resource: Stopping providers: test_terraform_path=/Users/mridang/Code/zitadel/terraform-provider-zitadel/.devbox/nix/profile/default/bin/terraform test_working_directory=/var/folders/zb/bthr58b10pg5xj_pbtlb4jzc0000gn/T/plugintest1905966558 test_step_number=4 test_name=TestAccActionExecution_Response
2025-11-12T10:08:48.986+0700 [DEBUG] sdk.helper_resource: Creating tfprotov6 provider instance: test_terraform_path=/Users/mridang/Code/zitadel/terraform-provider-zitadel/.devbox/nix/profile/default/bin/terraform test_working_directory=/var/folders/zb/bthr58b10pg5xj_pbtlb4jzc0000gn/T/plugintest1905966558 test_step_number=4 test_name=TestAccActionExecution_Response tf_provider_addr=registry.terraform.io/hashicorp/zitadel
2025-11-12T10:08:48.988+0700 [DEBUG] sdk.helper_resource: Created tfprotov6 provider instance: test_terraform_path=/Users/mridang/Code/zitadel/terraform-provider-zitadel/.devbox/nix/profile/default/bin/terraform test_working_directory=/var/folders/zb/bthr58b10pg5xj_pbtlb4jzc0000gn/T/plugintest1905966558 test_step_number=4 test_name=TestAccActionExecution_Response tf_provider_addr=registry.terraform.io/hashicorp/zitadel
2025-11-12T10:08:48.988+0700 [DEBUG] sdk.helper_resource: Starting tfprotov6 provider instance server: test_step_number=4 test_name=TestAccActionExecution_Response test_terraform_path=/Users/mridang/Code/zitadel/terraform-provider-zitadel/.devbox/nix/profile/default/bin/terraform test_working_directory=/var/folders/zb/bthr58b10pg5xj_pbtlb4jzc0000gn/T/plugintest1905966558 tf_provider_addr=registry.terraform.io/hashicorp/zitadel
2025-11-12T10:08:48.988+0700 [DEBUG] sdk.helper_resource: Started tfprotov6 provider instance server: test_name=TestAccActionExecution_Response tf_provider_addr=registry.terraform.io/hashicorp/zitadel test_terraform_path=/Users/mridang/Code/zitadel/terraform-provider-zitadel/.devbox/nix/profile/default/bin/terraform test_working_directory=/var/folders/zb/bthr58b10pg5xj_pbtlb4jzc0000gn/T/plugintest1905966558 test_step_number=4
2025-11-12T10:08:49.023+0700 [DEBUG] sdk.helper_resource: Stopping providers: test_step_number=4 test_name=TestAccActionExecution_Response test_terraform_path=/Users/mridang/Code/zitadel/terraform-provider-zitadel/.devbox/nix/profile/default/bin/terraform test_working_directory=/var/folders/zb/bthr58b10pg5xj_pbtlb4jzc0000gn/T/plugintest1905966558
2025-11-12T10:08:49.023+0700 [DEBUG] sdk.helper_resource: Creating tfprotov6 provider instance: test_step_number=4 test_name=TestAccActionExecution_Response test_terraform_path=/Users/mridang/Code/zitadel/terraform-provider-zitadel/.devbox/nix/profile/default/bin/terraform test_working_directory=/var/folders/zb/bthr58b10pg5xj_pbtlb4jzc0000gn/T/plugintest1905966558 tf_provider_addr=registry.terraform.io/hashicorp/zitadel
2025-11-12T10:08:49.024+0700 [DEBUG] sdk.helper_resource: Created tfprotov6 provider instance: test_working_directory=/var/folders/zb/bthr58b10pg5xj_pbtlb4jzc0000gn/T/plugintest1905966558 test_step_number=4 test_name=TestAccActionExecution_Response test_terraform_path=/Users/mridang/Code/zitadel/terraform-provider-zitadel/.devbox/nix/profile/default/bin/terraform tf_provider_addr=registry.terraform.io/hashicorp/zitadel
2025-11-12T10:08:49.024+0700 [DEBUG] sdk.helper_resource: Starting tfprotov6 provider instance server: test_working_directory=/var/folders/zb/bthr58b10pg5xj_pbtlb4jzc0000gn/T/plugintest1905966558 test_step_number=4 test_name=TestAccActionExecution_Response test_terraform_path=/Users/mridang/Code/zitadel/terraform-provider-zitadel/.devbox/nix/profile/default/bin/terraform tf_provider_addr=registry.terraform.io/hashicorp/zitadel
2025-11-12T10:08:49.025+0700 [DEBUG] sdk.helper_resource: Started tfprotov6 provider instance server: test_terraform_path=/Users/mridang/Code/zitadel/terraform-provider-zitadel/.devbox/nix/profile/default/bin/terraform test_working_directory=/var/folders/zb/bthr58b10pg5xj_pbtlb4jzc0000gn/T/plugintest1905966558 tf_provider_addr=registry.terraform.io/hashicorp/zitadel test_step_number=4 test_name=TestAccActionExecution_Response
2025-11-12T10:08:49.065+0700 [DEBUG] sdk.framework: Calling provider defined Type Validate: tf_attribute_path=jwt_profile_file tf_req_id=850cac6e-d2ea-b295-6d53-63a1174c1980 tf_provider_addr=registry.terraform.io/hashicorp/zitadel tf_mux_provider="*proto6server.Server" tf_rpc=ValidateProviderConfig
2025-11-12T10:08:49.065+0700 [DEBUG] sdk.framework: Called provider defined Type Validate: tf_provider_addr=registry.terraform.io/hashicorp/zitadel tf_mux_provider="*proto6server.Server" tf_rpc=ValidateProviderConfig tf_attribute_path=jwt_profile_file tf_req_id=850cac6e-d2ea-b295-6d53-63a1174c1980
2025-11-12T10:08:49.065+0700 [DEBUG] sdk.framework: Calling provider defined Type Validate: tf_mux_provider="*proto6server.Server" tf_rpc=ValidateProviderConfig tf_attribute_path=jwt_profile_json tf_req_id=850cac6e-d2ea-b295-6d53-63a1174c1980 tf_provider_addr=registry.terraform.io/hashicorp/zitadel
2025-11-12T10:08:49.065+0700 [DEBUG] sdk.framework: Called provider defined Type Validate: tf_provider_addr=registry.terraform.io/hashicorp/zitadel tf_mux_provider="*proto6server.Server" tf_rpc=ValidateProviderConfig tf_attribute_path=jwt_profile_json tf_req_id=850cac6e-d2ea-b295-6d53-63a1174c1980
2025-11-12T10:08:49.066+0700 [DEBUG] sdk.framework: Calling provider defined Type Validate: tf_mux_provider="*proto6server.Server" tf_rpc=ValidateProviderConfig tf_attribute_path=port tf_req_id=850cac6e-d2ea-b295-6d53-63a1174c1980 tf_provider_addr=registry.terraform.io/hashicorp/zitadel
2025-11-12T10:08:49.066+0700 [DEBUG] sdk.framework: Called provider defined Type Validate: tf_provider_addr=registry.terraform.io/hashicorp/zitadel tf_mux_provider="*proto6server.Server" tf_rpc=ValidateProviderConfig tf_attribute_path=port tf_req_id=850cac6e-d2ea-b295-6d53-63a1174c1980
2025-11-12T10:08:49.066+0700 [DEBUG] sdk.framework: Calling provider defined Type Validate: tf_req_id=850cac6e-d2ea-b295-6d53-63a1174c1980 tf_provider_addr=registry.terraform.io/hashicorp/zitadel tf_mux_provider="*proto6server.Server" tf_rpc=ValidateProviderConfig tf_attribute_path=domain
2025-11-12T10:08:49.066+0700 [DEBUG] sdk.framework: Called provider defined Type Validate: tf_attribute_path=domain tf_req_id=850cac6e-d2ea-b295-6d53-63a1174c1980 tf_provider_addr=registry.terraform.io/hashicorp/zitadel tf_mux_provider="*proto6server.Server" tf_rpc=ValidateProviderConfig
2025-11-12T10:08:49.066+0700 [DEBUG] sdk.framework: Calling provider defined Type Validate: tf_rpc=ValidateProviderConfig tf_attribute_path=insecure tf_req_id=850cac6e-d2ea-b295-6d53-63a1174c1980 tf_provider_addr=registry.terraform.io/hashicorp/zitadel tf_mux_provider="*proto6server.Server"
2025-11-12T10:08:49.066+0700 [DEBUG] sdk.framework: Called provider defined Type Validate: tf_req_id=850cac6e-d2ea-b295-6d53-63a1174c1980 tf_provider_addr=registry.terraform.io/hashicorp/zitadel tf_mux_provider="*proto6server.Server" tf_rpc=ValidateProviderConfig tf_attribute_path=insecure
2025-11-12T10:08:49.066+0700 [DEBUG] sdk.framework: Calling provider defined Type Validate: tf_provider_addr=registry.terraform.io/hashicorp/zitadel tf_mux_provider="*proto6server.Server" tf_rpc=ValidateProviderConfig tf_req_id=850cac6e-d2ea-b295-6d53-63a1174c1980 tf_attribute_path=token
2025-11-12T10:08:49.066+0700 [DEBUG] sdk.framework: Called provider defined Type Validate: tf_provider_addr=registry.terraform.io/hashicorp/zitadel tf_mux_provider="*proto6server.Server" tf_rpc=ValidateProviderConfig tf_req_id=850cac6e-d2ea-b295-6d53-63a1174c1980 tf_attribute_path=token
2025-11-12T10:08:49.066+0700 [DEBUG] sdk.framework: Calling provider defined Type Validate: tf_rpc=ValidateProviderConfig tf_attribute_path=jwt_file tf_req_id=850cac6e-d2ea-b295-6d53-63a1174c1980 tf_provider_addr=registry.terraform.io/hashicorp/zitadel tf_mux_provider="*proto6server.Server"
2025-11-12T10:08:49.066+0700 [DEBUG] sdk.framework: Called provider defined Type Validate: tf_req_id=850cac6e-d2ea-b295-6d53-63a1174c1980 tf_provider_addr=registry.terraform.io/hashicorp/zitadel tf_mux_provider="*proto6server.Server" tf_rpc=ValidateProviderConfig tf_attribute_path=jwt_file
2025-11-12T10:08:49.071+0700 [DEBUG] sdk.framework: Calling provider defined Type Validate: tf_req_id=582a9e15-fa4d-048c-21cd-a3a39b8c5d47 tf_provider_addr=registry.terraform.io/hashicorp/zitadel tf_rpc=ValidateProviderConfig tf_mux_provider="*proto6server.Server" tf_attribute_path=insecure
2025-11-12T10:08:49.071+0700 [DEBUG] sdk.framework: Called provider defined Type Validate: tf_req_id=582a9e15-fa4d-048c-21cd-a3a39b8c5d47 tf_provider_addr=registry.terraform.io/hashicorp/zitadel tf_rpc=ValidateProviderConfig tf_mux_provider="*proto6server.Server" tf_attribute_path=insecure
2025-11-12T10:08:49.071+0700 [DEBUG] sdk.framework: Calling provider defined Type Validate: tf_provider_addr=registry.terraform.io/hashicorp/zitadel tf_rpc=ValidateProviderConfig tf_mux_provider="*proto6server.Server" tf_attribute_path=token tf_req_id=582a9e15-fa4d-048c-21cd-a3a39b8c5d47
2025-11-12T10:08:49.071+0700 [DEBUG] sdk.framework: Called provider defined Type Validate: tf_req_id=582a9e15-fa4d-048c-21cd-a3a39b8c5d47 tf_provider_addr=registry.terraform.io/hashicorp/zitadel tf_rpc=ValidateProviderConfig tf_mux_provider="*proto6server.Server" tf_attribute_path=token
2025-11-12T10:08:49.071+0700 [DEBUG] sdk.framework: Calling provider defined Type Validate: tf_attribute_path=jwt_file tf_req_id=582a9e15-fa4d-048c-21cd-a3a39b8c5d47 tf_provider_addr=registry.terraform.io/hashicorp/zitadel tf_rpc=ValidateProviderConfig tf_mux_provider="*proto6server.Server"
2025-11-12T10:08:49.071+0700 [DEBUG] sdk.framework: Called provider defined Type Validate: tf_attribute_path=jwt_file tf_req_id=582a9e15-fa4d-048c-21cd-a3a39b8c5d47 tf_provider_addr=registry.terraform.io/hashicorp/zitadel tf_rpc=ValidateProviderConfig tf_mux_provider="*proto6server.Server"
2025-11-12T10:08:49.071+0700 [DEBUG] sdk.framework: Calling provider defined Type Validate: tf_req_id=582a9e15-fa4d-048c-21cd-a3a39b8c5d47 tf_provider_addr=registry.terraform.io/hashicorp/zitadel tf_rpc=ValidateProviderConfig tf_mux_provider="*proto6server.Server" tf_attribute_path=jwt_profile_file
2025-11-12T10:08:49.071+0700 [DEBUG] sdk.framework: Called provider defined Type Validate: tf_mux_provider="*proto6server.Server" tf_attribute_path=jwt_profile_file tf_req_id=582a9e15-fa4d-048c-21cd-a3a39b8c5d47 tf_provider_addr=registry.terraform.io/hashicorp/zitadel tf_rpc=ValidateProviderConfig
2025-11-12T10:08:49.071+0700 [DEBUG] sdk.framework: Calling provider defined Type Validate: tf_rpc=ValidateProviderConfig tf_mux_provider="*proto6server.Server" tf_req_id=582a9e15-fa4d-048c-21cd-a3a39b8c5d47 tf_provider_addr=registry.terraform.io/hashicorp/zitadel tf_attribute_path=jwt_profile_json
2025-11-12T10:08:49.071+0700 [DEBUG] sdk.framework: Called provider defined Type Validate: tf_mux_provider="*proto6server.Server" tf_req_id=582a9e15-fa4d-048c-21cd-a3a39b8c5d47 tf_provider_addr=registry.terraform.io/hashicorp/zitadel tf_attribute_path=jwt_profile_json tf_rpc=ValidateProviderConfig
2025-11-12T10:08:49.071+0700 [DEBUG] sdk.framework: Calling provider defined Type Validate: tf_req_id=582a9e15-fa4d-048c-21cd-a3a39b8c5d47 tf_provider_addr=registry.terraform.io/hashicorp/zitadel tf_rpc=ValidateProviderConfig tf_mux_provider="*proto6server.Server" tf_attribute_path=port
2025-11-12T10:08:49.071+0700 [DEBUG] sdk.framework: Called provider defined Type Validate: tf_attribute_path=port tf_req_id=582a9e15-fa4d-048c-21cd-a3a39b8c5d47 tf_provider_addr=registry.terraform.io/hashicorp/zitadel tf_rpc=ValidateProviderConfig tf_mux_provider="*proto6server.Server"
2025-11-12T10:08:49.071+0700 [DEBUG] sdk.framework: Calling provider defined Type Validate: tf_rpc=ValidateProviderConfig tf_mux_provider="*proto6server.Server" tf_attribute_path=domain tf_req_id=582a9e15-fa4d-048c-21cd-a3a39b8c5d47 tf_provider_addr=registry.terraform.io/hashicorp/zitadel
2025-11-12T10:08:49.071+0700 [DEBUG] sdk.framework: Called provider defined Type Validate: tf_req_id=582a9e15-fa4d-048c-21cd-a3a39b8c5d47 tf_provider_addr=registry.terraform.io/hashicorp/zitadel tf_rpc=ValidateProviderConfig tf_mux_provider="*proto6server.Server" tf_attribute_path=domain
2025-11-12T10:08:49.072+0700 [DEBUG] sdk.framework: Calling provider defined Provider Configure: tf_req_id=5bf0eafd-45cc-eecf-5d01-590eafb2e724 tf_provider_addr=registry.terraform.io/hashicorp/zitadel tf_rpc=ConfigureProvider tf_mux_provider="*proto6server.Server"
2025-11-12T10:08:49.072+0700 [DEBUG] sdk.framework: Called provider defined Provider Configure: tf_req_id=5bf0eafd-45cc-eecf-5d01-590eafb2e724 tf_provider_addr=registry.terraform.io/hashicorp/zitadel tf_rpc=ConfigureProvider tf_mux_provider="*proto6server.Server"
2025-11-12T10:08:49.072+0700 [WARN]  sdk.helper_schema: Previously configured provider being re-configured. This can cause issues in concurrent testing if the configurations are not equal.: tf_mux_provider=tf5to6server.v5tov6Server tf_req_id=5bf0eafd-45cc-eecf-5d01-590eafb2e724 tf_provider_addr=registry.terraform.io/hashicorp/zitadel tf_rpc=ConfigureProvider
2025-11-12T10:08:49.073+0700 [INFO]  zitadel: started read: tf_provider_addr=registry.terraform.io/hashicorp/zitadel tf_mux_provider=tf5to6server.v5tov6Server tf_rpc=ReadResource tf_resource_type=zitadel_action_target tf_req_id=eb52b637-dd19-7f46-7b2c-cfce5d9a6d50
2025-11-12T10:08:49.073+0700 [INFO]  zitadel: started read: tf_req_id=30cdf082-2fd5-2057-ebf7-31ea7a968fea tf_provider_addr=registry.terraform.io/hashicorp/zitadel tf_rpc=ReadResource tf_resource_type=zitadel_action_target tf_mux_provider=tf5to6server.v5tov6Server
2025-11-12T10:08:49.082+0700 [INFO]  zitadel: started read: tf_resource_type=zitadel_action_execution_response tf_req_id=9f3ad084-5006-562a-0536-042b71b253b3 tf_mux_provider=tf5to6server.v5tov6Server tf_provider_addr=registry.terraform.io/hashicorp/zitadel tf_rpc=ReadResource
2025-11-12T10:08:49.095+0700 [DEBUG] sdk.helper_resource: Stopping providers: test_working_directory=/var/folders/zb/bthr58b10pg5xj_pbtlb4jzc0000gn/T/plugintest1905966558 test_step_number=4 test_name=TestAccActionExecution_Response test_terraform_path=/Users/mridang/Code/zitadel/terraform-provider-zitadel/.devbox/nix/profile/default/bin/terraform
2025-11-12T10:08:49.095+0700 [DEBUG] sdk.helper_resource: Creating tfprotov6 provider instance: test_name=TestAccActionExecution_Response test_terraform_path=/Users/mridang/Code/zitadel/terraform-provider-zitadel/.devbox/nix/profile/default/bin/terraform test_working_directory=/var/folders/zb/bthr58b10pg5xj_pbtlb4jzc0000gn/T/plugintest1905966558 tf_provider_addr=registry.terraform.io/hashicorp/zitadel test_step_number=4
2025-11-12T10:08:49.097+0700 [DEBUG] sdk.helper_resource: Created tfprotov6 provider instance: test_name=TestAccActionExecution_Response test_terraform_path=/Users/mridang/Code/zitadel/terraform-provider-zitadel/.devbox/nix/profile/default/bin/terraform test_working_directory=/var/folders/zb/bthr58b10pg5xj_pbtlb4jzc0000gn/T/plugintest1905966558 test_step_number=4 tf_provider_addr=registry.terraform.io/hashicorp/zitadel
2025-11-12T10:08:49.097+0700 [DEBUG] sdk.helper_resource: Starting tfprotov6 provider instance server: test_step_number=4 test_name=TestAccActionExecution_Response test_terraform_path=/Users/mridang/Code/zitadel/terraform-provider-zitadel/.devbox/nix/profile/default/bin/terraform test_working_directory=/var/folders/zb/bthr58b10pg5xj_pbtlb4jzc0000gn/T/plugintest1905966558 tf_provider_addr=registry.terraform.io/hashicorp/zitadel
2025-11-12T10:08:49.097+0700 [DEBUG] sdk.helper_resource: Started tfprotov6 provider instance server: test_step_number=4 test_name=TestAccActionExecution_Response test_terraform_path=/Users/mridang/Code/zitadel/terraform-provider-zitadel/.devbox/nix/profile/default/bin/terraform test_working_directory=/var/folders/zb/bthr58b10pg5xj_pbtlb4jzc0000gn/T/plugintest1905966558 tf_provider_addr=registry.terraform.io/hashicorp/zitadel
2025-11-12T10:08:49.138+0700 [DEBUG] sdk.framework: Calling provider defined Type Validate: tf_req_id=9f26e8cf-3858-66b3-9237-9457faadc5c9 tf_provider_addr=registry.terraform.io/hashicorp/zitadel tf_mux_provider="*proto6server.Server" tf_attribute_path=insecure tf_rpc=ValidateProviderConfig
2025-11-12T10:08:49.138+0700 [DEBUG] sdk.framework: Called provider defined Type Validate: tf_rpc=ValidateProviderConfig tf_req_id=9f26e8cf-3858-66b3-9237-9457faadc5c9 tf_provider_addr=registry.terraform.io/hashicorp/zitadel tf_mux_provider="*proto6server.Server" tf_attribute_path=insecure
2025-11-12T10:08:49.138+0700 [DEBUG] sdk.framework: Calling provider defined Type Validate: tf_attribute_path=token tf_mux_provider="*proto6server.Server" tf_rpc=ValidateProviderConfig tf_req_id=9f26e8cf-3858-66b3-9237-9457faadc5c9 tf_provider_addr=registry.terraform.io/hashicorp/zitadel
2025-11-12T10:08:49.138+0700 [DEBUG] sdk.framework: Called provider defined Type Validate: tf_mux_provider="*proto6server.Server" tf_rpc=ValidateProviderConfig tf_req_id=9f26e8cf-3858-66b3-9237-9457faadc5c9 tf_provider_addr=registry.terraform.io/hashicorp/zitadel tf_attribute_path=token
2025-11-12T10:08:49.138+0700 [DEBUG] sdk.framework: Calling provider defined Type Validate: tf_mux_provider="*proto6server.Server" tf_rpc=ValidateProviderConfig tf_req_id=9f26e8cf-3858-66b3-9237-9457faadc5c9 tf_attribute_path=jwt_file tf_provider_addr=registry.terraform.io/hashicorp/zitadel
2025-11-12T10:08:49.138+0700 [DEBUG] sdk.framework: Called provider defined Type Validate: tf_mux_provider="*proto6server.Server" tf_rpc=ValidateProviderConfig tf_req_id=9f26e8cf-3858-66b3-9237-9457faadc5c9 tf_attribute_path=jwt_file tf_provider_addr=registry.terraform.io/hashicorp/zitadel
2025-11-12T10:08:49.138+0700 [DEBUG] sdk.framework: Calling provider defined Type Validate: tf_rpc=ValidateProviderConfig tf_req_id=9f26e8cf-3858-66b3-9237-9457faadc5c9 tf_provider_addr=registry.terraform.io/hashicorp/zitadel tf_mux_provider="*proto6server.Server" tf_attribute_path=jwt_profile_file
2025-11-12T10:08:49.138+0700 [DEBUG] sdk.framework: Called provider defined Type Validate: tf_req_id=9f26e8cf-3858-66b3-9237-9457faadc5c9 tf_provider_addr=registry.terraform.io/hashicorp/zitadel tf_mux_provider="*proto6server.Server" tf_attribute_path=jwt_profile_file tf_rpc=ValidateProviderConfig
2025-11-12T10:08:49.138+0700 [DEBUG] sdk.framework: Calling provider defined Type Validate: tf_provider_addr=registry.terraform.io/hashicorp/zitadel tf_mux_provider="*proto6server.Server" tf_attribute_path=jwt_profile_json tf_rpc=ValidateProviderConfig tf_req_id=9f26e8cf-3858-66b3-9237-9457faadc5c9
2025-11-12T10:08:49.138+0700 [DEBUG] sdk.framework: Called provider defined Type Validate: tf_rpc=ValidateProviderConfig tf_req_id=9f26e8cf-3858-66b3-9237-9457faadc5c9 tf_provider_addr=registry.terraform.io/hashicorp/zitadel tf_mux_provider="*proto6server.Server" tf_attribute_path=jwt_profile_json
2025-11-12T10:08:49.138+0700 [DEBUG] sdk.framework: Calling provider defined Type Validate: tf_attribute_path=port tf_rpc=ValidateProviderConfig tf_req_id=9f26e8cf-3858-66b3-9237-9457faadc5c9 tf_provider_addr=registry.terraform.io/hashicorp/zitadel tf_mux_provider="*proto6server.Server"
2025-11-12T10:08:49.138+0700 [DEBUG] sdk.framework: Called provider defined Type Validate: tf_provider_addr=registry.terraform.io/hashicorp/zitadel tf_mux_provider="*proto6server.Server" tf_attribute_path=port tf_rpc=ValidateProviderConfig tf_req_id=9f26e8cf-3858-66b3-9237-9457faadc5c9
2025-11-12T10:08:49.138+0700 [DEBUG] sdk.framework: Calling provider defined Type Validate: tf_req_id=9f26e8cf-3858-66b3-9237-9457faadc5c9 tf_provider_addr=registry.terraform.io/hashicorp/zitadel tf_mux_provider="*proto6server.Server" tf_rpc=ValidateProviderConfig tf_attribute_path=domain
2025-11-12T10:08:49.138+0700 [DEBUG] sdk.framework: Called provider defined Type Validate: tf_req_id=9f26e8cf-3858-66b3-9237-9457faadc5c9 tf_provider_addr=registry.terraform.io/hashicorp/zitadel tf_mux_provider="*proto6server.Server" tf_rpc=ValidateProviderConfig tf_attribute_path=domain
2025-11-12T10:08:49.144+0700 [DEBUG] sdk.framework: Calling provider defined Type Validate: tf_provider_addr=registry.terraform.io/hashicorp/zitadel tf_req_id=78924c20-9a7a-9298-d52d-c53df017b183 tf_rpc=ValidateProviderConfig tf_mux_provider="*proto6server.Server" tf_attribute_path=domain
2025-11-12T10:08:49.144+0700 [DEBUG] sdk.framework: Called provider defined Type Validate: tf_provider_addr=registry.terraform.io/hashicorp/zitadel tf_req_id=78924c20-9a7a-9298-d52d-c53df017b183 tf_rpc=ValidateProviderConfig tf_mux_provider="*proto6server.Server" tf_attribute_path=domain
2025-11-12T10:08:49.144+0700 [DEBUG] sdk.framework: Calling provider defined Type Validate: tf_req_id=78924c20-9a7a-9298-d52d-c53df017b183 tf_rpc=ValidateProviderConfig tf_mux_provider="*proto6server.Server" tf_attribute_path=insecure tf_provider_addr=registry.terraform.io/hashicorp/zitadel
2025-11-12T10:08:49.144+0700 [DEBUG] sdk.framework: Called provider defined Type Validate: tf_mux_provider="*proto6server.Server" tf_attribute_path=insecure tf_provider_addr=registry.terraform.io/hashicorp/zitadel tf_req_id=78924c20-9a7a-9298-d52d-c53df017b183 tf_rpc=ValidateProviderConfig
2025-11-12T10:08:49.144+0700 [DEBUG] sdk.framework: Calling provider defined Type Validate: tf_rpc=ValidateProviderConfig tf_attribute_path=token tf_mux_provider="*proto6server.Server" tf_provider_addr=registry.terraform.io/hashicorp/zitadel tf_req_id=78924c20-9a7a-9298-d52d-c53df017b183
2025-11-12T10:08:49.144+0700 [DEBUG] sdk.framework: Called provider defined Type Validate: tf_mux_provider="*proto6server.Server" tf_provider_addr=registry.terraform.io/hashicorp/zitadel tf_req_id=78924c20-9a7a-9298-d52d-c53df017b183 tf_rpc=ValidateProviderConfig tf_attribute_path=token
2025-11-12T10:08:49.144+0700 [DEBUG] sdk.framework: Calling provider defined Type Validate: tf_mux_provider="*proto6server.Server" tf_attribute_path=jwt_file tf_provider_addr=registry.terraform.io/hashicorp/zitadel tf_req_id=78924c20-9a7a-9298-d52d-c53df017b183 tf_rpc=ValidateProviderConfig
2025-11-12T10:08:49.144+0700 [DEBUG] sdk.framework: Called provider defined Type Validate: tf_mux_provider="*proto6server.Server" tf_attribute_path=jwt_file tf_provider_addr=registry.terraform.io/hashicorp/zitadel tf_req_id=78924c20-9a7a-9298-d52d-c53df017b183 tf_rpc=ValidateProviderConfig
2025-11-12T10:08:49.144+0700 [DEBUG] sdk.framework: Calling provider defined Type Validate: tf_req_id=78924c20-9a7a-9298-d52d-c53df017b183 tf_attribute_path=jwt_profile_file tf_rpc=ValidateProviderConfig tf_mux_provider="*proto6server.Server" tf_provider_addr=registry.terraform.io/hashicorp/zitadel
2025-11-12T10:08:49.144+0700 [DEBUG] sdk.framework: Called provider defined Type Validate: tf_rpc=ValidateProviderConfig tf_mux_provider="*proto6server.Server" tf_provider_addr=registry.terraform.io/hashicorp/zitadel tf_req_id=78924c20-9a7a-9298-d52d-c53df017b183 tf_attribute_path=jwt_profile_file
2025-11-12T10:08:49.144+0700 [DEBUG] sdk.framework: Calling provider defined Type Validate: tf_attribute_path=jwt_profile_json tf_rpc=ValidateProviderConfig tf_mux_provider="*proto6server.Server" tf_provider_addr=registry.terraform.io/hashicorp/zitadel tf_req_id=78924c20-9a7a-9298-d52d-c53df017b183
2025-11-12T10:08:49.144+0700 [DEBUG] sdk.framework: Called provider defined Type Validate: tf_provider_addr=registry.terraform.io/hashicorp/zitadel tf_req_id=78924c20-9a7a-9298-d52d-c53df017b183 tf_attribute_path=jwt_profile_json tf_rpc=ValidateProviderConfig tf_mux_provider="*proto6server.Server"
2025-11-12T10:08:49.144+0700 [DEBUG] sdk.framework: Calling provider defined Type Validate: tf_req_id=78924c20-9a7a-9298-d52d-c53df017b183 tf_rpc=ValidateProviderConfig tf_mux_provider="*proto6server.Server" tf_attribute_path=port tf_provider_addr=registry.terraform.io/hashicorp/zitadel
2025-11-12T10:08:49.144+0700 [DEBUG] sdk.framework: Called provider defined Type Validate: tf_attribute_path=port tf_provider_addr=registry.terraform.io/hashicorp/zitadel tf_req_id=78924c20-9a7a-9298-d52d-c53df017b183 tf_rpc=ValidateProviderConfig tf_mux_provider="*proto6server.Server"
2025-11-12T10:08:49.145+0700 [DEBUG] sdk.framework: Calling provider defined Provider Configure: tf_rpc=ConfigureProvider tf_mux_provider="*proto6server.Server" tf_req_id=7803869d-955a-d336-99ef-08d901d3571d tf_provider_addr=registry.terraform.io/hashicorp/zitadel
2025-11-12T10:08:49.145+0700 [DEBUG] sdk.framework: Called provider defined Provider Configure: tf_mux_provider="*proto6server.Server" tf_req_id=7803869d-955a-d336-99ef-08d901d3571d tf_provider_addr=registry.terraform.io/hashicorp/zitadel tf_rpc=ConfigureProvider
2025-11-12T10:08:49.145+0700 [WARN]  sdk.helper_schema: Previously configured provider being re-configured. This can cause issues in concurrent testing if the configurations are not equal.: tf_rpc=ConfigureProvider tf_mux_provider=tf5to6server.v5tov6Server tf_req_id=7803869d-955a-d336-99ef-08d901d3571d tf_provider_addr=registry.terraform.io/hashicorp/zitadel
2025-11-12T10:08:49.149+0700 [DEBUG] sdk.helper_resource: Stopping providers: test_working_directory=/var/folders/zb/bthr58b10pg5xj_pbtlb4jzc0000gn/T/plugintest1905966558 test_step_number=4 test_name=TestAccActionExecution_Response test_terraform_path=/Users/mridang/Code/zitadel/terraform-provider-zitadel/.devbox/nix/profile/default/bin/terraform
2025-11-12T10:08:49.150+0700 [DEBUG] sdk.helper_resource: Creating tfprotov6 provider instance: test_terraform_path=/Users/mridang/Code/zitadel/terraform-provider-zitadel/.devbox/nix/profile/default/bin/terraform test_working_directory=/var/folders/zb/bthr58b10pg5xj_pbtlb4jzc0000gn/T/plugintest1905966558 tf_provider_addr=registry.terraform.io/hashicorp/zitadel test_step_number=4 test_name=TestAccActionExecution_Response
2025-11-12T10:08:49.151+0700 [DEBUG] sdk.helper_resource: Created tfprotov6 provider instance: test_step_number=4 test_name=TestAccActionExecution_Response test_terraform_path=/Users/mridang/Code/zitadel/terraform-provider-zitadel/.devbox/nix/profile/default/bin/terraform test_working_directory=/var/folders/zb/bthr58b10pg5xj_pbtlb4jzc0000gn/T/plugintest1905966558 tf_provider_addr=registry.terraform.io/hashicorp/zitadel
2025-11-12T10:08:49.151+0700 [DEBUG] sdk.helper_resource: Starting tfprotov6 provider instance server: test_step_number=4 test_name=TestAccActionExecution_Response test_terraform_path=/Users/mridang/Code/zitadel/terraform-provider-zitadel/.devbox/nix/profile/default/bin/terraform test_working_directory=/var/folders/zb/bthr58b10pg5xj_pbtlb4jzc0000gn/T/plugintest1905966558 tf_provider_addr=registry.terraform.io/hashicorp/zitadel
2025-11-12T10:08:49.151+0700 [DEBUG] sdk.helper_resource: Started tfprotov6 provider instance server: test_step_number=4 test_name=TestAccActionExecution_Response test_terraform_path=/Users/mridang/Code/zitadel/terraform-provider-zitadel/.devbox/nix/profile/default/bin/terraform test_working_directory=/var/folders/zb/bthr58b10pg5xj_pbtlb4jzc0000gn/T/plugintest1905966558 tf_provider_addr=registry.terraform.io/hashicorp/zitadel
2025-11-12T10:08:49.186+0700 [DEBUG] sdk.helper_resource: Stopping providers: test_step_number=4 test_name=TestAccActionExecution_Response test_terraform_path=/Users/mridang/Code/zitadel/terraform-provider-zitadel/.devbox/nix/profile/default/bin/terraform test_working_directory=/var/folders/zb/bthr58b10pg5xj_pbtlb4jzc0000gn/T/plugintest1905966558
2025-11-12T10:08:49.186+0700 [DEBUG] sdk.helper_resource: Finished TestStep: test_step_number=4 test_name=TestAccActionExecution_Response test_terraform_path=/Users/mridang/Code/zitadel/terraform-provider-zitadel/.devbox/nix/profile/default/bin/terraform test_working_directory=/var/folders/zb/bthr58b10pg5xj_pbtlb4jzc0000gn/T/plugintest1905966558
2025-11-12T10:08:49.186+0700 [DEBUG] sdk.helper_resource: Starting TestStep: test_step_number=5 test_name=TestAccActionExecution_Response test_terraform_path=/Users/mridang/Code/zitadel/terraform-provider-zitadel/.devbox/nix/profile/default/bin/terraform test_working_directory=/var/folders/zb/bthr58b10pg5xj_pbtlb4jzc0000gn/T/plugintest1905966558
2025-11-12T10:08:49.186+0700 [DEBUG] sdk.helper_resource: Creating tfprotov6 provider instance: test_name=TestAccActionExecution_Response tf_provider_addr=registry.terraform.io/hashicorp/zitadel test_terraform_path=/Users/mridang/Code/zitadel/terraform-provider-zitadel/.devbox/nix/profile/default/bin/terraform test_working_directory=/var/folders/zb/bthr58b10pg5xj_pbtlb4jzc0000gn/T/plugintest1905966558 test_step_number=5
2025-11-12T10:08:49.187+0700 [DEBUG] sdk.helper_resource: Created tfprotov6 provider instance: test_terraform_path=/Users/mridang/Code/zitadel/terraform-provider-zitadel/.devbox/nix/profile/default/bin/terraform tf_provider_addr=registry.terraform.io/hashicorp/zitadel test_working_directory=/var/folders/zb/bthr58b10pg5xj_pbtlb4jzc0000gn/T/plugintest1905966558 test_step_number=5 test_name=TestAccActionExecution_Response
2025-11-12T10:08:49.187+0700 [DEBUG] sdk.helper_resource: Starting tfprotov6 provider instance server: test_working_directory=/var/folders/zb/bthr58b10pg5xj_pbtlb4jzc0000gn/T/plugintest1905966558 test_step_number=5 test_name=TestAccActionExecution_Response tf_provider_addr=registry.terraform.io/hashicorp/zitadel test_terraform_path=/Users/mridang/Code/zitadel/terraform-provider-zitadel/.devbox/nix/profile/default/bin/terraform
2025-11-12T10:08:49.188+0700 [DEBUG] sdk.helper_resource: Started tfprotov6 provider instance server: test_name=TestAccActionExecution_Response test_terraform_path=/Users/mridang/Code/zitadel/terraform-provider-zitadel/.devbox/nix/profile/default/bin/terraform test_working_directory=/var/folders/zb/bthr58b10pg5xj_pbtlb4jzc0000gn/T/plugintest1905966558 tf_provider_addr=registry.terraform.io/hashicorp/zitadel test_step_number=5
2025-11-12T10:08:49.227+0700 [DEBUG] sdk.helper_resource: Stopping providers: test_working_directory=/var/folders/zb/bthr58b10pg5xj_pbtlb4jzc0000gn/T/plugintest1905966558 test_step_number=5 test_name=TestAccActionExecution_Response test_terraform_path=/Users/mridang/Code/zitadel/terraform-provider-zitadel/.devbox/nix/profile/default/bin/terraform
2025-11-12T10:08:49.227+0700 [DEBUG] sdk.helper_resource: Calling TestStep ImportStateIdFunc: test_terraform_path=/Users/mridang/Code/zitadel/terraform-provider-zitadel/.devbox/nix/profile/default/bin/terraform test_working_directory=/var/folders/zb/bthr58b10pg5xj_pbtlb4jzc0000gn/T/plugintest1905966558 test_step_number=5 test_name=TestAccActionExecution_Response
2025-11-12T10:08:49.227+0700 [DEBUG] sdk.helper_resource: Called TestStep ImportStateIdFunc: test_working_directory=/var/folders/zb/bthr58b10pg5xj_pbtlb4jzc0000gn/T/plugintest1905966558 test_step_number=5 test_name=TestAccActionExecution_Response test_terraform_path=/Users/mridang/Code/zitadel/terraform-provider-zitadel/.devbox/nix/profile/default/bin/terraform
2025-11-12T10:08:49.270+0700 [DEBUG] sdk.helper_resource: Running Terraform CLI init and import: test_step_number=5 test_name=TestAccActionExecution_Response test_terraform_path=/Users/mridang/Code/zitadel/terraform-provider-zitadel/.devbox/nix/profile/default/bin/terraform test_working_directory=/var/folders/zb/bthr58b10pg5xj_pbtlb4jzc0000gn/T/plugintest1905966558
2025-11-12T10:08:49.270+0700 [DEBUG] sdk.helper_resource: Creating tfprotov6 provider instance: test_terraform_path=/Users/mridang/Code/zitadel/terraform-provider-zitadel/.devbox/nix/profile/default/bin/terraform tf_provider_addr=registry.terraform.io/hashicorp/zitadel test_working_directory=/var/folders/zb/bthr58b10pg5xj_pbtlb4jzc0000gn/T/plugintest1905966558 test_step_number=5 test_name=TestAccActionExecution_Response
2025-11-12T10:08:49.272+0700 [DEBUG] sdk.helper_resource: Created tfprotov6 provider instance: test_working_directory=/var/folders/zb/bthr58b10pg5xj_pbtlb4jzc0000gn/T/plugintest1905966558 test_step_number=5 test_name=TestAccActionExecution_Response test_terraform_path=/Users/mridang/Code/zitadel/terraform-provider-zitadel/.devbox/nix/profile/default/bin/terraform tf_provider_addr=registry.terraform.io/hashicorp/zitadel
2025-11-12T10:08:49.272+0700 [DEBUG] sdk.helper_resource: Starting tfprotov6 provider instance server: test_terraform_path=/Users/mridang/Code/zitadel/terraform-provider-zitadel/.devbox/nix/profile/default/bin/terraform test_working_directory=/var/folders/zb/bthr58b10pg5xj_pbtlb4jzc0000gn/T/plugintest1905966558 test_step_number=5 test_name=TestAccActionExecution_Response tf_provider_addr=registry.terraform.io/hashicorp/zitadel
2025-11-12T10:08:49.273+0700 [DEBUG] sdk.helper_resource: Started tfprotov6 provider instance server: test_terraform_path=/Users/mridang/Code/zitadel/terraform-provider-zitadel/.devbox/nix/profile/default/bin/terraform test_working_directory=/var/folders/zb/bthr58b10pg5xj_pbtlb4jzc0000gn/T/plugintest1905966558 test_step_number=5 test_name=TestAccActionExecution_Response tf_provider_addr=registry.terraform.io/hashicorp/zitadel
2025-11-12T10:08:49.306+0700 [DEBUG] sdk.helper_resource: Stopping providers: test_step_number=5 test_name=TestAccActionExecution_Response test_terraform_path=/Users/mridang/Code/zitadel/terraform-provider-zitadel/.devbox/nix/profile/default/bin/terraform test_working_directory=/var/folders/zb/bthr58b10pg5xj_pbtlb4jzc0000gn/T/plugintest1905966558
2025-11-12T10:08:49.306+0700 [DEBUG] sdk.helper_resource: Creating tfprotov6 provider instance: test_name=TestAccActionExecution_Response test_terraform_path=/Users/mridang/Code/zitadel/terraform-provider-zitadel/.devbox/nix/profile/default/bin/terraform test_working_directory=/var/folders/zb/bthr58b10pg5xj_pbtlb4jzc0000gn/T/plugintest1905966558 tf_provider_addr=registry.terraform.io/hashicorp/zitadel test_step_number=5
2025-11-12T10:08:49.308+0700 [DEBUG] sdk.helper_resource: Created tfprotov6 provider instance: test_working_directory=/var/folders/zb/bthr58b10pg5xj_pbtlb4jzc0000gn/T/plugintest1905966558 test_step_number=5 tf_provider_addr=registry.terraform.io/hashicorp/zitadel test_name=TestAccActionExecution_Response test_terraform_path=/Users/mridang/Code/zitadel/terraform-provider-zitadel/.devbox/nix/profile/default/bin/terraform
2025-11-12T10:08:49.308+0700 [DEBUG] sdk.helper_resource: Starting tfprotov6 provider instance server: test_working_directory=/var/folders/zb/bthr58b10pg5xj_pbtlb4jzc0000gn/T/plugintest1905966558 test_step_number=5 test_name=TestAccActionExecution_Response test_terraform_path=/Users/mridang/Code/zitadel/terraform-provider-zitadel/.devbox/nix/profile/default/bin/terraform tf_provider_addr=registry.terraform.io/hashicorp/zitadel
2025-11-12T10:08:49.308+0700 [DEBUG] sdk.helper_resource: Started tfprotov6 provider instance server: test_step_number=5 test_name=TestAccActionExecution_Response test_terraform_path=/Users/mridang/Code/zitadel/terraform-provider-zitadel/.devbox/nix/profile/default/bin/terraform test_working_directory=/var/folders/zb/bthr58b10pg5xj_pbtlb4jzc0000gn/T/plugintest1905966558 tf_provider_addr=registry.terraform.io/hashicorp/zitadel
2025-11-12T10:08:49.350+0700 [DEBUG] sdk.framework: Calling provider defined Type Validate: tf_rpc=ValidateProviderConfig tf_mux_provider="*proto6server.Server" tf_attribute_path=jwt_profile_file tf_provider_addr=registry.terraform.io/hashicorp/zitadel tf_req_id=3b7ab61c-66f0-4b99-7e5a-980701be2b22
2025-11-12T10:08:49.350+0700 [DEBUG] sdk.framework: Called provider defined Type Validate: tf_attribute_path=jwt_profile_file tf_provider_addr=registry.terraform.io/hashicorp/zitadel tf_req_id=3b7ab61c-66f0-4b99-7e5a-980701be2b22 tf_rpc=ValidateProviderConfig tf_mux_provider="*proto6server.Server"
2025-11-12T10:08:49.350+0700 [DEBUG] sdk.framework: Calling provider defined Type Validate: tf_rpc=ValidateProviderConfig tf_attribute_path=jwt_profile_json tf_mux_provider="*proto6server.Server" tf_provider_addr=registry.terraform.io/hashicorp/zitadel tf_req_id=3b7ab61c-66f0-4b99-7e5a-980701be2b22
2025-11-12T10:08:49.350+0700 [DEBUG] sdk.framework: Called provider defined Type Validate: tf_rpc=ValidateProviderConfig tf_attribute_path=jwt_profile_json tf_mux_provider="*proto6server.Server" tf_provider_addr=registry.terraform.io/hashicorp/zitadel tf_req_id=3b7ab61c-66f0-4b99-7e5a-980701be2b22
2025-11-12T10:08:49.350+0700 [DEBUG] sdk.framework: Calling provider defined Type Validate: tf_attribute_path=port tf_provider_addr=registry.terraform.io/hashicorp/zitadel tf_req_id=3b7ab61c-66f0-4b99-7e5a-980701be2b22 tf_rpc=ValidateProviderConfig tf_mux_provider="*proto6server.Server"
2025-11-12T10:08:49.350+0700 [DEBUG] sdk.framework: Called provider defined Type Validate: tf_attribute_path=port tf_provider_addr=registry.terraform.io/hashicorp/zitadel tf_req_id=3b7ab61c-66f0-4b99-7e5a-980701be2b22 tf_rpc=ValidateProviderConfig tf_mux_provider="*proto6server.Server"
2025-11-12T10:08:49.350+0700 [DEBUG] sdk.framework: Calling provider defined Type Validate: tf_rpc=ValidateProviderConfig tf_mux_provider="*proto6server.Server" tf_attribute_path=domain tf_provider_addr=registry.terraform.io/hashicorp/zitadel tf_req_id=3b7ab61c-66f0-4b99-7e5a-980701be2b22
2025-11-12T10:08:49.350+0700 [DEBUG] sdk.framework: Called provider defined Type Validate: tf_mux_provider="*proto6server.Server" tf_attribute_path=domain tf_provider_addr=registry.terraform.io/hashicorp/zitadel tf_req_id=3b7ab61c-66f0-4b99-7e5a-980701be2b22 tf_rpc=ValidateProviderConfig
2025-11-12T10:08:49.350+0700 [DEBUG] sdk.framework: Calling provider defined Type Validate: tf_provider_addr=registry.terraform.io/hashicorp/zitadel tf_req_id=3b7ab61c-66f0-4b99-7e5a-980701be2b22 tf_rpc=ValidateProviderConfig tf_mux_provider="*proto6server.Server" tf_attribute_path=insecure
2025-11-12T10:08:49.350+0700 [DEBUG] sdk.framework: Called provider defined Type Validate: tf_attribute_path=insecure tf_provider_addr=registry.terraform.io/hashicorp/zitadel tf_req_id=3b7ab61c-66f0-4b99-7e5a-980701be2b22 tf_rpc=ValidateProviderConfig tf_mux_provider="*proto6server.Server"
2025-11-12T10:08:49.350+0700 [DEBUG] sdk.framework: Calling provider defined Type Validate: tf_req_id=3b7ab61c-66f0-4b99-7e5a-980701be2b22 tf_rpc=ValidateProviderConfig tf_mux_provider="*proto6server.Server" tf_attribute_path=token tf_provider_addr=registry.terraform.io/hashicorp/zitadel
2025-11-12T10:08:49.350+0700 [DEBUG] sdk.framework: Called provider defined Type Validate: tf_rpc=ValidateProviderConfig tf_mux_provider="*proto6server.Server" tf_attribute_path=token tf_provider_addr=registry.terraform.io/hashicorp/zitadel tf_req_id=3b7ab61c-66f0-4b99-7e5a-980701be2b22
2025-11-12T10:08:49.350+0700 [DEBUG] sdk.framework: Calling provider defined Type Validate: tf_attribute_path=jwt_file tf_provider_addr=registry.terraform.io/hashicorp/zitadel tf_req_id=3b7ab61c-66f0-4b99-7e5a-980701be2b22 tf_rpc=ValidateProviderConfig tf_mux_provider="*proto6server.Server"
2025-11-12T10:08:49.350+0700 [DEBUG] sdk.framework: Called provider defined Type Validate: tf_provider_addr=registry.terraform.io/hashicorp/zitadel tf_req_id=3b7ab61c-66f0-4b99-7e5a-980701be2b22 tf_rpc=ValidateProviderConfig tf_mux_provider="*proto6server.Server" tf_attribute_path=jwt_file
2025-11-12T10:08:49.351+0700 [DEBUG] sdk.framework: Calling provider defined Provider Configure: tf_rpc=ConfigureProvider tf_mux_provider="*proto6server.Server" tf_req_id=11ce45ec-c306-666f-c848-6faeab4a6655 tf_provider_addr=registry.terraform.io/hashicorp/zitadel
2025-11-12T10:08:49.351+0700 [DEBUG] sdk.framework: Called provider defined Provider Configure: tf_mux_provider="*proto6server.Server" tf_req_id=11ce45ec-c306-666f-c848-6faeab4a6655 tf_provider_addr=registry.terraform.io/hashicorp/zitadel tf_rpc=ConfigureProvider
2025-11-12T10:08:49.351+0700 [WARN]  sdk.helper_schema: Previously configured provider being re-configured. This can cause issues in concurrent testing if the configurations are not equal.: tf_mux_provider=tf5to6server.v5tov6Server tf_req_id=11ce45ec-c306-666f-c848-6faeab4a6655 tf_provider_addr=registry.terraform.io/hashicorp/zitadel tf_rpc=ConfigureProvider
2025-11-12T10:08:49.352+0700 [INFO]  zitadel: started read: tf_rpc=ReadResource tf_req_id=923f0ad0-56a4-4ec6-adb6-2f64488868f1 tf_provider_addr=registry.terraform.io/hashicorp/zitadel tf_mux_provider=tf5to6server.v5tov6Server tf_resource_type=zitadel_action_execution_response
2025-11-12T10:08:49.368+0700 [DEBUG] sdk.helper_resource: Stopping providers: test_working_directory=/var/folders/zb/bthr58b10pg5xj_pbtlb4jzc0000gn/T/plugintest1905966558 test_step_number=5 test_name=TestAccActionExecution_Response test_terraform_path=/Users/mridang/Code/zitadel/terraform-provider-zitadel/.devbox/nix/profile/default/bin/terraform
2025-11-12T10:08:49.369+0700 [DEBUG] sdk.helper_resource: Creating tfprotov6 provider instance: test_working_directory=/var/folders/zb/bthr58b10pg5xj_pbtlb4jzc0000gn/T/plugintest1905966558 test_step_number=5 tf_provider_addr=registry.terraform.io/hashicorp/zitadel test_name=TestAccActionExecution_Response test_terraform_path=/Users/mridang/Code/zitadel/terraform-provider-zitadel/.devbox/nix/profile/default/bin/terraform
2025-11-12T10:08:49.370+0700 [DEBUG] sdk.helper_resource: Created tfprotov6 provider instance: test_step_number=5 test_name=TestAccActionExecution_Response test_terraform_path=/Users/mridang/Code/zitadel/terraform-provider-zitadel/.devbox/nix/profile/default/bin/terraform tf_provider_addr=registry.terraform.io/hashicorp/zitadel test_working_directory=/var/folders/zb/bthr58b10pg5xj_pbtlb4jzc0000gn/T/plugintest1905966558
2025-11-12T10:08:49.370+0700 [DEBUG] sdk.helper_resource: Starting tfprotov6 provider instance server: tf_provider_addr=registry.terraform.io/hashicorp/zitadel test_working_directory=/var/folders/zb/bthr58b10pg5xj_pbtlb4jzc0000gn/T/plugintest1905966558 test_step_number=5 test_name=TestAccActionExecution_Response test_terraform_path=/Users/mridang/Code/zitadel/terraform-provider-zitadel/.devbox/nix/profile/default/bin/terraform
2025-11-12T10:08:49.370+0700 [DEBUG] sdk.helper_resource: Started tfprotov6 provider instance server: test_working_directory=/var/folders/zb/bthr58b10pg5xj_pbtlb4jzc0000gn/T/plugintest1905966558 test_step_number=5 test_name=TestAccActionExecution_Response test_terraform_path=/Users/mridang/Code/zitadel/terraform-provider-zitadel/.devbox/nix/profile/default/bin/terraform tf_provider_addr=registry.terraform.io/hashicorp/zitadel
2025-11-12T10:08:49.405+0700 [DEBUG] sdk.helper_resource: Stopping providers: test_working_directory=/var/folders/zb/bthr58b10pg5xj_pbtlb4jzc0000gn/T/plugintest1905966558 test_step_number=5 test_name=TestAccActionExecution_Response test_terraform_path=/Users/mridang/Code/zitadel/terraform-provider-zitadel/.devbox/nix/profile/default/bin/terraform
2025-11-12T10:08:49.405+0700 [DEBUG] sdk.helper_resource: Finished TestStep: test_working_directory=/var/folders/zb/bthr58b10pg5xj_pbtlb4jzc0000gn/T/plugintest1905966558 test_step_number=5 test_name=TestAccActionExecution_Response test_terraform_path=/Users/mridang/Code/zitadel/terraform-provider-zitadel/.devbox/nix/profile/default/bin/terraform
2025-11-12T10:08:49.405+0700 [DEBUG] sdk.helper_resource: Creating tfprotov6 provider instance: test_working_directory=/var/folders/zb/bthr58b10pg5xj_pbtlb4jzc0000gn/T/plugintest1905966558 test_step_number=5 test_name=TestAccActionExecution_Response test_terraform_path=/Users/mridang/Code/zitadel/terraform-provider-zitadel/.devbox/nix/profile/default/bin/terraform tf_provider_addr=registry.terraform.io/hashicorp/zitadel
2025-11-12T10:08:49.407+0700 [DEBUG] sdk.helper_resource: Created tfprotov6 provider instance: test_working_directory=/var/folders/zb/bthr58b10pg5xj_pbtlb4jzc0000gn/T/plugintest1905966558 test_step_number=5 test_name=TestAccActionExecution_Response test_terraform_path=/Users/mridang/Code/zitadel/terraform-provider-zitadel/.devbox/nix/profile/default/bin/terraform tf_provider_addr=registry.terraform.io/hashicorp/zitadel
2025-11-12T10:08:49.407+0700 [DEBUG] sdk.helper_resource: Starting tfprotov6 provider instance server: test_step_number=5 test_name=TestAccActionExecution_Response test_terraform_path=/Users/mridang/Code/zitadel/terraform-provider-zitadel/.devbox/nix/profile/default/bin/terraform tf_provider_addr=registry.terraform.io/hashicorp/zitadel test_working_directory=/var/folders/zb/bthr58b10pg5xj_pbtlb4jzc0000gn/T/plugintest1905966558
2025-11-12T10:08:49.407+0700 [DEBUG] sdk.helper_resource: Started tfprotov6 provider instance server: test_terraform_path=/Users/mridang/Code/zitadel/terraform-provider-zitadel/.devbox/nix/profile/default/bin/terraform test_working_directory=/var/folders/zb/bthr58b10pg5xj_pbtlb4jzc0000gn/T/plugintest1905966558 test_step_number=5 tf_provider_addr=registry.terraform.io/hashicorp/zitadel test_name=TestAccActionExecution_Response
2025-11-12T10:08:49.440+0700 [DEBUG] sdk.helper_resource: Stopping providers: test_terraform_path=/Users/mridang/Code/zitadel/terraform-provider-zitadel/.devbox/nix/profile/default/bin/terraform test_working_directory=/var/folders/zb/bthr58b10pg5xj_pbtlb4jzc0000gn/T/plugintest1905966558 test_step_number=5 test_name=TestAccActionExecution_Response
2025-11-12T10:08:49.440+0700 [DEBUG] sdk.helper_resource: Creating tfprotov6 provider instance: test_step_number=5 test_name=TestAccActionExecution_Response test_terraform_path=/Users/mridang/Code/zitadel/terraform-provider-zitadel/.devbox/nix/profile/default/bin/terraform tf_provider_addr=registry.terraform.io/hashicorp/zitadel test_working_directory=/var/folders/zb/bthr58b10pg5xj_pbtlb4jzc0000gn/T/plugintest1905966558
2025-11-12T10:08:49.443+0700 [DEBUG] sdk.helper_resource: Created tfprotov6 provider instance: tf_provider_addr=registry.terraform.io/hashicorp/zitadel test_working_directory=/var/folders/zb/bthr58b10pg5xj_pbtlb4jzc0000gn/T/plugintest1905966558 test_step_number=5 test_name=TestAccActionExecution_Response test_terraform_path=/Users/mridang/Code/zitadel/terraform-provider-zitadel/.devbox/nix/profile/default/bin/terraform
2025-11-12T10:08:49.443+0700 [DEBUG] sdk.helper_resource: Starting tfprotov6 provider instance server: test_working_directory=/var/folders/zb/bthr58b10pg5xj_pbtlb4jzc0000gn/T/plugintest1905966558 test_step_number=5 test_name=TestAccActionExecution_Response test_terraform_path=/Users/mridang/Code/zitadel/terraform-provider-zitadel/.devbox/nix/profile/default/bin/terraform tf_provider_addr=registry.terraform.io/hashicorp/zitadel
2025-11-12T10:08:49.443+0700 [DEBUG] sdk.helper_resource: Started tfprotov6 provider instance server: test_working_directory=/var/folders/zb/bthr58b10pg5xj_pbtlb4jzc0000gn/T/plugintest1905966558 test_step_number=5 test_name=TestAccActionExecution_Response test_terraform_path=/Users/mridang/Code/zitadel/terraform-provider-zitadel/.devbox/nix/profile/default/bin/terraform tf_provider_addr=registry.terraform.io/hashicorp/zitadel
2025-11-12T10:08:49.483+0700 [DEBUG] sdk.framework: Calling provider defined Type Validate: tf_mux_provider="*proto6server.Server" tf_provider_addr=registry.terraform.io/hashicorp/zitadel tf_rpc=ValidateProviderConfig tf_req_id=911619a0-ddd0-3f70-5a28-865c47c2bb70 tf_attribute_path=jwt_file
2025-11-12T10:08:49.483+0700 [DEBUG] sdk.framework: Called provider defined Type Validate: tf_req_id=911619a0-ddd0-3f70-5a28-865c47c2bb70 tf_attribute_path=jwt_file tf_mux_provider="*proto6server.Server" tf_provider_addr=registry.terraform.io/hashicorp/zitadel tf_rpc=ValidateProviderConfig
2025-11-12T10:08:49.483+0700 [DEBUG] sdk.framework: Calling provider defined Type Validate: tf_mux_provider="*proto6server.Server" tf_provider_addr=registry.terraform.io/hashicorp/zitadel tf_rpc=ValidateProviderConfig tf_attribute_path=jwt_profile_file tf_req_id=911619a0-ddd0-3f70-5a28-865c47c2bb70
2025-11-12T10:08:49.483+0700 [DEBUG] sdk.framework: Called provider defined Type Validate: tf_rpc=ValidateProviderConfig tf_attribute_path=jwt_profile_file tf_req_id=911619a0-ddd0-3f70-5a28-865c47c2bb70 tf_mux_provider="*proto6server.Server" tf_provider_addr=registry.terraform.io/hashicorp/zitadel
2025-11-12T10:08:49.483+0700 [DEBUG] sdk.framework: Calling provider defined Type Validate: tf_rpc=ValidateProviderConfig tf_req_id=911619a0-ddd0-3f70-5a28-865c47c2bb70 tf_mux_provider="*proto6server.Server" tf_provider_addr=registry.terraform.io/hashicorp/zitadel tf_attribute_path=jwt_profile_json
2025-11-12T10:08:49.484+0700 [DEBUG] sdk.framework: Called provider defined Type Validate: tf_rpc=ValidateProviderConfig tf_req_id=911619a0-ddd0-3f70-5a28-865c47c2bb70 tf_mux_provider="*proto6server.Server" tf_provider_addr=registry.terraform.io/hashicorp/zitadel tf_attribute_path=jwt_profile_json
2025-11-12T10:08:49.484+0700 [DEBUG] sdk.framework: Calling provider defined Type Validate: tf_req_id=911619a0-ddd0-3f70-5a28-865c47c2bb70 tf_mux_provider="*proto6server.Server" tf_provider_addr=registry.terraform.io/hashicorp/zitadel tf_rpc=ValidateProviderConfig tf_attribute_path=port
2025-11-12T10:08:49.484+0700 [DEBUG] sdk.framework: Called provider defined Type Validate: tf_req_id=911619a0-ddd0-3f70-5a28-865c47c2bb70 tf_mux_provider="*proto6server.Server" tf_provider_addr=registry.terraform.io/hashicorp/zitadel tf_rpc=ValidateProviderConfig tf_attribute_path=port
2025-11-12T10:08:49.484+0700 [DEBUG] sdk.framework: Calling provider defined Type Validate: tf_mux_provider="*proto6server.Server" tf_provider_addr=registry.terraform.io/hashicorp/zitadel tf_rpc=ValidateProviderConfig tf_attribute_path=domain tf_req_id=911619a0-ddd0-3f70-5a28-865c47c2bb70
2025-11-12T10:08:49.484+0700 [DEBUG] sdk.framework: Called provider defined Type Validate: tf_req_id=911619a0-ddd0-3f70-5a28-865c47c2bb70 tf_mux_provider="*proto6server.Server" tf_provider_addr=registry.terraform.io/hashicorp/zitadel tf_rpc=ValidateProviderConfig tf_attribute_path=domain
2025-11-12T10:08:49.484+0700 [DEBUG] sdk.framework: Calling provider defined Type Validate: tf_req_id=911619a0-ddd0-3f70-5a28-865c47c2bb70 tf_mux_provider="*proto6server.Server" tf_provider_addr=registry.terraform.io/hashicorp/zitadel tf_rpc=ValidateProviderConfig tf_attribute_path=insecure
2025-11-12T10:08:49.484+0700 [DEBUG] sdk.framework: Called provider defined Type Validate: tf_attribute_path=insecure tf_req_id=911619a0-ddd0-3f70-5a28-865c47c2bb70 tf_mux_provider="*proto6server.Server" tf_provider_addr=registry.terraform.io/hashicorp/zitadel tf_rpc=ValidateProviderConfig
2025-11-12T10:08:49.484+0700 [DEBUG] sdk.framework: Calling provider defined Type Validate: tf_provider_addr=registry.terraform.io/hashicorp/zitadel tf_rpc=ValidateProviderConfig tf_attribute_path=token tf_req_id=911619a0-ddd0-3f70-5a28-865c47c2bb70 tf_mux_provider="*proto6server.Server"
2025-11-12T10:08:49.484+0700 [DEBUG] sdk.framework: Called provider defined Type Validate: tf_attribute_path=token tf_req_id=911619a0-ddd0-3f70-5a28-865c47c2bb70 tf_mux_provider="*proto6server.Server" tf_provider_addr=registry.terraform.io/hashicorp/zitadel tf_rpc=ValidateProviderConfig
2025-11-12T10:08:49.489+0700 [DEBUG] sdk.framework: Calling provider defined Type Validate: tf_rpc=ValidateProviderConfig tf_provider_addr=registry.terraform.io/hashicorp/zitadel tf_req_id=4050e3d2-d094-525a-50dd-7b6c2f54e081 tf_mux_provider="*proto6server.Server" tf_attribute_path=token
2025-11-12T10:08:49.489+0700 [DEBUG] sdk.framework: Called provider defined Type Validate: tf_req_id=4050e3d2-d094-525a-50dd-7b6c2f54e081 tf_mux_provider="*proto6server.Server" tf_attribute_path=token tf_rpc=ValidateProviderConfig tf_provider_addr=registry.terraform.io/hashicorp/zitadel
2025-11-12T10:08:49.489+0700 [DEBUG] sdk.framework: Calling provider defined Type Validate: tf_attribute_path=jwt_file tf_rpc=ValidateProviderConfig tf_provider_addr=registry.terraform.io/hashicorp/zitadel tf_req_id=4050e3d2-d094-525a-50dd-7b6c2f54e081 tf_mux_provider="*proto6server.Server"
2025-11-12T10:08:49.489+0700 [DEBUG] sdk.framework: Called provider defined Type Validate: tf_mux_provider="*proto6server.Server" tf_attribute_path=jwt_file tf_rpc=ValidateProviderConfig tf_provider_addr=registry.terraform.io/hashicorp/zitadel tf_req_id=4050e3d2-d094-525a-50dd-7b6c2f54e081
2025-11-12T10:08:49.489+0700 [DEBUG] sdk.framework: Calling provider defined Type Validate: tf_provider_addr=registry.terraform.io/hashicorp/zitadel tf_req_id=4050e3d2-d094-525a-50dd-7b6c2f54e081 tf_mux_provider="*proto6server.Server" tf_rpc=ValidateProviderConfig tf_attribute_path=jwt_profile_file
2025-11-12T10:08:49.489+0700 [DEBUG] sdk.framework: Called provider defined Type Validate: tf_req_id=4050e3d2-d094-525a-50dd-7b6c2f54e081 tf_mux_provider="*proto6server.Server" tf_rpc=ValidateProviderConfig tf_attribute_path=jwt_profile_file tf_provider_addr=registry.terraform.io/hashicorp/zitadel
2025-11-12T10:08:49.489+0700 [DEBUG] sdk.framework: Calling provider defined Type Validate: tf_req_id=4050e3d2-d094-525a-50dd-7b6c2f54e081 tf_mux_provider="*proto6server.Server" tf_attribute_path=jwt_profile_json tf_rpc=ValidateProviderConfig tf_provider_addr=registry.terraform.io/hashicorp/zitadel
2025-11-12T10:08:49.489+0700 [DEBUG] sdk.framework: Called provider defined Type Validate: tf_provider_addr=registry.terraform.io/hashicorp/zitadel tf_req_id=4050e3d2-d094-525a-50dd-7b6c2f54e081 tf_mux_provider="*proto6server.Server" tf_attribute_path=jwt_profile_json tf_rpc=ValidateProviderConfig
2025-11-12T10:08:49.489+0700 [DEBUG] sdk.framework: Calling provider defined Type Validate: tf_mux_provider="*proto6server.Server" tf_rpc=ValidateProviderConfig tf_attribute_path=port tf_provider_addr=registry.terraform.io/hashicorp/zitadel tf_req_id=4050e3d2-d094-525a-50dd-7b6c2f54e081
2025-11-12T10:08:49.489+0700 [DEBUG] sdk.framework: Called provider defined Type Validate: tf_rpc=ValidateProviderConfig tf_attribute_path=port tf_provider_addr=registry.terraform.io/hashicorp/zitadel tf_req_id=4050e3d2-d094-525a-50dd-7b6c2f54e081 tf_mux_provider="*proto6server.Server"
2025-11-12T10:08:49.489+0700 [DEBUG] sdk.framework: Calling provider defined Type Validate: tf_provider_addr=registry.terraform.io/hashicorp/zitadel tf_req_id=4050e3d2-d094-525a-50dd-7b6c2f54e081 tf_mux_provider="*proto6server.Server" tf_attribute_path=domain tf_rpc=ValidateProviderConfig
2025-11-12T10:08:49.489+0700 [DEBUG] sdk.framework: Called provider defined Type Validate: tf_rpc=ValidateProviderConfig tf_provider_addr=registry.terraform.io/hashicorp/zitadel tf_req_id=4050e3d2-d094-525a-50dd-7b6c2f54e081 tf_mux_provider="*proto6server.Server" tf_attribute_path=domain
2025-11-12T10:08:49.489+0700 [DEBUG] sdk.framework: Calling provider defined Type Validate: tf_rpc=ValidateProviderConfig tf_provider_addr=registry.terraform.io/hashicorp/zitadel tf_req_id=4050e3d2-d094-525a-50dd-7b6c2f54e081 tf_attribute_path=insecure tf_mux_provider="*proto6server.Server"
2025-11-12T10:08:49.489+0700 [DEBUG] sdk.framework: Called provider defined Type Validate: tf_attribute_path=insecure tf_mux_provider="*proto6server.Server" tf_rpc=ValidateProviderConfig tf_provider_addr=registry.terraform.io/hashicorp/zitadel tf_req_id=4050e3d2-d094-525a-50dd-7b6c2f54e081
2025-11-12T10:08:49.490+0700 [DEBUG] sdk.framework: Calling provider defined Provider Configure: tf_provider_addr=registry.terraform.io/hashicorp/zitadel tf_rpc=ConfigureProvider tf_req_id=18c4576d-e60d-c44c-203e-86322ab7df72 tf_mux_provider="*proto6server.Server"
2025-11-12T10:08:49.490+0700 [DEBUG] sdk.framework: Called provider defined Provider Configure: tf_provider_addr=registry.terraform.io/hashicorp/zitadel tf_rpc=ConfigureProvider tf_req_id=18c4576d-e60d-c44c-203e-86322ab7df72 tf_mux_provider="*proto6server.Server"
2025-11-12T10:08:49.490+0700 [WARN]  sdk.helper_schema: Previously configured provider being re-configured. This can cause issues in concurrent testing if the configurations are not equal.: tf_rpc=ConfigureProvider tf_req_id=18c4576d-e60d-c44c-203e-86322ab7df72 tf_mux_provider=tf5to6server.v5tov6Server tf_provider_addr=registry.terraform.io/hashicorp/zitadel
2025-11-12T10:08:49.497+0700 [DEBUG] sdk.framework: Calling provider defined Type Validate: tf_req_id=cc5a2cce-a97b-57ba-d7b6-914f9f4951a8 tf_provider_addr=registry.terraform.io/hashicorp/zitadel tf_rpc=ValidateProviderConfig tf_mux_provider="*proto6server.Server" tf_attribute_path=domain
2025-11-12T10:08:49.497+0700 [DEBUG] sdk.framework: Called provider defined Type Validate: tf_req_id=cc5a2cce-a97b-57ba-d7b6-914f9f4951a8 tf_provider_addr=registry.terraform.io/hashicorp/zitadel tf_rpc=ValidateProviderConfig tf_mux_provider="*proto6server.Server" tf_attribute_path=domain
2025-11-12T10:08:49.497+0700 [DEBUG] sdk.framework: Calling provider defined Type Validate: tf_rpc=ValidateProviderConfig tf_mux_provider="*proto6server.Server" tf_req_id=cc5a2cce-a97b-57ba-d7b6-914f9f4951a8 tf_attribute_path=insecure tf_provider_addr=registry.terraform.io/hashicorp/zitadel
2025-11-12T10:08:49.497+0700 [DEBUG] sdk.framework: Called provider defined Type Validate: tf_provider_addr=registry.terraform.io/hashicorp/zitadel tf_rpc=ValidateProviderConfig tf_mux_provider="*proto6server.Server" tf_req_id=cc5a2cce-a97b-57ba-d7b6-914f9f4951a8 tf_attribute_path=insecure
2025-11-12T10:08:49.497+0700 [DEBUG] sdk.framework: Calling provider defined Type Validate: tf_mux_provider="*proto6server.Server" tf_req_id=cc5a2cce-a97b-57ba-d7b6-914f9f4951a8 tf_provider_addr=registry.terraform.io/hashicorp/zitadel tf_attribute_path=token tf_rpc=ValidateProviderConfig
2025-11-12T10:08:49.497+0700 [DEBUG] sdk.framework: Called provider defined Type Validate: tf_req_id=cc5a2cce-a97b-57ba-d7b6-914f9f4951a8 tf_provider_addr=registry.terraform.io/hashicorp/zitadel tf_attribute_path=token tf_rpc=ValidateProviderConfig tf_mux_provider="*proto6server.Server"
2025-11-12T10:08:49.497+0700 [DEBUG] sdk.framework: Calling provider defined Type Validate: tf_rpc=ValidateProviderConfig tf_mux_provider="*proto6server.Server" tf_attribute_path=jwt_file tf_req_id=cc5a2cce-a97b-57ba-d7b6-914f9f4951a8 tf_provider_addr=registry.terraform.io/hashicorp/zitadel
2025-11-12T10:08:49.497+0700 [DEBUG] sdk.framework: Called provider defined Type Validate: tf_mux_provider="*proto6server.Server" tf_attribute_path=jwt_file tf_req_id=cc5a2cce-a97b-57ba-d7b6-914f9f4951a8 tf_provider_addr=registry.terraform.io/hashicorp/zitadel tf_rpc=ValidateProviderConfig
2025-11-12T10:08:49.497+0700 [DEBUG] sdk.framework: Calling provider defined Type Validate: tf_req_id=cc5a2cce-a97b-57ba-d7b6-914f9f4951a8 tf_provider_addr=registry.terraform.io/hashicorp/zitadel tf_rpc=ValidateProviderConfig tf_mux_provider="*proto6server.Server" tf_attribute_path=jwt_profile_file
2025-11-12T10:08:49.497+0700 [DEBUG] sdk.framework: Called provider defined Type Validate: tf_req_id=cc5a2cce-a97b-57ba-d7b6-914f9f4951a8 tf_provider_addr=registry.terraform.io/hashicorp/zitadel tf_rpc=ValidateProviderConfig tf_mux_provider="*proto6server.Server" tf_attribute_path=jwt_profile_file
2025-11-12T10:08:49.497+0700 [DEBUG] sdk.framework: Calling provider defined Type Validate: tf_mux_provider="*proto6server.Server" tf_req_id=cc5a2cce-a97b-57ba-d7b6-914f9f4951a8 tf_attribute_path=jwt_profile_json tf_provider_addr=registry.terraform.io/hashicorp/zitadel tf_rpc=ValidateProviderConfig
2025-11-12T10:08:49.497+0700 [DEBUG] sdk.framework: Called provider defined Type Validate: tf_attribute_path=jwt_profile_json tf_provider_addr=registry.terraform.io/hashicorp/zitadel tf_rpc=ValidateProviderConfig tf_mux_provider="*proto6server.Server" tf_req_id=cc5a2cce-a97b-57ba-d7b6-914f9f4951a8
2025-11-12T10:08:49.497+0700 [DEBUG] sdk.framework: Calling provider defined Type Validate: tf_attribute_path=port tf_mux_provider="*proto6server.Server" tf_req_id=cc5a2cce-a97b-57ba-d7b6-914f9f4951a8 tf_provider_addr=registry.terraform.io/hashicorp/zitadel tf_rpc=ValidateProviderConfig
2025-11-12T10:08:49.497+0700 [DEBUG] sdk.framework: Called provider defined Type Validate: tf_mux_provider="*proto6server.Server" tf_req_id=cc5a2cce-a97b-57ba-d7b6-914f9f4951a8 tf_provider_addr=registry.terraform.io/hashicorp/zitadel tf_rpc=ValidateProviderConfig tf_attribute_path=port
2025-11-12T10:08:49.498+0700 [DEBUG] sdk.framework: Calling provider defined Provider Configure: tf_rpc=ConfigureProvider tf_req_id=77b68abb-a01b-21ac-441e-15c7eea0d71a tf_mux_provider="*proto6server.Server" tf_provider_addr=registry.terraform.io/hashicorp/zitadel
2025-11-12T10:08:49.498+0700 [DEBUG] sdk.framework: Called provider defined Provider Configure: tf_req_id=77b68abb-a01b-21ac-441e-15c7eea0d71a tf_mux_provider="*proto6server.Server" tf_provider_addr=registry.terraform.io/hashicorp/zitadel tf_rpc=ConfigureProvider
2025-11-12T10:08:49.498+0700 [WARN]  sdk.helper_schema: Previously configured provider being re-configured. This can cause issues in concurrent testing if the configurations are not equal.: tf_rpc=ConfigureProvider tf_req_id=77b68abb-a01b-21ac-441e-15c7eea0d71a tf_mux_provider=tf5to6server.v5tov6Server tf_provider_addr=registry.terraform.io/hashicorp/zitadel
2025-11-12T10:08:49.499+0700 [INFO]  zitadel: started delete: tf_rpc=ApplyResourceChange tf_mux_provider=tf5to6server.v5tov6Server tf_provider_addr=registry.terraform.io/hashicorp/zitadel tf_req_id=082abb2c-7ff5-ff35-14ec-68cc09ac9d4f tf_resource_type=zitadel_action_execution_response
2025-11-12T10:08:49.515+0700 [INFO]  zitadel: started delete: tf_rpc=ApplyResourceChange tf_req_id=0172e55f-a349-f1a6-50e6-e0e08cf2f4b2 tf_resource_type=zitadel_action_target tf_mux_provider=tf5to6server.v5tov6Server tf_provider_addr=registry.terraform.io/hashicorp/zitadel
2025-11-12T10:08:49.515+0700 [INFO]  zitadel: started delete: tf_mux_provider=tf5to6server.v5tov6Server tf_provider_addr=registry.terraform.io/hashicorp/zitadel tf_rpc=ApplyResourceChange tf_resource_type=zitadel_action_target tf_req_id=e18519c6-5cf2-0f5d-182a-a31de49db5f4
2025-11-12T10:08:49.539+0700 [DEBUG] sdk.helper_resource: Stopping providers: test_step_number=5 test_name=TestAccActionExecution_Response test_terraform_path=/Users/mridang/Code/zitadel/terraform-provider-zitadel/.devbox/nix/profile/default/bin/terraform test_working_directory=/var/folders/zb/bthr58b10pg5xj_pbtlb4jzc0000gn/T/plugintest1905966558
2025-11-12T10:08:49.539+0700 [DEBUG] sdk.helper_resource: Calling TestCase CheckDestroy: test_name=TestAccActionExecution_Response test_terraform_path=/Users/mridang/Code/zitadel/terraform-provider-zitadel/.devbox/nix/profile/default/bin/terraform test_working_directory=/var/folders/zb/bthr58b10pg5xj_pbtlb4jzc0000gn/T/plugintest1905966558 test_step_number=5
2025-11-12T10:08:49.543+0700 [DEBUG] sdk.helper_resource: Called TestCase CheckDestroy: test_name=TestAccActionExecution_Response test_terraform_path=/Users/mridang/Code/zitadel/terraform-provider-zitadel/.devbox/nix/profile/default/bin/terraform test_working_directory=/var/folders/zb/bthr58b10pg5xj_pbtlb4jzc0000gn/T/plugintest1905966558 test_step_number=5
2025-11-12T10:08:49.544+0700 [DEBUG] sdk.helper_resource: Finished TestCase: test_name=TestAccActionExecution_Response
--- PASS: TestAccActionExecution_Response (6.52s)
PASS
ok  	github.com/zitadel/terraform-provider-zitadel/v2/zitadel/action_execution_response	7.014s
